<html>
<body>
<pre>
<h1>µVision Build Log</h1>
<h2>Tool Versions:</h2>
IDE-Version: µVision V5.43.1.0
Copyright (C) 2025 ARM Ltd and ARM Germany GmbH. All rights reserved.
License Information: Saurabh Lenovo, abc, LIC=03C6R-KKL63-WF2I7-EWCLE-RR772-ZJXLK
 
Tool Versions:
Toolchain:       MDK-ARM Plus  Version: 5.43.0.0
Toolchain Path:  C:\Keil_v5\ARM\ARM_Compiler_5.06u7\Bin
C Compiler:      Armcc.exe V5.06 update 7 (build 960)
Assembler:       Armasm.exe V5.06 update 7 (build 960)
Linker/Locator:  ArmLink.exe V5.06 update 7 (build 960)
Library Manager: ArmAr.exe V5.06 update 7 (build 960)
Hex Converter:   FromElf.exe V5.06 update 7 (build 960)
CPU DLL:         SARMCM3.DLL V5.43.0.0
Dialog DLL:      DARMCM1.DLL V1.19.6.0
Target DLL:      UL2CM3.DLL V1.164.16.0
Dialog DLL:      TARMCM1.DLL V1.14.6.0
 
<h2>Project:</h2>
D:\Silergy\src\SY7T108\projects\demo_dlms\ARM_keil\SY7T108_1p2w_shunt_ct_dlms_1.uvprojx
Project File Date:  07/08/2026

<h2>Output:</h2>
*** Using Compiler 'V5.06 update 7 (build 960)', folder: 'C:\Keil_v5\ARM\ARM_Compiler_5.06u7\Bin'
Rebuild target 'Target 1'
assembling startup_SY7T108_keil.s...
compiling system_SY7T108.c...
compiling bat.c...
compiling ce.c...
compiling delay.c...
compiling dtimer.c...
compiling dtimer0.c...
compiling dtimer1.c...
compiling eeprom_i2c.c...
compiling external_int.c...
compiling flash.c...
compiling gpio.c...
compiling i2c_master.c...
compiling info_block.c...
compiling nvram.c...
compiling opt.c...
compiling pwm0.c...
compiling pwm1.c...
compiling pwrmode.c...
compiling rtc.c...
compiling ser0.c...
compiling ser1.c...
compiling ser2.c...
compiling sspi.c...
compiling systick.c...
compiling timer0.c...
compiling timer1.c...
compiling tmp.c...
compiling tmux.c...
compiling wd.c...
compiling afe_0_1.c...
compiling cal_eeprom.c...
compiling cli_buf.c...
compiling cli_buf_str_en.c...
compiling crc.c...
compiling dst_in.c...
compiling hash_str.c...
compiling log_by_record.c...
compiling mmath.c...
compiling reg_eeprom.c...
..\..\..\..\library\src\reg\reg_eeprom.c(358): warning:  #550-D: variable "reg_idx"  was set but never used
      uint8_t reg_idx;
..\..\..\..\library\src\reg\reg_eeprom.c: 1 warning, 0 errors
compiling sspi0.c...
compiling stmrtc.c...
compiling tamper.c...
compiling time.c...
compiling serc0.c...
compiling autocalceM11a02f.c...
compiling ceM11a02f.c...
compiling main.c...
..\src\main\main.c(619): warning:  #9-D: nested comment is not allowed
                        s_time.tm_subsec = 0;//*/
..\src\main\main.c(1332): warning:  #111-D: statement is unreachable
                                                break;
..\src\main\main.c(1347): warning:  #111-D: statement is unreachable
                                                break;
..\src\main\main.c: 3 warnings, 0 errors
compiling meter_1p2w.c...
..\src\meter\meter_1p2w.c(365): warning:  #177-D: function "meter_in_creep"  was declared but never referenced
  static int meter_in_creep(void)
..\src\meter\meter_1p2w.c: 1 warning, 0 errors
compiling cli_stub.c...
compiling bl_array.c...
compiling Lcd_Approved_LCD_For_Rajasthan.c...
..\src\LCD\Lcd_Approved_LCD_For_Rajasthan.c(244): warning:  #9-D: nested comment is not allowed
                                EEPROM_Test_1=from_eeprom(1234,4);//*/
..\src\LCD\Lcd_Approved_LCD_For_Rajasthan.c: 1 warning, 0 errors
compiling dlmsif.c...
compiling dlmsif_timer.c...
compiling dlms_objects.c...
compiling dlms_variables.c...
compiling dlmsif_dayprofile.c...
compiling dlmsif_instparams.c...
compiling dlmsif_loadsurvey.c...
compiling dlmsif_misc_params.c...
compiling dlmsif_tampers.c...
compiling dlmsif_tou.c...
compiling dlms_utils.c...
compiling dlms_silergy_stubs.c...
compiling asdaq_app.c...
compiling asdaq_variables.c...
linking...
Program Size: Code=99984 RO-data=29916 RW-data=1728 ZI-data=6624  
FromELF: creating hex file...
After Build - User command #1: .\\Objects\\align_hex.bat
D:\Silergy\src\SY7T108\projects\demo_dlms\ARM_keil>CD .\\Objects 
D:\Silergy\src\SY7T108\projects\demo_dlms\ARM_keil\Objects>srec_cat.exe -Disable_Sequence_Warnings SY7T108_1p2w_shunt_ct_dlms_1.hex -Intel -fill 0xff 0x0000 0x200000 -o SY7T108_1p2w_shunt_ct_dlms_1_temp.hex -Intel --address_length=4 --line_length=44 -output_block_size=16 
D:\Silergy\src\SY7T108\projects\demo_dlms\ARM_keil\Objects>srec_cat.exe -Disable_Sequence_Warnings SY7T108_1p2w_shunt_ct_dlms_1_temp.hex -Intel -unfill 0xFF 16 -o SY7T108_1p2w_shunt_ct_dlms_1_aligned.hex -Intel --address_length=4 --line_length=44 -output_block_size=16 
D:\Silergy\src\SY7T108\projects\demo_dlms\ARM_keil\Objects>del SY7T108_1p2w_shunt_ct_dlms_1_temp.hex 
".\Objects\SY7T108_1p2w_shunt_ct_dlms_1.axf" - 0 Error(s), 6 Warning(s).

<h2>Software Packages used:</h2>

Package Vendor: ARM
                https://www.keil.com/pack/ARM.Cortex_DFP.1.1.0.pack
                ARM::Cortex_DFP@1.1.0
                ARM Cortex Reference Subsystems Device Family Pack

<h2>Collection of Component include folders:</h2>
  C:/Keil_v5/ARM/Packs/ARM/Cortex_DFP/1.1.0/Device/ARMCM0/Include

<h2>Collection of Component Files used:</h2>
Build Time Elapsed:  00:00:14
</pre>
</body>
</html>
