


ARM Macro Assembler    Page 1 


    1 00000000         ;/******************************************************
                       ********************//**
    2 00000000         ; * @file     startup_SY7T_M11_keil.s
    3 00000000         ; * @brief    CMSIS Core Device Startup File for
    4 00000000         ; *           SY7T_M11 Device
    5 00000000         ; * @version  V3.05
    6 00000000         ; * @date     4. March 2020
    7 00000000         ; ******************************************************
                       ***********************/
    8 00000000         ;/* Copyright (c) 2011 - 2020 ARM LIMITED, 2020 Silergy 
                       Corp.
    9 00000000         ;
   10 00000000         ;   All rights reserved.
   11 00000000         ;   Redistribution and use in source and binary forms, w
                       ith or without
   12 00000000         ;   modification, are permitted provided that the follow
                       ing conditions are met:
   13 00000000         ;   - Redistributions of source code must retain the abo
                       ve copyright
   14 00000000         ;     notice, this list of conditions and the following 
                       disclaimer.
   15 00000000         ;   - Redistributions in binary form must reproduce the 
                       above copyright
   16 00000000         ;     notice, this list of conditions and the following 
                       disclaimer in the
   17 00000000         ;     documentation and/or other materials provided with
                        the distribution.
   18 00000000         ;   - Neither the name of ARM nor the names of its contr
                       ibutors may be used
   19 00000000         ;     to endorse or promote products derived from this s
                       oftware without
   20 00000000         ;     specific prior written permission.
   21 00000000         ;   *
   22 00000000         ;   THIS SOFTWARE IS PROVIDED BY THE COPYRIGHT HOLDERS A
                       ND CONTRIBUTORS "AS IS"
   23 00000000         ;   AND ANY EXPRESS OR IMPLIED WARRANTIES, INCLUDING, BU
                       T NOT LIMITED TO, THE
   24 00000000         ;   IMPLIED WARRANTIES OF MERCHANTABILITY AND FITNESS FO
                       R A PARTICULAR PURPOSE
   25 00000000         ;   ARE DISCLAIMED. IN NO EVENT SHALL COPYRIGHT HOLDERS 
                       AND CONTRIBUTORS BE
   26 00000000         ;   LIABLE FOR ANY DIRECT, INDIRECT, INCIDENTAL, SPECIAL
                       , EXEMPLARY, OR
   27 00000000         ;   CONSEQUENTIAL DAMAGES (INCLUDING, BUT NOT LIMITED TO
                       , PROCUREMENT OF
   28 00000000         ;   SUBSTITUTE GOODS OR SERVICES; LOSS OF USE, DATA, OR 
                       PROFITS; OR BUSINESS
   29 00000000         ;   INTERRUPTION) HOWEVER CAUSED AND ON ANY THEORY OF LI
                       ABILITY, WHETHER IN
   30 00000000         ;   CONTRACT, STRICT LIABILITY, OR TORT (INCLUDING NEGLI
                       GENCE OR OTHERWISE)
   31 00000000         ;   ARISING IN ANY WAY OUT OF THE USE OF THIS SOFTWARE, 
                       EVEN IF ADVISED OF THE
   32 00000000         ;   POSSIBILITY OF SUCH DAMAGE.
   33 00000000         ;   ----------------------------------------------------
                       ----------------------*/
   34 00000000         ;/*
   35 00000000         ;//-------- <<< Use Configuration Wizard in Context Menu
                        >>> -------------------



ARM Macro Assembler    Page 2 


   36 00000000         ;*/
   37 00000000         
   38 00000000         
   39 00000000         ; <h> Stack Configuration
   40 00000000         ;   <o> Stack Size (in Bytes) <0x0-0xFFFFFFFF:8>
   41 00000000         ; </h>
   42 00000000         
   43 00000000 00000400 
                       Stack_Size
                               EQU              0x00000400
   44 00000000         
   45 00000000                 AREA             STACK, NOINIT, READWRITE, ALIGN
=3
   46 00000000         Stack_Mem
                               SPACE            Stack_Size
   47 00000400         __initial_sp
   48 00000400         
   49 00000400         
   50 00000400         ; <h> Heap Configuration
   51 00000400         ;   <o>  Heap Size (in Bytes) <0x0-0xFFFFFFFF:8>
   52 00000400         ; </h>
   53 00000400         
   54 00000400 00000100 
                       Heap_Size
                               EQU              0x00000100
   55 00000400         
   56 00000400                 AREA             HEAP, NOINIT, READWRITE, ALIGN=
3
   57 00000000         __heap_base
   58 00000000         Heap_Mem
                               SPACE            Heap_Size
   59 00000100         __heap_limit
   60 00000100         
   61 00000100         
   62 00000100                 PRESERVE8
   63 00000100                 THUMB
   64 00000100         
   65 00000100         
   66 00000100         ; Vector Table Mapped to Address 0 at Reset
   67 00000100         
   68 00000100                 AREA             RESET, DATA, READONLY
   69 00000000                 EXPORT           __Vectors
   70 00000000                 EXPORT           __Vectors_End
   71 00000000                 EXPORT           __Vectors_Size
   72 00000000         
   73 00000000 00000000 
                       __Vectors
                               DCD              __initial_sp ; Top of Stack; Lo
                                                            aded at reset.
   74 00000004 00000000        DCD              Reset_Handler ; -15 Reset Handl
                                                            er; Started at rese
                                                            t
   75 00000008 00000000        DCD              NMI_Handler ; -14 NMI Handler; 
                                                            No NMI hardware
   76 0000000C 00000000        DCD              HardFault_Handler ; -13 Hard Fa
                                                            ult Handler
   77 00000010 00000000        DCD              Default_Handler ; All default h
                                                            andlers are reserve
                                                            d



ARM Macro Assembler    Page 3 


   78 00000014 00000000        DCD              Default_Handler ; and unused.
   79 00000018 00000000        DCD              Default_Handler
   80 0000001C 00000000        DCD              Default_Handler
   81 00000020 00000000        DCD              Default_Handler
   82 00000024 00000000        DCD              Default_Handler
   83 00000028 00000000        DCD              Default_Handler
   84 0000002C 00000000        DCD              SVC_Handler ; -5 Supervisor exc
                                                            eption
   85 00000030 00000000        DCD              Default_Handler
   86 00000034 00000000        DCD              Default_Handler
   87 00000038 00000000        DCD              PendSV_Handler ; -2 Supervisor 
                                                            interrupt
   88 0000003C 00000000        DCD              SysTick_Handler ; -1 Periodic i
                                                            nterrupt
   89 00000040         
   90 00000040         ; External Interrupts
   91 00000040 00000000        DCD              UARTRX0_Handler ; 0 UART 0 RX H
                                                            andler
   92 00000044 00000000        DCD              UARTTX0_Handler ; 1 UART 0 TX H
                                                            andler
   93 00000048 00000000        DCD              UARTRX1_Handler ; 2 UART 1 RX H
                                                            andler
   94 0000004C 00000000        DCD              UARTTX1_Handler ; 3 UART 1 TX H
                                                            andler
   95 00000050 00000000        DCD              UARTRX2_Handler ; 4 UART 2 RX H
                                                            andler
   96 00000054 00000000        DCD              UARTTX2_Handler ; 5 UART 2 TX H
                                                            andler
   97 00000058 00000000        DCD              PORT0_Handler ; 6 GPIO Port 0
   98 0000005C 00000000        DCD              PORT1_Handler ; 7 GPIO Port 1
   99 00000060 00000000        DCD              TIMER0_Handler 
                                                            ; 8 TIMER 0 Handler
                                                            
  100 00000064 00000000        DCD              TIMER1_Handler 
                                                            ; 9 TIMER 1 Handler
                                                            
  101 00000068 00000000        DCD              DTIMER_Handler ; 10 Dual timer 
                                                            Handler
  102 0000006C 00000000        DCD              CE_Handler  ; 11 Computing Engi
                                                            ne Handler
  103 00000070 00000000        DCD              UARTOVF0_Handler ; 12 UART 0 Ov
                                                            erflow Handler
  104 00000074 00000000        DCD              UARTOVF1_Handler ; 13 UART 1 Ov
                                                            erflow Handler
  105 00000078 00000000        DCD              UARTOVF2_Handler ; 14 UART 2 Ov
                                                            erflow Handler
  106 0000007C 00000000        DCD              I2C_Handler ; 15 I2C handler
  107 00000080 00000000        DCD              EXT_Handler ; 16 GPIO Port Hand
                                                            ler
  108 00000084 00000000        DCD              FUSE_Handler ; 17 FUSE Parity H
                                                            andler
  109 00000088 00000000        DCD              RTC_Handler ; 18 RTC interrupts
                                                            
  110 0000008C 00000000        DCD              VSTAT_Handler 
                                                            ; 19 VSTAT Handler
  111 00000090 00000000        DCD              SSPI_Handler ; 20 Slave SPI Han
                                                            dler
  112 00000094         ; 21 - 31 Unused, Reserved
  113 00000094 00000000        DCD              Default_Handler



ARM Macro Assembler    Page 4 


  114 00000098 00000000        DCD              Default_Handler
  115 0000009C 00000000        DCD              Default_Handler
  116 000000A0 00000000        DCD              Default_Handler
  117 000000A4 00000000        DCD              Default_Handler
  118 000000A8 00000000        DCD              Default_Handler
  119 000000AC 00000000        DCD              Default_Handler
  120 000000B0 00000000        DCD              Default_Handler
  121 000000B4 00000000        DCD              Default_Handler
  122 000000B8 00000000        DCD              Default_Handler
  123 000000BC 00000000        DCD              Default_Handler
  124 000000C0         __Vectors_End
  125 000000C0         
  126 000000C0 000000C0 
                       __Vectors_Size
                               EQU              __Vectors_End - __Vectors
  127 000000C0         
  128 000000C0                 AREA             |.text|, CODE, READONLY
  129 00000000                 ALIGN
  130 00000000         
  131 00000000         
  132 00000000         ; Reset Handler
  133 00000000         ; It disables interrupts and sets the stack pointer so t
                       hat background
  134 00000000         ; (noninterrupt) code can call it to restart the system.
                       
  135 00000000         ; The long branches (LDR/BLX) avoid link errors if a rou
                       tine is far.
  136 00000000         _start
  137 00000000                 EXPORT           _start                    [WEAK
]
  138 00000000         Reset_Handler
                               PROC
  139 00000000                 EXPORT           Reset_Handler             [WEAK
]
  140 00000000                 IMPORT           SystemInit
  141 00000000                 IMPORT           __main
  142 00000000         
  143 00000000         ; Why disable interrupts?
  144 00000000         ; So this start-up code can be called from non-interrupt
                        code.
  145 00000000 B672            CPSID            I           ; Disable interrupt
                                                            s
  146 00000002 F3BF 8F4F       DSB                          ; Data storage barr
                                                            ier
  147 00000006 F3BF 8F6F       ISB                          ; Synchronization b
                                                            arrier, instruction
                                                            
  148 0000000A         
  149 0000000A         ; Delay until the RAM clock is full speed. 
  150 0000000A 481C            LDR              R0, =30
  151 0000000C 1E40    ram_wait
                               SUBS             R0, R0, #1
  152 0000000E DAFD            BGE              ram_wait
  153 00000010         
  154 00000010         ; Use this code's stack address even with boot code.
  155 00000010 481B            LDR              R0, =__initial_sp ;  Get the St
                                                            ack address
  156 00000012 4685            MOV              SP, R0      ;  Set the Main Sta
                                                            ck Pointer(MSP)



ARM Macro Assembler    Page 5 


  157 00000014         
  158 00000014 481B            LDR              R0, =SystemInit ; Call set-up o
                                                            f hardware.
  159 00000016 4780            BLX              R0
  160 00000018         
  161 00000018 481B            LDR              R0, =__main ; Call library to s
                                                            et-up and call main
                                                            ()
  162 0000001A 4780            BLX              R0
  163 0000001C         
  164 0000001C         ; Run library exit() if main() returns, to meet C standa
                       rd.
  165 0000001C 481B            LDR              R0, =exit
  166 0000001E 4700            BX               R0          ; Branch; Doesn't r
                                                            eturn.
  167 00000020                 ENDP                         ; End of procedure
  168 00000020         
  169 00000020         
  170 00000020         ; Default Handler. External code can override it to dete
                       ct
  171 00000020         ; and respond to hard faults and spurious interrupts.
  172 00000020         ; See the hardware reference manual for the SYS_MOD_CNTL
                        register.
  173 00000020 4000A004 
                       SYS_MOD_CNTL
                               EQU              0x4000A004  ; Register address
  174 00000020 80000000 
                       RESET_BIT
                               EQU              0x80000000  ; Commands it to re
                                                            set.
  175 00000020 4000D038 
                       SV_VERSION
                               EQU              0x4000D038  ; Register address
  176 00000020 80000000 
                       TEST_BIT
                               EQU              0x80000000  ; Indicates test mo
                                                            de.
  177 00000020         
  178 00000020         ; If this handler is defined externally, the external ha
                       ndler replaces this.
  179 00000020         Default_Handler
                               PROC
  180 00000020                 EXPORT           Default_Handler [WEAK]
  181 00000020         ; Recover quickly and thoroughly from an error by forcin
                       g a reset.
  182 00000020 B672    1       CPSID            I           ; Disable interrupt
                                                            s
  183 00000022 F3BF 8F4F       DSB                          ; Data storage barr
                                                            ier
  184 00000026 F3BF 8F6F       ISB                          ; Synchronization b
                                                            arrier.. instructio
                                                            n
  185 0000002A 4919            LDR              R1, =SV_VERSION ; Read the test
                                                             mode bit.
  186 0000002C 6809            LDR              R1, [R1]    ; Read the register
                                                            
  187 0000002E 4819            LDR              R0, =TEST_BIT ; Check the test 
                                                            mode bit.
  188 00000030 4001            ANDS             R1, R0



ARM Macro Assembler    Page 6 


  189 00000032 D1F5            BNE              %1          ; If it is set, loo
                                                            p. If not, reset.
  190 00000034 4817            LDR              R0, =RESET_BIT ; The bit to res
                                                            et the SoC.
  191 00000036 4918            LDR              R1, =SYS_MOD_CNTL ; I/O registe
                                                            r to control the So
                                                            C.
  192 00000038 6008            STR              R0, [R1]    ; Reset core: Store
                                                             bit in register.
  193 0000003A E7F1            B                %1          ; Retry; Reset by w
                                                            atchdog...
  194 0000003C                 ENDP                         ; End of procedure
  195 0000003C         
  196 0000003C         
  197 0000003C         ; Handle a hard fault by recovering from the error.
  198 0000003C         ; This has a separate entry point to aid debugging.
  199 0000003C         ; If this handler is defined externally, the external on
                       e replaces this.
  201 0000003C         HardFault_Handler
                               PROC
  202 0000003C                 EXPORT           HardFault_Handler [WEAK]
  203 0000003C         ;2               B       %2             ; Loop; For debu
                       g.
  204 0000003C         ; Uses the default_handler to recover the system.
  205 0000003C         ; The long branch (LDR/BX) avoids link errors if it is f
                       ar.
  206 0000003C 4817            LDR              R0, =Default_Handler
  207 0000003E 4700            BX               R0          ; Branch; Doesn't r
                                                            eturn.
  208 00000040                 ENDP                         ; End of procedure
  209 00000040         
  210 00000040         
  211 00000040         ; Handle all possible spurious interrupts by recovering 
                       from the error.
  212 00000040         ; This has a separate entry point to aid debugging.
  213 00000040         ; If any of these handlers are defined externally, they 
                       replace this.
  214 00000040         ; This is not a procedure, so the linker does not remove
                        this code.
  215 00000040                 EXPORT           exit                       [WEA
K]
  216 00000040                 EXPORT           NMI_Handler                [WEA
K]
  217 00000040                 EXPORT           SVC_Handler                [WEA
K]
  218 00000040                 EXPORT           PendSV_Handler             [WEA
K]
  219 00000040                 EXPORT           SysTick_Handler            [WEA
K]
  220 00000040                 EXPORT           UARTRX0_Handler            [WEA
K]
  221 00000040                 EXPORT           UARTTX0_Handler            [WEA
K]
  222 00000040                 EXPORT           UARTRX1_Handler            [WEA
K]
  223 00000040                 EXPORT           UARTTX1_Handler            [WEA
K]
  224 00000040                 EXPORT           UARTRX2_Handler            [WEA
K]



ARM Macro Assembler    Page 7 


  225 00000040                 EXPORT           UARTTX2_Handler            [WEA
K]
  226 00000040                 EXPORT           PORT0_Handler           [WEAK]
  227 00000040                 EXPORT           PORT1_Handler            [WEAK]
  228 00000040                 EXPORT           TIMER0_Handler             [WEA
K]
  229 00000040                 EXPORT           TIMER1_Handler             [WEA
K]
  230 00000040                 EXPORT           DTIMER_Handler             [WEA
K]
  231 00000040                 EXPORT           CE_Handler          [WEAK]
  232 00000040                 EXPORT           UARTOVF0_Handler           [WEA
K]
  233 00000040                 EXPORT           UARTOVF1_Handler           [WEA
K]
  234 00000040                 EXPORT           UARTOVF2_Handler           [WEA
K]
  235 00000040                 EXPORT           I2C_Handler                [WEA
K]
  236 00000040                 EXPORT           EXT_Handler               [WEAK
]
  237 00000040                 EXPORT           FUSE_Handler               [WEA
K]
  238 00000040                 EXPORT           RTC_Handler               [WEAK
]
  239 00000040                 EXPORT           VSTAT_Handler              [WEA
K]
  240 00000040                 EXPORT           SSPI_Handler               [WEA
K]
  241 00000040         exit
  242 00000040         NMI_Handler
  243 00000040         SVC_Handler
  244 00000040         PendSV_Handler
  245 00000040         SysTick_Handler
  246 00000040         UARTRX0_Handler
  247 00000040         UARTTX0_Handler
  248 00000040         UARTRX1_Handler
  249 00000040         UARTTX1_Handler
  250 00000040         UARTRX2_Handler
  251 00000040         UARTTX2_Handler
  252 00000040         PORT0_Handler
  253 00000040         PORT1_Handler
  254 00000040         TIMER0_Handler
  255 00000040         TIMER1_Handler
  256 00000040         DTIMER_Handler
  257 00000040         CE_Handler
  258 00000040         UARTOVF0_Handler
  259 00000040         UARTOVF1_Handler
  260 00000040         UARTOVF2_Handler
  261 00000040         I2C_Handler
  262 00000040         EXT_Handler
  263 00000040         FUSE_Handler
  264 00000040         RTC_Handler
  265 00000040         VSTAT_Handler
  266 00000040         SSPI_Handler
  267 00000040         ;3               B       %3                   ; Loop; Fo
                       r debug.
  268 00000040         ; Uses the default_handler to recover the system.
  269 00000040         ; The long branch (LDR/BX) avoids link errors if it is f



ARM Macro Assembler    Page 8 


                       ar.
  270 00000040 4816            LDR              R0, =Default_Handler ; Can call
                                                             an external handle
                                                            r.
  271 00000042 4700            BX               R0          ; Branch; Doesn't r
                                                            eturn.
  272 00000044         
  273 00000044         _Copyright
  274 00000044                 EXPORT           _Copyright                [WEAK
]
  275 00000044 43 6F 70 
              79 72 69 
              67 68 74 
              20 28 63 
              29 20 32 
              30 32 30 
              20 53 69 
              6C 65 72 
              67 79 20 
              43 6F 72 
              70 2E 20         DCB              "Copyright (c) 2020 Silergy Cor
p. "
  276 00000065 41 6C 6C 
              20 52 69 
              67 68 74 
              73 20 52 
              65 73 65 
              72 76 65 
              64 2E 00         DCB              "All Rights Reserved.",0
  277 0000007A         
  278 0000007A 00 00           ALIGN
  279 0000007C         ; User Initial Stack & Heap
  280 0000007C         
  281 0000007C                 IF               :DEF:__MICROLIB
  282 0000007C         
  283 0000007C                 EXPORT           __initial_sp
  284 0000007C                 EXPORT           __heap_base
  285 0000007C                 EXPORT           __heap_limit
  286 0000007C         
  287 0000007C                 ELSE
  302                          ENDIF
  303 0000007C         
  304 0000007C         
  305 0000007C                 END                          ; End of file
              0000001E 
              00000000 
              00000000 
              00000000 
              00000000 
              4000D038 
              80000000 
              4000A004 
              00000000 
Command Line: --debug --xref --diag_suppress=9931 --cpu=Cortex-M0 --apcs=interw
ork --depend=.\objects\startup_sy7t108_keil.d -o.\objects\startup_sy7t108_keil.
o -IC:\Keil_v5\ARM\Packs\ARM\Cortex_DFP\1.1.0\Device\ARMCM0\Include -IC:\Keil_v
5\ARM\Packs\ARM\Cortex_DFP\1.1.0\Device\ARM\ARMCM0\Include --predefine="__MICRO
LIB SETA 1" --predefine="__UVISION_VERSION SETA 543" --predefine="ARMCM0 SETA 1
" --list=.\listings\startup_sy7t108_keil.lst ..\..\..\drivers\src\sys\startup_S



ARM Macro Assembler    Page 9 


Y7T108_keil.s



ARM Macro Assembler    Page 1 Alphabetic symbol ordering
Relocatable symbols

STACK 00000000

Symbol: STACK
   Definitions
      At line 45 in file ..\..\..\drivers\src\sys\startup_SY7T108_keil.s
   Uses
      None
Comment: STACK unused
Stack_Mem 00000000

Symbol: Stack_Mem
   Definitions
      At line 46 in file ..\..\..\drivers\src\sys\startup_SY7T108_keil.s
   Uses
      None
Comment: Stack_Mem unused
__initial_sp 00000400

Symbol: __initial_sp
   Definitions
      At line 47 in file ..\..\..\drivers\src\sys\startup_SY7T108_keil.s
   Uses
      At line 73 in file ..\..\..\drivers\src\sys\startup_SY7T108_keil.s
      At line 155 in file ..\..\..\drivers\src\sys\startup_SY7T108_keil.s
      At line 283 in file ..\..\..\drivers\src\sys\startup_SY7T108_keil.s

3 symbols



ARM Macro Assembler    Page 1 Alphabetic symbol ordering
Relocatable symbols

HEAP 00000000

Symbol: HEAP
   Definitions
      At line 56 in file ..\..\..\drivers\src\sys\startup_SY7T108_keil.s
   Uses
      None
Comment: HEAP unused
Heap_Mem 00000000

Symbol: Heap_Mem
   Definitions
      At line 58 in file ..\..\..\drivers\src\sys\startup_SY7T108_keil.s
   Uses
      None
Comment: Heap_Mem unused
__heap_base 00000000

Symbol: __heap_base
   Definitions
      At line 57 in file ..\..\..\drivers\src\sys\startup_SY7T108_keil.s
   Uses
      At line 284 in file ..\..\..\drivers\src\sys\startup_SY7T108_keil.s
Comment: __heap_base used once
__heap_limit 00000100

Symbol: __heap_limit
   Definitions
      At line 59 in file ..\..\..\drivers\src\sys\startup_SY7T108_keil.s
   Uses
      At line 285 in file ..\..\..\drivers\src\sys\startup_SY7T108_keil.s
Comment: __heap_limit used once
4 symbols



ARM Macro Assembler    Page 1 Alphabetic symbol ordering
Relocatable symbols

RESET 00000000

Symbol: RESET
   Definitions
      At line 68 in file ..\..\..\drivers\src\sys\startup_SY7T108_keil.s
   Uses
      None
Comment: RESET unused
__Vectors 00000000

Symbol: __Vectors
   Definitions
      At line 73 in file ..\..\..\drivers\src\sys\startup_SY7T108_keil.s
   Uses
      At line 69 in file ..\..\..\drivers\src\sys\startup_SY7T108_keil.s
      At line 126 in file ..\..\..\drivers\src\sys\startup_SY7T108_keil.s

__Vectors_End 000000C0

Symbol: __Vectors_End
   Definitions
      At line 124 in file ..\..\..\drivers\src\sys\startup_SY7T108_keil.s
   Uses
      At line 70 in file ..\..\..\drivers\src\sys\startup_SY7T108_keil.s
      At line 126 in file ..\..\..\drivers\src\sys\startup_SY7T108_keil.s

3 symbols



ARM Macro Assembler    Page 1 Alphabetic symbol ordering
Relocatable symbols

 00000020

Symbol: 
   Definitions
      None
   Uses
      None
Warning:  undefinedComment:  unused
.text 00000000

Symbol: .text
   Definitions
      At line 128 in file ..\..\..\drivers\src\sys\startup_SY7T108_keil.s
   Uses
      None
Comment: .text unused
CE_Handler 00000040

Symbol: CE_Handler
   Definitions
      At line 257 in file ..\..\..\drivers\src\sys\startup_SY7T108_keil.s
   Uses
      At line 102 in file ..\..\..\drivers\src\sys\startup_SY7T108_keil.s
      At line 231 in file ..\..\..\drivers\src\sys\startup_SY7T108_keil.s

DTIMER_Handler 00000040

Symbol: DTIMER_Handler
   Definitions
      At line 256 in file ..\..\..\drivers\src\sys\startup_SY7T108_keil.s
   Uses
      At line 101 in file ..\..\..\drivers\src\sys\startup_SY7T108_keil.s
      At line 230 in file ..\..\..\drivers\src\sys\startup_SY7T108_keil.s

Default_Handler 00000020

Symbol: Default_Handler
   Definitions
      At line 179 in file ..\..\..\drivers\src\sys\startup_SY7T108_keil.s
   Uses
      At line 77 in file ..\..\..\drivers\src\sys\startup_SY7T108_keil.s
      At line 78 in file ..\..\..\drivers\src\sys\startup_SY7T108_keil.s
      At line 79 in file ..\..\..\drivers\src\sys\startup_SY7T108_keil.s
      At line 80 in file ..\..\..\drivers\src\sys\startup_SY7T108_keil.s
      At line 81 in file ..\..\..\drivers\src\sys\startup_SY7T108_keil.s
      At line 82 in file ..\..\..\drivers\src\sys\startup_SY7T108_keil.s
      At line 83 in file ..\..\..\drivers\src\sys\startup_SY7T108_keil.s
      At line 85 in file ..\..\..\drivers\src\sys\startup_SY7T108_keil.s
      At line 86 in file ..\..\..\drivers\src\sys\startup_SY7T108_keil.s
      At line 113 in file ..\..\..\drivers\src\sys\startup_SY7T108_keil.s
      At line 114 in file ..\..\..\drivers\src\sys\startup_SY7T108_keil.s
      At line 115 in file ..\..\..\drivers\src\sys\startup_SY7T108_keil.s
      At line 116 in file ..\..\..\drivers\src\sys\startup_SY7T108_keil.s
      At line 117 in file ..\..\..\drivers\src\sys\startup_SY7T108_keil.s
      At line 118 in file ..\..\..\drivers\src\sys\startup_SY7T108_keil.s
      At line 119 in file ..\..\..\drivers\src\sys\startup_SY7T108_keil.s
      At line 120 in file ..\..\..\drivers\src\sys\startup_SY7T108_keil.s
      At line 121 in file ..\..\..\drivers\src\sys\startup_SY7T108_keil.s
      At line 122 in file ..\..\..\drivers\src\sys\startup_SY7T108_keil.s



ARM Macro Assembler    Page 2 Alphabetic symbol ordering
Relocatable symbols

      At line 123 in file ..\..\..\drivers\src\sys\startup_SY7T108_keil.s
      At line 180 in file ..\..\..\drivers\src\sys\startup_SY7T108_keil.s
      At line 206 in file ..\..\..\drivers\src\sys\startup_SY7T108_keil.s
      At line 270 in file ..\..\..\drivers\src\sys\startup_SY7T108_keil.s

EXT_Handler 00000040

Symbol: EXT_Handler
   Definitions
      At line 262 in file ..\..\..\drivers\src\sys\startup_SY7T108_keil.s
   Uses
      At line 107 in file ..\..\..\drivers\src\sys\startup_SY7T108_keil.s
      At line 236 in file ..\..\..\drivers\src\sys\startup_SY7T108_keil.s

FUSE_Handler 00000040

Symbol: FUSE_Handler
   Definitions
      At line 263 in file ..\..\..\drivers\src\sys\startup_SY7T108_keil.s
   Uses
      At line 108 in file ..\..\..\drivers\src\sys\startup_SY7T108_keil.s
      At line 237 in file ..\..\..\drivers\src\sys\startup_SY7T108_keil.s

HardFault_Handler 0000003C

Symbol: HardFault_Handler
   Definitions
      At line 201 in file ..\..\..\drivers\src\sys\startup_SY7T108_keil.s
   Uses
      At line 76 in file ..\..\..\drivers\src\sys\startup_SY7T108_keil.s
      At line 202 in file ..\..\..\drivers\src\sys\startup_SY7T108_keil.s

I2C_Handler 00000040

Symbol: I2C_Handler
   Definitions
      At line 261 in file ..\..\..\drivers\src\sys\startup_SY7T108_keil.s
   Uses
      At line 106 in file ..\..\..\drivers\src\sys\startup_SY7T108_keil.s
      At line 235 in file ..\..\..\drivers\src\sys\startup_SY7T108_keil.s

NMI_Handler 00000040

Symbol: NMI_Handler
   Definitions
      At line 242 in file ..\..\..\drivers\src\sys\startup_SY7T108_keil.s
   Uses
      At line 75 in file ..\..\..\drivers\src\sys\startup_SY7T108_keil.s
      At line 216 in file ..\..\..\drivers\src\sys\startup_SY7T108_keil.s

PORT0_Handler 00000040

Symbol: PORT0_Handler
   Definitions
      At line 252 in file ..\..\..\drivers\src\sys\startup_SY7T108_keil.s
   Uses
      At line 97 in file ..\..\..\drivers\src\sys\startup_SY7T108_keil.s
      At line 226 in file ..\..\..\drivers\src\sys\startup_SY7T108_keil.s




ARM Macro Assembler    Page 3 Alphabetic symbol ordering
Relocatable symbols

PORT1_Handler 00000040

Symbol: PORT1_Handler
   Definitions
      At line 253 in file ..\..\..\drivers\src\sys\startup_SY7T108_keil.s
   Uses
      At line 98 in file ..\..\..\drivers\src\sys\startup_SY7T108_keil.s
      At line 227 in file ..\..\..\drivers\src\sys\startup_SY7T108_keil.s

PendSV_Handler 00000040

Symbol: PendSV_Handler
   Definitions
      At line 244 in file ..\..\..\drivers\src\sys\startup_SY7T108_keil.s
   Uses
      At line 87 in file ..\..\..\drivers\src\sys\startup_SY7T108_keil.s
      At line 218 in file ..\..\..\drivers\src\sys\startup_SY7T108_keil.s

RTC_Handler 00000040

Symbol: RTC_Handler
   Definitions
      At line 264 in file ..\..\..\drivers\src\sys\startup_SY7T108_keil.s
   Uses
      At line 109 in file ..\..\..\drivers\src\sys\startup_SY7T108_keil.s
      At line 238 in file ..\..\..\drivers\src\sys\startup_SY7T108_keil.s

Reset_Handler 00000000

Symbol: Reset_Handler
   Definitions
      At line 138 in file ..\..\..\drivers\src\sys\startup_SY7T108_keil.s
   Uses
      At line 74 in file ..\..\..\drivers\src\sys\startup_SY7T108_keil.s
      At line 139 in file ..\..\..\drivers\src\sys\startup_SY7T108_keil.s

SSPI_Handler 00000040

Symbol: SSPI_Handler
   Definitions
      At line 266 in file ..\..\..\drivers\src\sys\startup_SY7T108_keil.s
   Uses
      At line 111 in file ..\..\..\drivers\src\sys\startup_SY7T108_keil.s
      At line 240 in file ..\..\..\drivers\src\sys\startup_SY7T108_keil.s

SVC_Handler 00000040

Symbol: SVC_Handler
   Definitions
      At line 243 in file ..\..\..\drivers\src\sys\startup_SY7T108_keil.s
   Uses
      At line 84 in file ..\..\..\drivers\src\sys\startup_SY7T108_keil.s
      At line 217 in file ..\..\..\drivers\src\sys\startup_SY7T108_keil.s

SysTick_Handler 00000040

Symbol: SysTick_Handler
   Definitions
      At line 245 in file ..\..\..\drivers\src\sys\startup_SY7T108_keil.s



ARM Macro Assembler    Page 4 Alphabetic symbol ordering
Relocatable symbols

   Uses
      At line 88 in file ..\..\..\drivers\src\sys\startup_SY7T108_keil.s
      At line 219 in file ..\..\..\drivers\src\sys\startup_SY7T108_keil.s

TIMER0_Handler 00000040

Symbol: TIMER0_Handler
   Definitions
      At line 254 in file ..\..\..\drivers\src\sys\startup_SY7T108_keil.s
   Uses
      At line 99 in file ..\..\..\drivers\src\sys\startup_SY7T108_keil.s
      At line 228 in file ..\..\..\drivers\src\sys\startup_SY7T108_keil.s

TIMER1_Handler 00000040

Symbol: TIMER1_Handler
   Definitions
      At line 255 in file ..\..\..\drivers\src\sys\startup_SY7T108_keil.s
   Uses
      At line 100 in file ..\..\..\drivers\src\sys\startup_SY7T108_keil.s
      At line 229 in file ..\..\..\drivers\src\sys\startup_SY7T108_keil.s

UARTOVF0_Handler 00000040

Symbol: UARTOVF0_Handler
   Definitions
      At line 258 in file ..\..\..\drivers\src\sys\startup_SY7T108_keil.s
   Uses
      At line 103 in file ..\..\..\drivers\src\sys\startup_SY7T108_keil.s
      At line 232 in file ..\..\..\drivers\src\sys\startup_SY7T108_keil.s

UARTOVF1_Handler 00000040

Symbol: UARTOVF1_Handler
   Definitions
      At line 259 in file ..\..\..\drivers\src\sys\startup_SY7T108_keil.s
   Uses
      At line 104 in file ..\..\..\drivers\src\sys\startup_SY7T108_keil.s
      At line 233 in file ..\..\..\drivers\src\sys\startup_SY7T108_keil.s

UARTOVF2_Handler 00000040

Symbol: UARTOVF2_Handler
   Definitions
      At line 260 in file ..\..\..\drivers\src\sys\startup_SY7T108_keil.s
   Uses
      At line 105 in file ..\..\..\drivers\src\sys\startup_SY7T108_keil.s
      At line 234 in file ..\..\..\drivers\src\sys\startup_SY7T108_keil.s

UARTRX0_Handler 00000040

Symbol: UARTRX0_Handler
   Definitions
      At line 246 in file ..\..\..\drivers\src\sys\startup_SY7T108_keil.s
   Uses
      At line 91 in file ..\..\..\drivers\src\sys\startup_SY7T108_keil.s
      At line 220 in file ..\..\..\drivers\src\sys\startup_SY7T108_keil.s

UARTRX1_Handler 00000040



ARM Macro Assembler    Page 5 Alphabetic symbol ordering
Relocatable symbols


Symbol: UARTRX1_Handler
   Definitions
      At line 248 in file ..\..\..\drivers\src\sys\startup_SY7T108_keil.s
   Uses
      At line 93 in file ..\..\..\drivers\src\sys\startup_SY7T108_keil.s
      At line 222 in file ..\..\..\drivers\src\sys\startup_SY7T108_keil.s

UARTRX2_Handler 00000040

Symbol: UARTRX2_Handler
   Definitions
      At line 250 in file ..\..\..\drivers\src\sys\startup_SY7T108_keil.s
   Uses
      At line 95 in file ..\..\..\drivers\src\sys\startup_SY7T108_keil.s
      At line 224 in file ..\..\..\drivers\src\sys\startup_SY7T108_keil.s

UARTTX0_Handler 00000040

Symbol: UARTTX0_Handler
   Definitions
      At line 247 in file ..\..\..\drivers\src\sys\startup_SY7T108_keil.s
   Uses
      At line 92 in file ..\..\..\drivers\src\sys\startup_SY7T108_keil.s
      At line 221 in file ..\..\..\drivers\src\sys\startup_SY7T108_keil.s

UARTTX1_Handler 00000040

Symbol: UARTTX1_Handler
   Definitions
      At line 249 in file ..\..\..\drivers\src\sys\startup_SY7T108_keil.s
   Uses
      At line 94 in file ..\..\..\drivers\src\sys\startup_SY7T108_keil.s
      At line 223 in file ..\..\..\drivers\src\sys\startup_SY7T108_keil.s

UARTTX2_Handler 00000040

Symbol: UARTTX2_Handler
   Definitions
      At line 251 in file ..\..\..\drivers\src\sys\startup_SY7T108_keil.s
   Uses
      At line 96 in file ..\..\..\drivers\src\sys\startup_SY7T108_keil.s
      At line 225 in file ..\..\..\drivers\src\sys\startup_SY7T108_keil.s

VSTAT_Handler 00000040

Symbol: VSTAT_Handler
   Definitions
      At line 265 in file ..\..\..\drivers\src\sys\startup_SY7T108_keil.s
   Uses
      At line 110 in file ..\..\..\drivers\src\sys\startup_SY7T108_keil.s
      At line 239 in file ..\..\..\drivers\src\sys\startup_SY7T108_keil.s

_Copyright 00000044

Symbol: _Copyright
   Definitions
      At line 273 in file ..\..\..\drivers\src\sys\startup_SY7T108_keil.s
   Uses



ARM Macro Assembler    Page 6 Alphabetic symbol ordering
Relocatable symbols

      At line 274 in file ..\..\..\drivers\src\sys\startup_SY7T108_keil.s
Comment: _Copyright used once
_start 00000000

Symbol: _start
   Definitions
      At line 136 in file ..\..\..\drivers\src\sys\startup_SY7T108_keil.s
   Uses
      At line 137 in file ..\..\..\drivers\src\sys\startup_SY7T108_keil.s
Comment: _start used once
exit 00000040

Symbol: exit
   Definitions
      At line 241 in file ..\..\..\drivers\src\sys\startup_SY7T108_keil.s
   Uses
      At line 165 in file ..\..\..\drivers\src\sys\startup_SY7T108_keil.s
      At line 215 in file ..\..\..\drivers\src\sys\startup_SY7T108_keil.s

ram_wait 0000000C

Symbol: ram_wait
   Definitions
      At line 151 in file ..\..\..\drivers\src\sys\startup_SY7T108_keil.s
   Uses
      At line 152 in file ..\..\..\drivers\src\sys\startup_SY7T108_keil.s
Comment: ram_wait used once
34 symbols



ARM Macro Assembler    Page 1 Alphabetic symbol ordering
Absolute symbols

Heap_Size 00000100

Symbol: Heap_Size
   Definitions
      At line 54 in file ..\..\..\drivers\src\sys\startup_SY7T108_keil.s
   Uses
      At line 58 in file ..\..\..\drivers\src\sys\startup_SY7T108_keil.s
Comment: Heap_Size used once
RESET_BIT 80000000

Symbol: RESET_BIT
   Definitions
      At line 174 in file ..\..\..\drivers\src\sys\startup_SY7T108_keil.s
   Uses
      At line 190 in file ..\..\..\drivers\src\sys\startup_SY7T108_keil.s
Comment: RESET_BIT used once
SV_VERSION 4000D038

Symbol: SV_VERSION
   Definitions
      At line 175 in file ..\..\..\drivers\src\sys\startup_SY7T108_keil.s
   Uses
      At line 185 in file ..\..\..\drivers\src\sys\startup_SY7T108_keil.s
Comment: SV_VERSION used once
SYS_MOD_CNTL 4000A004

Symbol: SYS_MOD_CNTL
   Definitions
      At line 173 in file ..\..\..\drivers\src\sys\startup_SY7T108_keil.s
   Uses
      At line 191 in file ..\..\..\drivers\src\sys\startup_SY7T108_keil.s
Comment: SYS_MOD_CNTL used once
Stack_Size 00000400

Symbol: Stack_Size
   Definitions
      At line 43 in file ..\..\..\drivers\src\sys\startup_SY7T108_keil.s
   Uses
      At line 46 in file ..\..\..\drivers\src\sys\startup_SY7T108_keil.s
Comment: Stack_Size used once
TEST_BIT 80000000

Symbol: TEST_BIT
   Definitions
      At line 176 in file ..\..\..\drivers\src\sys\startup_SY7T108_keil.s
   Uses
      At line 187 in file ..\..\..\drivers\src\sys\startup_SY7T108_keil.s
Comment: TEST_BIT used once
__Vectors_Size 000000C0

Symbol: __Vectors_Size
   Definitions
      At line 126 in file ..\..\..\drivers\src\sys\startup_SY7T108_keil.s
   Uses
      At line 71 in file ..\..\..\drivers\src\sys\startup_SY7T108_keil.s
Comment: __Vectors_Size used once
7 symbols



ARM Macro Assembler    Page 1 Alphabetic symbol ordering
External symbols

SystemInit 00000000

Symbol: SystemInit
   Definitions
      At line 140 in file ..\..\..\drivers\src\sys\startup_SY7T108_keil.s
   Uses
      At line 158 in file ..\..\..\drivers\src\sys\startup_SY7T108_keil.s
Comment: SystemInit used once
__main 00000000

Symbol: __main
   Definitions
      At line 141 in file ..\..\..\drivers\src\sys\startup_SY7T108_keil.s
   Uses
      At line 161 in file ..\..\..\drivers\src\sys\startup_SY7T108_keil.s
Comment: __main used once
2 symbols
388 symbols in table
