<!doctype html public "-//w3c//dtd html 4.0 transitional//en">
<html><head>
<title>Static Call Graph - [.\Objects\SY7T108_1p2w_shunt_ct_dlms_1.axf]</title></head>
<body><HR>
<H1>Static Call Graph for image .\Objects\SY7T108_1p2w_shunt_ct_dlms_1.axf</H1><HR>
<BR><P>#&#060CALLGRAPH&#062# ARM Linker, 5060960: Last Updated: Tue Jul 28 14:18:04 2026
<BR><P>
<H3>Maximum Stack Usage =        548 bytes + Unknown(Functions without stacksize, Untraceable Function Pointers)</H3><H3>
Call chain for Maximum Stack Depth:</H3>
main &rArr; dlms_server_process &rArr; dlms_server_process_request &rArr; reset_server_state &rArr; process_action_request &rArr; send_ln_action_response &rArr; get_assoc_ln_class_method_data &rArr; aes_ecb_encrypt &rArr; aes_encrypt &rArr; aes_mixcolumns &rArr; aes_mul &rArr; __aeabi_idivmod &rArr; __aeabi_uidivmod
<P>
<H3>
Functions with no stack information
</H3><UL>
 <LI><a href="#[16]">I2C_Handler</a>
 <LI><a href="#[1]">NMI_Handler</a>
 <LI><a href="#[5]">PendSV_Handler</a>
 <LI><a href="#[4]">SVC_Handler</a>
 <LI><a href="#[24]">exit</a>
</UL>
</UL>
<P>
<H3>
Function Pointers
</H3><UL>
 <LI><a href="#[12]">CE_Handler</a> from ce.o(.text) referenced from startup_sy7t108_keil.o(RESET)
 <LI><a href="#[11]">DTIMER_Handler</a> from dtimer.o(.text) referenced from startup_sy7t108_keil.o(RESET)
 <LI><a href="#[3]">Default_Handler</a> from main.o(.text) referenced from startup_sy7t108_keil.o(.text)
 <LI><a href="#[3]">Default_Handler</a> from main.o(.text) referenced 20 times from startup_sy7t108_keil.o(RESET)
 <LI><a href="#[17]">EXT_Handler</a> from external_int.o(.text) referenced from startup_sy7t108_keil.o(RESET)
 <LI><a href="#[18]">FUSE_Handler</a> from system_sy7t108.o(.text) referenced from startup_sy7t108_keil.o(RESET)
 <LI><a href="#[2]">HardFault_Handler</a> from main.o(.text) referenced from external_int.o(.text)
 <LI><a href="#[2]">HardFault_Handler</a> from main.o(.text) referenced from startup_sy7t108_keil.o(RESET)
 <LI><a href="#[16]">I2C_Handler</a> from startup_sy7t108_keil.o(.text) referenced from startup_sy7t108_keil.o(RESET)
 <LI><a href="#[1]">NMI_Handler</a> from startup_sy7t108_keil.o(.text) referenced from startup_sy7t108_keil.o(RESET)
 <LI><a href="#[d]">PORT0_Handler</a> from external_int.o(.text) referenced from startup_sy7t108_keil.o(RESET)
 <LI><a href="#[e]">PORT1_Handler</a> from external_int.o(.text) referenced from startup_sy7t108_keil.o(RESET)
 <LI><a href="#[5]">PendSV_Handler</a> from startup_sy7t108_keil.o(.text) referenced from startup_sy7t108_keil.o(RESET)
 <LI><a href="#[19]">RTC_Handler</a> from system_sy7t108.o(.text) referenced from startup_sy7t108_keil.o(RESET)
 <LI><a href="#[0]">Reset_Handler</a> from startup_sy7t108_keil.o(.text) referenced from startup_sy7t108_keil.o(RESET)
 <LI><a href="#[1b]">SSPI_Handler</a> from sspi.o(.text) referenced from startup_sy7t108_keil.o(RESET)
 <LI><a href="#[4]">SVC_Handler</a> from startup_sy7t108_keil.o(.text) referenced from startup_sy7t108_keil.o(RESET)
 <LI><a href="#[6]">SysTick_Handler</a> from systick.o(.text) referenced from startup_sy7t108_keil.o(RESET)
 <LI><a href="#[22]">SystemInit</a> from system_sy7t108.o(.text) referenced from startup_sy7t108_keil.o(.text)
 <LI><a href="#[f]">TIMER0_Handler</a> from timer0.o(.text) referenced from startup_sy7t108_keil.o(RESET)
 <LI><a href="#[10]">TIMER1_Handler</a> from timer1.o(.text) referenced from startup_sy7t108_keil.o(RESET)
 <LI><a href="#[1f]">Timer1_Interrupt</a> from main.o(.text) referenced from main.o(.text)
 <LI><a href="#[13]">UARTOVF0_Handler</a> from ser0.o(.text) referenced from startup_sy7t108_keil.o(RESET)
 <LI><a href="#[14]">UARTOVF1_Handler</a> from ser1.o(.text) referenced from startup_sy7t108_keil.o(RESET)
 <LI><a href="#[15]">UARTOVF2_Handler</a> from ser2.o(.text) referenced from startup_sy7t108_keil.o(RESET)
 <LI><a href="#[7]">UARTRX0_Handler</a> from ser0.o(.text) referenced from startup_sy7t108_keil.o(RESET)
 <LI><a href="#[9]">UARTRX1_Handler</a> from ser1.o(.text) referenced from startup_sy7t108_keil.o(RESET)
 <LI><a href="#[b]">UARTRX2_Handler</a> from ser2.o(.text) referenced from startup_sy7t108_keil.o(RESET)
 <LI><a href="#[8]">UARTTX0_Handler</a> from ser0.o(.text) referenced from startup_sy7t108_keil.o(RESET)
 <LI><a href="#[a]">UARTTX1_Handler</a> from ser1.o(.text) referenced from startup_sy7t108_keil.o(RESET)
 <LI><a href="#[c]">UARTTX2_Handler</a> from ser2.o(.text) referenced from startup_sy7t108_keil.o(RESET)
 <LI><a href="#[1a]">VSTAT_Handler</a> from system_sy7t108.o(.text) referenced from startup_sy7t108_keil.o(RESET)
 <LI><a href="#[23]">__main</a> from entry.o(.ARM.Collect$$$$00000000) referenced from startup_sy7t108_keil.o(.text)
 <LI><a href="#[21]">afe_data_ready</a> from afe_0_1.o(.text) referenced from afe_0_1.o(.text)
 <LI><a href="#[2b]">cem11a02f_enable</a> from cem11a02f.o(.text) referenced from cem11a02f.o(.constdata)
 <LI><a href="#[2a]">cem11a02f_init</a> from cem11a02f.o(.text) referenced from cem11a02f.o(.constdata)
 <LI><a href="#[1e]">dlmsif_timer0</a> from dlmsif_timer.o(.text) referenced from main.o(.text)
 <LI><a href="#[25]">dlmsif_timer0_reset</a> from dlmsif_timer.o(.text) referenced from dlmsif.o(.text)
 <LI><a href="#[24]">exit</a> from startup_sy7t108_keil.o(.text) referenced from startup_sy7t108_keil.o(.text)
 <LI><a href="#[27]">hdlc_serial1_rxisr</a> from hdlc_serial1.o(.text) referenced from hdlc_serial1.o(.text)
 <LI><a href="#[26]">hdlc_serial1_txisr</a> from hdlc_serial1.o(.text) referenced from hdlc_serial1.o(.text)
 <LI><a href="#[29]">hdlc_serial2_rxisr</a> from hdlc_serial2.o(.text) referenced from hdlc_serial2.o(.text)
 <LI><a href="#[28]">hdlc_serial2_txisr</a> from hdlc_serial2.o(.text) referenced from hdlc_serial2.o(.text)
 <LI><a href="#[1c]">main</a> from main.o(.text) referenced from entry9a.o(.ARM.Collect$$$$0000000B)
 <LI><a href="#[1d]">main_xtal_alarm</a> from main.o(.text) referenced from main.o(.text)
 <LI><a href="#[20]">meter_save_data</a> from meter_1p2w.o(.text) referenced from meter_1p2w.o(.text)
</UL>
<P>
<H3>
Global Symbols
</H3>
<P><STRONG><a name="[23]"></a>__main</STRONG> (Thumb, 0 bytes, Stack size unknown bytes, entry.o(.ARM.Collect$$$$00000000))
<BR>[Address Reference Count : 1]<UL><LI> startup_sy7t108_keil.o(.text)
</UL>
<P><STRONG><a name="[26f]"></a>_main_stk</STRONG> (Thumb, 0 bytes, Stack size unknown bytes, entry2.o(.ARM.Collect$$$$00000001))

<P><STRONG><a name="[2c]"></a>_main_scatterload</STRONG> (Thumb, 0 bytes, Stack size unknown bytes, entry5.o(.ARM.Collect$$$$00000004))
<BR><BR>[Calls]<UL><LI><a href="#[2d]">&gt;&gt;</a>&nbsp;&nbsp;&nbsp;__scatterload
</UL>

<P><STRONG><a name="[25d]"></a>__main_after_scatterload</STRONG> (Thumb, 0 bytes, Stack size unknown bytes, entry5.o(.ARM.Collect$$$$00000004))
<BR><BR>[Called By]<UL><LI><a href="#[2d]">&gt;&gt;</a>&nbsp;&nbsp;&nbsp;__scatterload
</UL>

<P><STRONG><a name="[270]"></a>_main_clock</STRONG> (Thumb, 0 bytes, Stack size unknown bytes, entry7b.o(.ARM.Collect$$$$00000008))

<P><STRONG><a name="[271]"></a>_main_cpp_init</STRONG> (Thumb, 0 bytes, Stack size unknown bytes, entry8b.o(.ARM.Collect$$$$0000000A))

<P><STRONG><a name="[272]"></a>_main_init</STRONG> (Thumb, 0 bytes, Stack size unknown bytes, entry9a.o(.ARM.Collect$$$$0000000B))

<P><STRONG><a name="[2e]"></a>__rt_lib_shutdown_fini</STRONG> (Thumb, 0 bytes, Stack size unknown bytes, entry12b.o(.ARM.Collect$$$$0000000E))
<BR><BR>[Calls]<UL><LI><a href="#[2f]">&gt;&gt;</a>&nbsp;&nbsp;&nbsp;__arm_fini_ (Weak Reference)
</UL>

<P><STRONG><a name="[273]"></a>__rt_final_cpp</STRONG> (Thumb, 0 bytes, Stack size unknown bytes, entry10a.o(.ARM.Collect$$$$0000000F))

<P><STRONG><a name="[274]"></a>__rt_final_exit</STRONG> (Thumb, 0 bytes, Stack size unknown bytes, entry11a.o(.ARM.Collect$$$$00000011))

<P><STRONG><a name="[2]"></a>HardFault_Handler</STRONG> (Thumb, 10 bytes, Stack size 0 bytes, main.o(.text))
<BR><BR>[Stack]<UL><LI>Max Depth = 48<LI>Call Chain = HardFault_Handler &rArr; Fault_Handler &rArr; log_event &rArr; log_state
</UL>
<BR>[Calls]<UL><LI><a href="#[36]">&gt;&gt;</a>&nbsp;&nbsp;&nbsp;nvram_enable
<LI><a href="#[30]">&gt;&gt;</a>&nbsp;&nbsp;&nbsp;Fault_Handler
</UL>
<BR>[Address Reference Count : 2]<UL><LI> external_int.o(.text)
<LI> startup_sy7t108_keil.o(RESET)
</UL>
<P><STRONG><a name="[3]"></a>Default_Handler</STRONG> (Thumb, 10 bytes, Stack size 0 bytes, main.o(.text))
<BR><BR>[Stack]<UL><LI>Max Depth = 48<LI>Call Chain = Default_Handler &rArr; Fault_Handler &rArr; log_event &rArr; log_state
</UL>
<BR>[Calls]<UL><LI><a href="#[36]">&gt;&gt;</a>&nbsp;&nbsp;&nbsp;nvram_enable
<LI><a href="#[30]">&gt;&gt;</a>&nbsp;&nbsp;&nbsp;Fault_Handler
</UL>
<BR>[Address Reference Count : 2]<UL><LI> startup_sy7t108_keil.o(RESET)
<LI> startup_sy7t108_keil.o(.text)
</UL>
<P><STRONG><a name="[1d]"></a>main_xtal_alarm</STRONG> (Thumb, 20 bytes, Stack size 8 bytes, main.o(.text))
<BR><BR>[Stack]<UL><LI>Max Depth = 48<LI>Call Chain = main_xtal_alarm &rArr; log_state
</UL>
<BR>[Calls]<UL><LI><a href="#[37]">&gt;&gt;</a>&nbsp;&nbsp;&nbsp;log_state
</UL>
<BR>[Address Reference Count : 1]<UL><LI> main.o(.text)
</UL>
<P><STRONG><a name="[3e]"></a>pb_read</STRONG> (Thumb, 24 bytes, Stack size 8 bytes, main.o(.text))
<BR><BR>[Stack]<UL><LI>Max Depth = 12<LI>Call Chain = pb_read &rArr; gpio_get_state
</UL>
<BR>[Calls]<UL><LI><a href="#[3f]">&gt;&gt;</a>&nbsp;&nbsp;&nbsp;gpio_get_state
</UL>
<BR>[Called By]<UL><LI><a href="#[1f]">&gt;&gt;</a>&nbsp;&nbsp;&nbsp;Timer1_Interrupt
</UL>

<P><STRONG><a name="[40]"></a>ReadCalConstants</STRONG> (Thumb, 212 bytes, Stack size 24 bytes, main.o(.text))
<BR><BR>[Stack]<UL><LI>Max Depth = 152<LI>Call Chain = ReadCalConstants &rArr; __aeabi_dmul &rArr; _double_epilogue &rArr; __aeabi_llsr
</UL>
<BR>[Calls]<UL><LI><a href="#[41]">&gt;&gt;</a>&nbsp;&nbsp;&nbsp;from_eeprom
<LI><a href="#[42]">&gt;&gt;</a>&nbsp;&nbsp;&nbsp;__aeabi_i2d
<LI><a href="#[43]">&gt;&gt;</a>&nbsp;&nbsp;&nbsp;__aeabi_dmul
<LI><a href="#[44]">&gt;&gt;</a>&nbsp;&nbsp;&nbsp;__aeabi_d2iz
</UL>
<BR>[Called By]<UL><LI><a href="#[54]">&gt;&gt;</a>&nbsp;&nbsp;&nbsp;Initialize_Metering
</UL>

<P><STRONG><a name="[87]"></a>DefaultCalConstants</STRONG> (Thumb, 2 bytes, Stack size 0 bytes, main.o(.text))
<BR><BR>[Called By]<UL><LI><a href="#[7e]">&gt;&gt;</a>&nbsp;&nbsp;&nbsp;serial_comm
</UL>

<P><STRONG><a name="[45]"></a>Sleep</STRONG> (Thumb, 68 bytes, Stack size 0 bytes, main.o(.text))
<BR><BR>[Stack]<UL><LI>Max Depth = 20<LI>Call Chain = Sleep &rArr; delay &rArr; __aeabi_uidivmod
</UL>
<BR>[Calls]<UL><LI><a href="#[47]">&gt;&gt;</a>&nbsp;&nbsp;&nbsp;wd_reset
<LI><a href="#[46]">&gt;&gt;</a>&nbsp;&nbsp;&nbsp;lcd_clear
<LI><a href="#[48]">&gt;&gt;</a>&nbsp;&nbsp;&nbsp;delay
</UL>
<BR>[Called By]<UL><LI><a href="#[1c]">&gt;&gt;</a>&nbsp;&nbsp;&nbsp;main
<LI><a href="#[53]">&gt;&gt;</a>&nbsp;&nbsp;&nbsp;Stabilization_Check
<LI><a href="#[51]">&gt;&gt;</a>&nbsp;&nbsp;&nbsp;CheckWakeSource
</UL>

<P><STRONG><a name="[49]"></a>SetWakeSources</STRONG> (Thumb, 96 bytes, Stack size 8 bytes, main.o(.text))
<BR><BR>[Stack]<UL><LI>Max Depth = 8<LI>Call Chain = SetWakeSources
</UL>
<BR>[Calls]<UL><LI><a href="#[4a]">&gt;&gt;</a>&nbsp;&nbsp;&nbsp;sys_shadow_busy_wait
</UL>
<BR>[Called By]<UL><LI><a href="#[1c]">&gt;&gt;</a>&nbsp;&nbsp;&nbsp;main
<LI><a href="#[51]">&gt;&gt;</a>&nbsp;&nbsp;&nbsp;CheckWakeSource
<LI><a href="#[4b]">&gt;&gt;</a>&nbsp;&nbsp;&nbsp;WakePushButtonFunction
</UL>

<P><STRONG><a name="[4b]"></a>WakePushButtonFunction</STRONG> (Thumb, 98 bytes, Stack size 0 bytes, main.o(.text))
<BR><BR>[Stack]<UL><LI>Max Depth = 100<LI>Call Chain = WakePushButtonFunction &rArr; PushButton_init_eeprom &rArr; read_eeprom &rArr; eeprom_read &rArr; i2c_master_rx_byte &rArr; i2c_busy_wait &rArr; delay &rArr; __aeabi_uidivmod
</UL>
<BR>[Calls]<UL><LI><a href="#[4d]">&gt;&gt;</a>&nbsp;&nbsp;&nbsp;rtc_read
<LI><a href="#[34]">&gt;&gt;</a>&nbsp;&nbsp;&nbsp;nvram_write
<LI><a href="#[4c]">&gt;&gt;</a>&nbsp;&nbsp;&nbsp;nvram_read
<LI><a href="#[36]">&gt;&gt;</a>&nbsp;&nbsp;&nbsp;nvram_enable
<LI><a href="#[35]">&gt;&gt;</a>&nbsp;&nbsp;&nbsp;nvram_disable
<LI><a href="#[4f]">&gt;&gt;</a>&nbsp;&nbsp;&nbsp;lcd_init_1
<LI><a href="#[48]">&gt;&gt;</a>&nbsp;&nbsp;&nbsp;delay
<LI><a href="#[4e]">&gt;&gt;</a>&nbsp;&nbsp;&nbsp;PushButton_init_eeprom
<LI><a href="#[50]">&gt;&gt;</a>&nbsp;&nbsp;&nbsp;PushButtonWakeDisplay
<LI><a href="#[49]">&gt;&gt;</a>&nbsp;&nbsp;&nbsp;SetWakeSources
<LI><a href="#[38]">&gt;&gt;</a>&nbsp;&nbsp;&nbsp;eeprom_vcc_enable
</UL>
<BR>[Called By]<UL><LI><a href="#[51]">&gt;&gt;</a>&nbsp;&nbsp;&nbsp;CheckWakeSource
</UL>

<P><STRONG><a name="[51]"></a>CheckWakeSource</STRONG> (Thumb, 230 bytes, Stack size 16 bytes, main.o(.text))
<BR><BR>[Stack]<UL><LI>Max Depth = 116<LI>Call Chain = CheckWakeSource &rArr; WakePushButtonFunction &rArr; PushButton_init_eeprom &rArr; read_eeprom &rArr; eeprom_read &rArr; i2c_master_rx_byte &rArr; i2c_busy_wait &rArr; delay &rArr; __aeabi_uidivmod
</UL>
<BR>[Calls]<UL><LI><a href="#[47]">&gt;&gt;</a>&nbsp;&nbsp;&nbsp;wd_reset
<LI><a href="#[34]">&gt;&gt;</a>&nbsp;&nbsp;&nbsp;nvram_write
<LI><a href="#[36]">&gt;&gt;</a>&nbsp;&nbsp;&nbsp;nvram_enable
<LI><a href="#[35]">&gt;&gt;</a>&nbsp;&nbsp;&nbsp;nvram_disable
<LI><a href="#[3f]">&gt;&gt;</a>&nbsp;&nbsp;&nbsp;gpio_get_state
<LI><a href="#[52]">&gt;&gt;</a>&nbsp;&nbsp;&nbsp;gpio_dir_in
<LI><a href="#[4b]">&gt;&gt;</a>&nbsp;&nbsp;&nbsp;WakePushButtonFunction
<LI><a href="#[49]">&gt;&gt;</a>&nbsp;&nbsp;&nbsp;SetWakeSources
<LI><a href="#[45]">&gt;&gt;</a>&nbsp;&nbsp;&nbsp;Sleep
</UL>
<BR>[Called By]<UL><LI><a href="#[1c]">&gt;&gt;</a>&nbsp;&nbsp;&nbsp;main
</UL>

<P><STRONG><a name="[53]"></a>Stabilization_Check</STRONG> (Thumb, 152 bytes, Stack size 8 bytes, main.o(.text))
<BR><BR>[Stack]<UL><LI>Max Depth = 28<LI>Call Chain = Stabilization_Check &rArr; Sleep &rArr; delay &rArr; __aeabi_uidivmod
</UL>
<BR>[Calls]<UL><LI><a href="#[47]">&gt;&gt;</a>&nbsp;&nbsp;&nbsp;wd_reset
<LI><a href="#[45]">&gt;&gt;</a>&nbsp;&nbsp;&nbsp;Sleep
</UL>
<BR>[Called By]<UL><LI><a href="#[1c]">&gt;&gt;</a>&nbsp;&nbsp;&nbsp;main
</UL>

<P><STRONG><a name="[54]"></a>Initialize_Metering</STRONG> (Thumb, 134 bytes, Stack size 8 bytes, main.o(.text))
<BR><BR>[Stack]<UL><LI>Max Depth = 416<LI>Call Chain = Initialize_Metering &rArr; cal_get &rArr; cal_reset &rArr; afe_get_cal_default &rArr; afe_recalc &rArr; afe_wh2wrate &rArr; __aeabi_dmul &rArr; _double_epilogue &rArr; __aeabi_llsr
</UL>
<BR>[Calls]<UL><LI><a href="#[47]">&gt;&gt;</a>&nbsp;&nbsp;&nbsp;wd_reset
<LI><a href="#[58]">&gt;&gt;</a>&nbsp;&nbsp;&nbsp;sys_set_mpuclk
<LI><a href="#[57]">&gt;&gt;</a>&nbsp;&nbsp;&nbsp;meter_start
<LI><a href="#[56]">&gt;&gt;</a>&nbsp;&nbsp;&nbsp;cal_get
<LI><a href="#[55]">&gt;&gt;</a>&nbsp;&nbsp;&nbsp;afe_init
<LI><a href="#[40]">&gt;&gt;</a>&nbsp;&nbsp;&nbsp;ReadCalConstants
</UL>
<BR>[Called By]<UL><LI><a href="#[1c]">&gt;&gt;</a>&nbsp;&nbsp;&nbsp;main
</UL>

<P><STRONG><a name="[59]"></a>_1_SecFunction</STRONG> (Thumb, 194 bytes, Stack size 8 bytes, main.o(.text))
<BR><BR>[Stack]<UL><LI>Max Depth = 252<LI>Call Chain = _1_SecFunction &rArr; history_func &rArr; fill_load_survey_entries &rArr; to_eeprom &rArr; eeprom_write &rArr; EPWritePage &rArr; i2c_master_tx_byte &rArr; i2c_busy_wait &rArr; delay &rArr; __aeabi_uidivmod
</UL>
<BR>[Calls]<UL><LI><a href="#[61]">&gt;&gt;</a>&nbsp;&nbsp;&nbsp;update_tod_data
<LI><a href="#[62]">&gt;&gt;</a>&nbsp;&nbsp;&nbsp;tamper_func
<LI><a href="#[5f]">&gt;&gt;</a>&nbsp;&nbsp;&nbsp;select_season
<LI><a href="#[4d]">&gt;&gt;</a>&nbsp;&nbsp;&nbsp;rtc_read
<LI><a href="#[5c]">&gt;&gt;</a>&nbsp;&nbsp;&nbsp;read_eeprom
<LI><a href="#[5e]">&gt;&gt;</a>&nbsp;&nbsp;&nbsp;load_func
<LI><a href="#[60]">&gt;&gt;</a>&nbsp;&nbsp;&nbsp;history_func
<LI><a href="#[3f]">&gt;&gt;</a>&nbsp;&nbsp;&nbsp;gpio_get_state
<LI><a href="#[41]">&gt;&gt;</a>&nbsp;&nbsp;&nbsp;from_eeprom
<LI><a href="#[5d]">&gt;&gt;</a>&nbsp;&nbsp;&nbsp;dlms_actions_func
<LI><a href="#[5a]">&gt;&gt;</a>&nbsp;&nbsp;&nbsp;TaskAutoScroll
<LI><a href="#[50]">&gt;&gt;</a>&nbsp;&nbsp;&nbsp;PushButtonWakeDisplay
<LI><a href="#[5b]">&gt;&gt;</a>&nbsp;&nbsp;&nbsp;__aeabi_uidivmod
</UL>
<BR>[Called By]<UL><LI><a href="#[1c]">&gt;&gt;</a>&nbsp;&nbsp;&nbsp;main
</UL>

<P><STRONG><a name="[63]"></a>CalibrateCT</STRONG> (Thumb, 830 bytes, Stack size 144 bytes, main.o(.text))
<BR><BR>[Stack]<UL><LI>Max Depth = 424<LI>Call Chain = CalibrateCT &rArr; sin &rArr; __ieee754_rem_pio2 &rArr; __aeabi_dmul &rArr; _double_epilogue &rArr; __aeabi_llsr
</UL>
<BR>[Calls]<UL><LI><a href="#[64]">&gt;&gt;</a>&nbsp;&nbsp;&nbsp;__aeabi_i2f
<LI><a href="#[69]">&gt;&gt;</a>&nbsp;&nbsp;&nbsp;__aeabi_fsub
<LI><a href="#[6e]">&gt;&gt;</a>&nbsp;&nbsp;&nbsp;__aeabi_frsub
<LI><a href="#[6d]">&gt;&gt;</a>&nbsp;&nbsp;&nbsp;__aeabi_fmul
<LI><a href="#[65]">&gt;&gt;</a>&nbsp;&nbsp;&nbsp;__aeabi_fdiv
<LI><a href="#[67]">&gt;&gt;</a>&nbsp;&nbsp;&nbsp;__aeabi_fadd
<LI><a href="#[71]">&gt;&gt;</a>&nbsp;&nbsp;&nbsp;__aeabi_f2iz
<LI><a href="#[68]">&gt;&gt;</a>&nbsp;&nbsp;&nbsp;__aeabi_f2d
<LI><a href="#[43]">&gt;&gt;</a>&nbsp;&nbsp;&nbsp;__aeabi_dmul
<LI><a href="#[6a]">&gt;&gt;</a>&nbsp;&nbsp;&nbsp;__aeabi_ddiv
<LI><a href="#[6b]">&gt;&gt;</a>&nbsp;&nbsp;&nbsp;__aeabi_d2f
<LI><a href="#[66]">&gt;&gt;</a>&nbsp;&nbsp;&nbsp;sqrt
<LI><a href="#[6c]">&gt;&gt;</a>&nbsp;&nbsp;&nbsp;sin
<LI><a href="#[70]">&gt;&gt;</a>&nbsp;&nbsp;&nbsp;cos
<LI><a href="#[6f]">&gt;&gt;</a>&nbsp;&nbsp;&nbsp;atan
</UL>
<BR>[Called By]<UL><LI><a href="#[7e]">&gt;&gt;</a>&nbsp;&nbsp;&nbsp;serial_comm
</UL>

<P><STRONG><a name="[72]"></a>ReadctKW</STRONG> (Thumb, 36 bytes, Stack size 8 bytes, main.o(.text))
<BR><BR>[Stack]<UL><LI>Max Depth = 28<LI>Call Chain = ReadctKW &rArr; __aeabi_i2f &rArr; _float_epilogue
</UL>
<BR>[Calls]<UL><LI><a href="#[64]">&gt;&gt;</a>&nbsp;&nbsp;&nbsp;__aeabi_i2f
<LI><a href="#[65]">&gt;&gt;</a>&nbsp;&nbsp;&nbsp;__aeabi_fdiv
</UL>
<BR>[Called By]<UL><LI><a href="#[7e]">&gt;&gt;</a>&nbsp;&nbsp;&nbsp;serial_comm
</UL>

<P><STRONG><a name="[73]"></a>CalibrateShunt</STRONG> (Thumb, 784 bytes, Stack size 144 bytes, main.o(.text))
<BR><BR>[Stack]<UL><LI>Max Depth = 424<LI>Call Chain = CalibrateShunt &rArr; cos &rArr; __ieee754_rem_pio2 &rArr; __aeabi_dmul &rArr; _double_epilogue &rArr; __aeabi_llsr
</UL>
<BR>[Calls]<UL><LI><a href="#[74]">&gt;&gt;</a>&nbsp;&nbsp;&nbsp;__aeabi_ui2f
<LI><a href="#[64]">&gt;&gt;</a>&nbsp;&nbsp;&nbsp;__aeabi_i2f
<LI><a href="#[69]">&gt;&gt;</a>&nbsp;&nbsp;&nbsp;__aeabi_fsub
<LI><a href="#[6e]">&gt;&gt;</a>&nbsp;&nbsp;&nbsp;__aeabi_frsub
<LI><a href="#[6d]">&gt;&gt;</a>&nbsp;&nbsp;&nbsp;__aeabi_fmul
<LI><a href="#[65]">&gt;&gt;</a>&nbsp;&nbsp;&nbsp;__aeabi_fdiv
<LI><a href="#[67]">&gt;&gt;</a>&nbsp;&nbsp;&nbsp;__aeabi_fadd
<LI><a href="#[71]">&gt;&gt;</a>&nbsp;&nbsp;&nbsp;__aeabi_f2iz
<LI><a href="#[68]">&gt;&gt;</a>&nbsp;&nbsp;&nbsp;__aeabi_f2d
<LI><a href="#[43]">&gt;&gt;</a>&nbsp;&nbsp;&nbsp;__aeabi_dmul
<LI><a href="#[6a]">&gt;&gt;</a>&nbsp;&nbsp;&nbsp;__aeabi_ddiv
<LI><a href="#[6b]">&gt;&gt;</a>&nbsp;&nbsp;&nbsp;__aeabi_d2f
<LI><a href="#[66]">&gt;&gt;</a>&nbsp;&nbsp;&nbsp;sqrt
<LI><a href="#[70]">&gt;&gt;</a>&nbsp;&nbsp;&nbsp;cos
<LI><a href="#[6f]">&gt;&gt;</a>&nbsp;&nbsp;&nbsp;atan
</UL>
<BR>[Called By]<UL><LI><a href="#[7e]">&gt;&gt;</a>&nbsp;&nbsp;&nbsp;serial_comm
</UL>

<P><STRONG><a name="[75]"></a>ReadShuntKW</STRONG> (Thumb, 48 bytes, Stack size 8 bytes, main.o(.text))
<BR><BR>[Stack]<UL><LI>Max Depth = 28<LI>Call Chain = ReadShuntKW &rArr; __aeabi_i2f &rArr; _float_epilogue
</UL>
<BR>[Calls]<UL><LI><a href="#[64]">&gt;&gt;</a>&nbsp;&nbsp;&nbsp;__aeabi_i2f
<LI><a href="#[65]">&gt;&gt;</a>&nbsp;&nbsp;&nbsp;__aeabi_fdiv
</UL>
<BR>[Called By]<UL><LI><a href="#[7e]">&gt;&gt;</a>&nbsp;&nbsp;&nbsp;serial_comm
</UL>

<P><STRONG><a name="[76]"></a>invole_BL</STRONG> (Thumb, 34 bytes, Stack size 0 bytes, main.o(.text))
<BR><BR>[Stack]<UL><LI>Max Depth = 8<LI>Call Chain = invole_BL &rArr; flash_page_erase
</UL>
<BR>[Calls]<UL><LI><a href="#[77]">&gt;&gt;</a>&nbsp;&nbsp;&nbsp;flash_page_erase
</UL>
<BR>[Called By]<UL><LI><a href="#[7e]">&gt;&gt;</a>&nbsp;&nbsp;&nbsp;serial_comm
</UL>

<P><STRONG><a name="[7f]"></a>disp_all_lcd</STRONG> (Thumb, 22 bytes, Stack size 0 bytes, main.o(.text))
<BR><BR>[Called By]<UL><LI><a href="#[7e]">&gt;&gt;</a>&nbsp;&nbsp;&nbsp;serial_comm
</UL>

<P><STRONG><a name="[78]"></a>ReadctKVA</STRONG> (Thumb, 36 bytes, Stack size 8 bytes, main.o(.text))
<BR><BR>[Stack]<UL><LI>Max Depth = 28<LI>Call Chain = ReadctKVA &rArr; __aeabi_i2f &rArr; _float_epilogue
</UL>
<BR>[Calls]<UL><LI><a href="#[64]">&gt;&gt;</a>&nbsp;&nbsp;&nbsp;__aeabi_i2f
<LI><a href="#[65]">&gt;&gt;</a>&nbsp;&nbsp;&nbsp;__aeabi_fdiv
</UL>
<BR>[Called By]<UL><LI><a href="#[7e]">&gt;&gt;</a>&nbsp;&nbsp;&nbsp;serial_comm
</UL>

<P><STRONG><a name="[79]"></a>ReadShuntKVA</STRONG> (Thumb, 134 bytes, Stack size 8 bytes, main.o(.text))
<BR><BR>[Stack]<UL><LI>Max Depth = 28<LI>Call Chain = ReadShuntKVA &rArr; __aeabi_i2f &rArr; _float_epilogue
</UL>
<BR>[Calls]<UL><LI><a href="#[64]">&gt;&gt;</a>&nbsp;&nbsp;&nbsp;__aeabi_i2f
<LI><a href="#[65]">&gt;&gt;</a>&nbsp;&nbsp;&nbsp;__aeabi_fdiv
</UL>
<BR>[Called By]<UL><LI><a href="#[7e]">&gt;&gt;</a>&nbsp;&nbsp;&nbsp;serial_comm
</UL>

<P><STRONG><a name="[7a]"></a>get_digit</STRONG> (Thumb, 336 bytes, Stack size 4 bytes, main.o(.text))
<BR><BR>[Stack]<UL><LI>Max Depth = 12<LI>Call Chain = get_digit &rArr; __ARM_common_switch8
</UL>
<BR>[Calls]<UL><LI><a href="#[7b]">&gt;&gt;</a>&nbsp;&nbsp;&nbsp;__ARM_common_switch8
</UL>
<BR>[Called By]<UL><LI><a href="#[7e]">&gt;&gt;</a>&nbsp;&nbsp;&nbsp;serial_comm
</UL>

<P><STRONG><a name="[7c]"></a>transmit_char2</STRONG> (Thumb, 12 bytes, Stack size 8 bytes, main.o(.text))
<BR><BR>[Stack]<UL><LI>Max Depth = 8<LI>Call Chain = transmit_char2
</UL>
<BR>[Calls]<UL><LI><a href="#[7d]">&gt;&gt;</a>&nbsp;&nbsp;&nbsp;ser2_tx_ch
</UL>
<BR>[Called By]<UL><LI><a href="#[7e]">&gt;&gt;</a>&nbsp;&nbsp;&nbsp;serial_comm
</UL>

<P><STRONG><a name="[7e]"></a>serial_comm</STRONG> (Thumb, 1476 bytes, Stack size 24 bytes, main.o(.text))
<BR><BR>[Stack]<UL><LI>Max Depth = 448<LI>Call Chain = serial_comm &rArr; CalibrateShunt &rArr; cos &rArr; __ieee754_rem_pio2 &rArr; __aeabi_dmul &rArr; _double_epilogue &rArr; __aeabi_llsr
</UL>
<BR>[Calls]<UL><LI><a href="#[83]">&gt;&gt;</a>&nbsp;&nbsp;&nbsp;to_eeprom
<LI><a href="#[81]">&gt;&gt;</a>&nbsp;&nbsp;&nbsp;rtc_write
<LI><a href="#[85]">&gt;&gt;</a>&nbsp;&nbsp;&nbsp;meter_sum_data
<LI><a href="#[84]">&gt;&gt;</a>&nbsp;&nbsp;&nbsp;delay1ms
<LI><a href="#[48]">&gt;&gt;</a>&nbsp;&nbsp;&nbsp;delay
<LI><a href="#[86]">&gt;&gt;</a>&nbsp;&nbsp;&nbsp;default_eeprom
<LI><a href="#[80]">&gt;&gt;</a>&nbsp;&nbsp;&nbsp;convt_bcd_to_byte
<LI><a href="#[82]">&gt;&gt;</a>&nbsp;&nbsp;&nbsp;CalDisplay
<LI><a href="#[7b]">&gt;&gt;</a>&nbsp;&nbsp;&nbsp;__ARM_common_switch8
<LI><a href="#[7c]">&gt;&gt;</a>&nbsp;&nbsp;&nbsp;transmit_char2
<LI><a href="#[7a]">&gt;&gt;</a>&nbsp;&nbsp;&nbsp;get_digit
<LI><a href="#[79]">&gt;&gt;</a>&nbsp;&nbsp;&nbsp;ReadShuntKVA
<LI><a href="#[78]">&gt;&gt;</a>&nbsp;&nbsp;&nbsp;ReadctKVA
<LI><a href="#[7f]">&gt;&gt;</a>&nbsp;&nbsp;&nbsp;disp_all_lcd
<LI><a href="#[76]">&gt;&gt;</a>&nbsp;&nbsp;&nbsp;invole_BL
<LI><a href="#[75]">&gt;&gt;</a>&nbsp;&nbsp;&nbsp;ReadShuntKW
<LI><a href="#[73]">&gt;&gt;</a>&nbsp;&nbsp;&nbsp;CalibrateShunt
<LI><a href="#[72]">&gt;&gt;</a>&nbsp;&nbsp;&nbsp;ReadctKW
<LI><a href="#[63]">&gt;&gt;</a>&nbsp;&nbsp;&nbsp;CalibrateCT
<LI><a href="#[87]">&gt;&gt;</a>&nbsp;&nbsp;&nbsp;DefaultCalConstants
<LI><a href="#[5b]">&gt;&gt;</a>&nbsp;&nbsp;&nbsp;__aeabi_uidivmod
</UL>
<BR>[Called By]<UL><LI><a href="#[1c]">&gt;&gt;</a>&nbsp;&nbsp;&nbsp;main
</UL>

<P><STRONG><a name="[1f]"></a>Timer1_Interrupt</STRONG> (Thumb, 340 bytes, Stack size 8 bytes, main.o(.text))
<BR><BR>[Stack]<UL><LI>Max Depth = 96<LI>Call Chain = Timer1_Interrupt &rArr; TaskAutoScroll &rArr; PushButtonDisplay &rArr; lcd_put_num &rArr; lcd_put_char &rArr; put_ch_LCD &rArr; lcd_set_seg
</UL>
<BR>[Calls]<UL><LI><a href="#[47]">&gt;&gt;</a>&nbsp;&nbsp;&nbsp;wd_reset
<LI><a href="#[5a]">&gt;&gt;</a>&nbsp;&nbsp;&nbsp;TaskAutoScroll
<LI><a href="#[3e]">&gt;&gt;</a>&nbsp;&nbsp;&nbsp;pb_read
</UL>
<BR>[Address Reference Count : 1]<UL><LI> main.o(.text)
</UL>
<P><STRONG><a name="[1c]"></a>main</STRONG> (Thumb, 676 bytes, Stack size 0 bytes, main.o(.text))
<BR><BR>[Stack]<UL><LI>Max Depth = 548<LI>Call Chain = main &rArr; dlms_server_process &rArr; dlms_server_process_request &rArr; reset_server_state &rArr; process_action_request &rArr; send_ln_action_response &rArr; get_assoc_ln_class_method_data &rArr; aes_ecb_encrypt &rArr; aes_encrypt &rArr; aes_mixcolumns &rArr; aes_mul &rArr; __aeabi_idivmod &rArr; __aeabi_uidivmod
</UL>
<BR>[Calls]<UL><LI><a href="#[47]">&gt;&gt;</a>&nbsp;&nbsp;&nbsp;wd_reset
<LI><a href="#[a0]">&gt;&gt;</a>&nbsp;&nbsp;&nbsp;timer1_start
<LI><a href="#[9e]">&gt;&gt;</a>&nbsp;&nbsp;&nbsp;timer0_start
<LI><a href="#[58]">&gt;&gt;</a>&nbsp;&nbsp;&nbsp;sys_set_mpuclk
<LI><a href="#[95]">&gt;&gt;</a>&nbsp;&nbsp;&nbsp;stm_start
<LI><a href="#[81]">&gt;&gt;</a>&nbsp;&nbsp;&nbsp;rtc_write
<LI><a href="#[4d]">&gt;&gt;</a>&nbsp;&nbsp;&nbsp;rtc_read
<LI><a href="#[34]">&gt;&gt;</a>&nbsp;&nbsp;&nbsp;nvram_write
<LI><a href="#[4c]">&gt;&gt;</a>&nbsp;&nbsp;&nbsp;nvram_read
<LI><a href="#[36]">&gt;&gt;</a>&nbsp;&nbsp;&nbsp;nvram_enable
<LI><a href="#[35]">&gt;&gt;</a>&nbsp;&nbsp;&nbsp;nvram_disable
<LI><a href="#[20]">&gt;&gt;</a>&nbsp;&nbsp;&nbsp;meter_save_data
<LI><a href="#[4f]">&gt;&gt;</a>&nbsp;&nbsp;&nbsp;lcd_init_1
<LI><a href="#[9d]">&gt;&gt;</a>&nbsp;&nbsp;&nbsp;init_tod
<LI><a href="#[9a]">&gt;&gt;</a>&nbsp;&nbsp;&nbsp;init_io_param
<LI><a href="#[9b]">&gt;&gt;</a>&nbsp;&nbsp;&nbsp;init_eeprom
<LI><a href="#[3f]">&gt;&gt;</a>&nbsp;&nbsp;&nbsp;gpio_get_state
<LI><a href="#[52]">&gt;&gt;</a>&nbsp;&nbsp;&nbsp;gpio_dir_in
<LI><a href="#[9c]">&gt;&gt;</a>&nbsp;&nbsp;&nbsp;dlmsif_get_password
<LI><a href="#[a2]">&gt;&gt;</a>&nbsp;&nbsp;&nbsp;dlms_server_process
<LI><a href="#[9f]">&gt;&gt;</a>&nbsp;&nbsp;&nbsp;dlms_process_init
<LI><a href="#[86]">&gt;&gt;</a>&nbsp;&nbsp;&nbsp;default_eeprom
<LI><a href="#[a1]">&gt;&gt;</a>&nbsp;&nbsp;&nbsp;afe_disable
<LI><a href="#[5a]">&gt;&gt;</a>&nbsp;&nbsp;&nbsp;TaskAutoScroll
<LI><a href="#[22]">&gt;&gt;</a>&nbsp;&nbsp;&nbsp;SystemInit
<LI><a href="#[50]">&gt;&gt;</a>&nbsp;&nbsp;&nbsp;PushButtonWakeDisplay
<LI><a href="#[99]">&gt;&gt;</a>&nbsp;&nbsp;&nbsp;Display_Version
<LI><a href="#[7e]">&gt;&gt;</a>&nbsp;&nbsp;&nbsp;serial_comm
<LI><a href="#[59]">&gt;&gt;</a>&nbsp;&nbsp;&nbsp;_1_SecFunction
<LI><a href="#[54]">&gt;&gt;</a>&nbsp;&nbsp;&nbsp;Initialize_Metering
<LI><a href="#[53]">&gt;&gt;</a>&nbsp;&nbsp;&nbsp;Stabilization_Check
<LI><a href="#[51]">&gt;&gt;</a>&nbsp;&nbsp;&nbsp;CheckWakeSource
<LI><a href="#[49]">&gt;&gt;</a>&nbsp;&nbsp;&nbsp;SetWakeSources
<LI><a href="#[45]">&gt;&gt;</a>&nbsp;&nbsp;&nbsp;Sleep
<LI><a href="#[93]">&gt;&gt;</a>&nbsp;&nbsp;&nbsp;main_mission_mode
<LI><a href="#[3d]">&gt;&gt;</a>&nbsp;&nbsp;&nbsp;optical_power_enable
<LI><a href="#[3c]">&gt;&gt;</a>&nbsp;&nbsp;&nbsp;pulse_vcc_enable
<LI><a href="#[38]">&gt;&gt;</a>&nbsp;&nbsp;&nbsp;eeprom_vcc_enable
</UL>
<BR>[Address Reference Count : 1]<UL><LI> entry9a.o(.ARM.Collect$$$$0000000B)
</UL>
<P><STRONG><a name="[275]"></a>lcdmem</STRONG> (Thumb, 8 bytes, Stack size 0 bytes, main.o(.text), UNUSED)

<P><STRONG><a name="[57]"></a>meter_start</STRONG> (Thumb, 132 bytes, Stack size 32 bytes, meter_1p2w.o(.text))
<BR><BR>[Stack]<UL><LI>Max Depth = 264<LI>Call Chain = meter_start &rArr; afe_enable &rArr; afe_put_cal &rArr; afe_wh2wsum &rArr; __aeabi_dmul &rArr; _double_epilogue &rArr; __aeabi_llsr
</UL>
<BR>[Calls]<UL><LI><a href="#[a4]">&gt;&gt;</a>&nbsp;&nbsp;&nbsp;afe_v2vsqsum
<LI><a href="#[a3]">&gt;&gt;</a>&nbsp;&nbsp;&nbsp;afe_enable
<LI><a href="#[a5]">&gt;&gt;</a>&nbsp;&nbsp;&nbsp;afe_a2isqsum
<LI><a href="#[55]">&gt;&gt;</a>&nbsp;&nbsp;&nbsp;afe_init
<LI><a href="#[64]">&gt;&gt;</a>&nbsp;&nbsp;&nbsp;__aeabi_i2f
<LI><a href="#[68]">&gt;&gt;</a>&nbsp;&nbsp;&nbsp;__aeabi_f2d
<LI><a href="#[43]">&gt;&gt;</a>&nbsp;&nbsp;&nbsp;__aeabi_dmul
<LI><a href="#[6b]">&gt;&gt;</a>&nbsp;&nbsp;&nbsp;__aeabi_d2f
<LI><a href="#[31]">&gt;&gt;</a>&nbsp;&nbsp;&nbsp;__aeabi_memcpy4
</UL>
<BR>[Called By]<UL><LI><a href="#[54]">&gt;&gt;</a>&nbsp;&nbsp;&nbsp;Initialize_Metering
</UL>

<P><STRONG><a name="[a6]"></a>meter_stop</STRONG> (Thumb, 8 bytes, Stack size 8 bytes, meter_1p2w.o(.text), UNUSED)
<BR><BR>[Calls]<UL><LI><a href="#[a1]">&gt;&gt;</a>&nbsp;&nbsp;&nbsp;afe_disable
</UL>

<P><STRONG><a name="[85]"></a>meter_sum_data</STRONG> (Thumb, 578 bytes, Stack size 48 bytes, meter_1p2w.o(.text))
<BR><BR>[Stack]<UL><LI>Max Depth = 328<LI>Call Chain = meter_sum_data &rArr; inst_param_func &rArr; afe_w &rArr; afe_wsum2w &rArr; __aeabi_dmul &rArr; _double_epilogue &rArr; __aeabi_llsr
</UL>
<BR>[Calls]<UL><LI><a href="#[b0]">&gt;&gt;</a>&nbsp;&nbsp;&nbsp;inst_param_func
<LI><a href="#[af]">&gt;&gt;</a>&nbsp;&nbsp;&nbsp;afe_zero_crossings
<LI><a href="#[ab]">&gt;&gt;</a>&nbsp;&nbsp;&nbsp;afe_wsum
<LI><a href="#[a7]">&gt;&gt;</a>&nbsp;&nbsp;&nbsp;afe_w_thd
<LI><a href="#[aa]">&gt;&gt;</a>&nbsp;&nbsp;&nbsp;afe_vrms_thd
<LI><a href="#[ad]">&gt;&gt;</a>&nbsp;&nbsp;&nbsp;afe_vasum
<LI><a href="#[ac]">&gt;&gt;</a>&nbsp;&nbsp;&nbsp;afe_varsum
<LI><a href="#[a9]">&gt;&gt;</a>&nbsp;&nbsp;&nbsp;afe_arms_thd
<LI><a href="#[ae]">&gt;&gt;</a>&nbsp;&nbsp;&nbsp;add
<LI><a href="#[a8]">&gt;&gt;</a>&nbsp;&nbsp;&nbsp;__aeabi_f2uiz
<LI><a href="#[b1]">&gt;&gt;</a>&nbsp;&nbsp;&nbsp;PulseGeneration
<LI><a href="#[33]">&gt;&gt;</a>&nbsp;&nbsp;&nbsp;reg_crc
<LI><a href="#[34]">&gt;&gt;</a>&nbsp;&nbsp;&nbsp;nvram_write
<LI><a href="#[42]">&gt;&gt;</a>&nbsp;&nbsp;&nbsp;__aeabi_i2d
<LI><a href="#[43]">&gt;&gt;</a>&nbsp;&nbsp;&nbsp;__aeabi_dmul
<LI><a href="#[44]">&gt;&gt;</a>&nbsp;&nbsp;&nbsp;__aeabi_d2iz
<LI><a href="#[66]">&gt;&gt;</a>&nbsp;&nbsp;&nbsp;sqrt
</UL>
<BR>[Called By]<UL><LI><a href="#[96]">&gt;&gt;</a>&nbsp;&nbsp;&nbsp;meter_run
<LI><a href="#[7e]">&gt;&gt;</a>&nbsp;&nbsp;&nbsp;serial_comm
</UL>

<P><STRONG><a name="[20]"></a>meter_save_data</STRONG> (Thumb, 30 bytes, Stack size 8 bytes, meter_1p2w.o(.text))
<BR><BR>[Stack]<UL><LI>Max Depth = 20<LI>Call Chain = meter_save_data &rArr; reg_put
</UL>
<BR>[Calls]<UL><LI><a href="#[b3]">&gt;&gt;</a>&nbsp;&nbsp;&nbsp;reg_put
<LI><a href="#[b2]">&gt;&gt;</a>&nbsp;&nbsp;&nbsp;flash_enable
<LI><a href="#[b4]">&gt;&gt;</a>&nbsp;&nbsp;&nbsp;flash_disable
</UL>
<BR>[Called By]<UL><LI><a href="#[1c]">&gt;&gt;</a>&nbsp;&nbsp;&nbsp;main
<LI><a href="#[88]">&gt;&gt;</a>&nbsp;&nbsp;&nbsp;main_timing_tasks
</UL>
<BR>[Address Reference Count : 1]<UL><LI> meter_1p2w.o(.text)
</UL>
<P><STRONG><a name="[b5]"></a>meter_compensate_afe</STRONG> (Thumb, 148 bytes, Stack size 40 bytes, meter_1p2w.o(.text))
<BR><BR>[Stack]<UL><LI>Max Depth = 200<LI>Call Chain = meter_compensate_afe &rArr; tmp &rArr; __aeabi_dadd &rArr; _double_epilogue &rArr; __aeabi_llsr
</UL>
<BR>[Calls]<UL><LI><a href="#[b7]">&gt;&gt;</a>&nbsp;&nbsp;&nbsp;tmp
<LI><a href="#[b6]">&gt;&gt;</a>&nbsp;&nbsp;&nbsp;lroundf
<LI><a href="#[b8]">&gt;&gt;</a>&nbsp;&nbsp;&nbsp;afe_compensate_vref
<LI><a href="#[64]">&gt;&gt;</a>&nbsp;&nbsp;&nbsp;__aeabi_i2f
<LI><a href="#[69]">&gt;&gt;</a>&nbsp;&nbsp;&nbsp;__aeabi_fsub
<LI><a href="#[6d]">&gt;&gt;</a>&nbsp;&nbsp;&nbsp;__aeabi_fmul
<LI><a href="#[65]">&gt;&gt;</a>&nbsp;&nbsp;&nbsp;__aeabi_fdiv
<LI><a href="#[67]">&gt;&gt;</a>&nbsp;&nbsp;&nbsp;__aeabi_fadd
<LI><a href="#[68]">&gt;&gt;</a>&nbsp;&nbsp;&nbsp;__aeabi_f2d
<LI><a href="#[43]">&gt;&gt;</a>&nbsp;&nbsp;&nbsp;__aeabi_dmul
<LI><a href="#[6b]">&gt;&gt;</a>&nbsp;&nbsp;&nbsp;__aeabi_d2f
</UL>
<BR>[Called By]<UL><LI><a href="#[96]">&gt;&gt;</a>&nbsp;&nbsp;&nbsp;meter_run
</UL>

<P><STRONG><a name="[96]"></a>meter_run</STRONG> (Thumb, 100 bytes, Stack size 8 bytes, meter_1p2w.o(.text))
<BR><BR>[Stack]<UL><LI>Max Depth = 336<LI>Call Chain = meter_run &rArr; meter_sum_data &rArr; inst_param_func &rArr; afe_w &rArr; afe_wsum2w &rArr; __aeabi_dmul &rArr; _double_epilogue &rArr; __aeabi_llsr
</UL>
<BR>[Calls]<UL><LI><a href="#[be]">&gt;&gt;</a>&nbsp;&nbsp;&nbsp;ce_int_enable
<LI><a href="#[bd]">&gt;&gt;</a>&nbsp;&nbsp;&nbsp;afe_status
<LI><a href="#[b5]">&gt;&gt;</a>&nbsp;&nbsp;&nbsp;meter_compensate_afe
<LI><a href="#[bc]">&gt;&gt;</a>&nbsp;&nbsp;&nbsp;meter_demand_reset
<LI><a href="#[b9]">&gt;&gt;</a>&nbsp;&nbsp;&nbsp;meter_registers_reset
<LI><a href="#[36]">&gt;&gt;</a>&nbsp;&nbsp;&nbsp;nvram_enable
<LI><a href="#[35]">&gt;&gt;</a>&nbsp;&nbsp;&nbsp;nvram_disable
<LI><a href="#[85]">&gt;&gt;</a>&nbsp;&nbsp;&nbsp;meter_sum_data
</UL>
<BR>[Called By]<UL><LI><a href="#[93]">&gt;&gt;</a>&nbsp;&nbsp;&nbsp;main_mission_mode
</UL>

<P><STRONG><a name="[8d]"></a>meter_demand</STRONG> (Thumb, 146 bytes, Stack size 24 bytes, meter_1p2w.o(.text))
<BR><BR>[Stack]<UL><LI>Max Depth = 224<LI>Call Chain = meter_demand &rArr; afe_wsum2w &rArr; __aeabi_dmul &rArr; _double_epilogue &rArr; __aeabi_llsr
</UL>
<BR>[Calls]<UL><LI><a href="#[bf]">&gt;&gt;</a>&nbsp;&nbsp;&nbsp;p2f
<LI><a href="#[b6]">&gt;&gt;</a>&nbsp;&nbsp;&nbsp;lroundf
<LI><a href="#[c0]">&gt;&gt;</a>&nbsp;&nbsp;&nbsp;afe_wsum2w
<LI><a href="#[c1]">&gt;&gt;</a>&nbsp;&nbsp;&nbsp;__aeabi_cdrcmple
<LI><a href="#[64]">&gt;&gt;</a>&nbsp;&nbsp;&nbsp;__aeabi_i2f
<LI><a href="#[42]">&gt;&gt;</a>&nbsp;&nbsp;&nbsp;__aeabi_i2d
<LI><a href="#[65]">&gt;&gt;</a>&nbsp;&nbsp;&nbsp;__aeabi_fdiv
<LI><a href="#[71]">&gt;&gt;</a>&nbsp;&nbsp;&nbsp;__aeabi_f2iz
<LI><a href="#[31]">&gt;&gt;</a>&nbsp;&nbsp;&nbsp;__aeabi_memcpy4
</UL>
<BR>[Called By]<UL><LI><a href="#[88]">&gt;&gt;</a>&nbsp;&nbsp;&nbsp;main_timing_tasks
</UL>

<P><STRONG><a name="[c7]"></a>meter_dlms_reset</STRONG> (Thumb, 16 bytes, Stack size 8 bytes, meter_1p2w.o(.text), UNUSED)
<BR><BR>[Calls]<UL><LI><a href="#[b9]">&gt;&gt;</a>&nbsp;&nbsp;&nbsp;meter_registers_reset
</UL>

<P><STRONG><a name="[201]"></a>lcd_map</STRONG> (Thumb, 98 bytes, Stack size 16 bytes, lcd_approved_lcd_for_rajasthan.o(.text))
<BR><BR>[Stack]<UL><LI>Max Depth = 16<LI>Call Chain = lcd_map
</UL>
<BR>[Called By]<UL><LI><a href="#[1fd]">&gt;&gt;</a>&nbsp;&nbsp;&nbsp;Serial2_init
<LI><a href="#[1fc]">&gt;&gt;</a>&nbsp;&nbsp;&nbsp;Serial1_init
</UL>

<P><STRONG><a name="[d2]"></a>Put_Data_On_LCD</STRONG> (Thumb, 54 bytes, Stack size 0 bytes, lcd_approved_lcd_for_rajasthan.o(.text))
<BR><BR>[Called By]<UL><LI><a href="#[d1]">&gt;&gt;</a>&nbsp;&nbsp;&nbsp;PushButtonDisplay
<LI><a href="#[5a]">&gt;&gt;</a>&nbsp;&nbsp;&nbsp;TaskAutoScroll
<LI><a href="#[50]">&gt;&gt;</a>&nbsp;&nbsp;&nbsp;PushButtonWakeDisplay
<LI><a href="#[99]">&gt;&gt;</a>&nbsp;&nbsp;&nbsp;Display_Version
<LI><a href="#[82]">&gt;&gt;</a>&nbsp;&nbsp;&nbsp;CalDisplay
</UL>

<P><STRONG><a name="[c8]"></a>lcd_put_icon</STRONG> (Thumb, 18 bytes, Stack size 8 bytes, lcd_approved_lcd_for_rajasthan.o(.text))
<BR><BR>[Stack]<UL><LI>Max Depth = 16<LI>Call Chain = lcd_put_icon &rArr; lcd_set_seg
</UL>
<BR>[Calls]<UL><LI><a href="#[c9]">&gt;&gt;</a>&nbsp;&nbsp;&nbsp;lcd_set_seg
</UL>
<BR>[Called By]<UL><LI><a href="#[d1]">&gt;&gt;</a>&nbsp;&nbsp;&nbsp;PushButtonDisplay
<LI><a href="#[d0]">&gt;&gt;</a>&nbsp;&nbsp;&nbsp;TamperIcons
<LI><a href="#[cb]">&gt;&gt;</a>&nbsp;&nbsp;&nbsp;lcd_put_char
<LI><a href="#[5a]">&gt;&gt;</a>&nbsp;&nbsp;&nbsp;TaskAutoScroll
<LI><a href="#[50]">&gt;&gt;</a>&nbsp;&nbsp;&nbsp;PushButtonWakeDisplay
</UL>

<P><STRONG><a name="[ca]"></a>put_ch_LCD</STRONG> (Thumb, 32 bytes, Stack size 16 bytes, lcd_approved_lcd_for_rajasthan.o(.text))
<BR><BR>[Stack]<UL><LI>Max Depth = 24<LI>Call Chain = put_ch_LCD &rArr; lcd_set_seg
</UL>
<BR>[Calls]<UL><LI><a href="#[c9]">&gt;&gt;</a>&nbsp;&nbsp;&nbsp;lcd_set_seg
</UL>
<BR>[Called By]<UL><LI><a href="#[cb]">&gt;&gt;</a>&nbsp;&nbsp;&nbsp;lcd_put_char
</UL>

<P><STRONG><a name="[cb]"></a>lcd_put_char</STRONG> (Thumb, 102 bytes, Stack size 16 bytes, lcd_approved_lcd_for_rajasthan.o(.text))
<BR><BR>[Stack]<UL><LI>Max Depth = 40<LI>Call Chain = lcd_put_char &rArr; put_ch_LCD &rArr; lcd_set_seg
</UL>
<BR>[Calls]<UL><LI><a href="#[ca]">&gt;&gt;</a>&nbsp;&nbsp;&nbsp;put_ch_LCD
<LI><a href="#[c8]">&gt;&gt;</a>&nbsp;&nbsp;&nbsp;lcd_put_icon
<LI><a href="#[cd]">&gt;&gt;</a>&nbsp;&nbsp;&nbsp;toupper
<LI><a href="#[cc]">&gt;&gt;</a>&nbsp;&nbsp;&nbsp;__rt_ctype_table
</UL>
<BR>[Called By]<UL><LI><a href="#[cf]">&gt;&gt;</a>&nbsp;&nbsp;&nbsp;lcd_put_num
<LI><a href="#[ce]">&gt;&gt;</a>&nbsp;&nbsp;&nbsp;lcd_put_flash_str
</UL>

<P><STRONG><a name="[ce]"></a>lcd_put_flash_str</STRONG> (Thumb, 46 bytes, Stack size 16 bytes, lcd_approved_lcd_for_rajasthan.o(.text))
<BR><BR>[Stack]<UL><LI>Max Depth = 56<LI>Call Chain = lcd_put_flash_str &rArr; lcd_put_char &rArr; put_ch_LCD &rArr; lcd_set_seg
</UL>
<BR>[Calls]<UL><LI><a href="#[cb]">&gt;&gt;</a>&nbsp;&nbsp;&nbsp;lcd_put_char
</UL>
<BR>[Called By]<UL><LI><a href="#[d1]">&gt;&gt;</a>&nbsp;&nbsp;&nbsp;PushButtonDisplay
<LI><a href="#[5a]">&gt;&gt;</a>&nbsp;&nbsp;&nbsp;TaskAutoScroll
<LI><a href="#[99]">&gt;&gt;</a>&nbsp;&nbsp;&nbsp;Display_Version
<LI><a href="#[82]">&gt;&gt;</a>&nbsp;&nbsp;&nbsp;CalDisplay
</UL>

<P><STRONG><a name="[cf]"></a>lcd_put_num</STRONG> (Thumb, 62 bytes, Stack size 32 bytes, lcd_approved_lcd_for_rajasthan.o(.text))
<BR><BR>[Stack]<UL><LI>Max Depth = 72<LI>Call Chain = lcd_put_num &rArr; lcd_put_char &rArr; put_ch_LCD &rArr; lcd_set_seg
</UL>
<BR>[Calls]<UL><LI><a href="#[cb]">&gt;&gt;</a>&nbsp;&nbsp;&nbsp;lcd_put_char
<LI><a href="#[8c]">&gt;&gt;</a>&nbsp;&nbsp;&nbsp;__aeabi_idivmod
</UL>
<BR>[Called By]<UL><LI><a href="#[d1]">&gt;&gt;</a>&nbsp;&nbsp;&nbsp;PushButtonDisplay
<LI><a href="#[5a]">&gt;&gt;</a>&nbsp;&nbsp;&nbsp;TaskAutoScroll
<LI><a href="#[50]">&gt;&gt;</a>&nbsp;&nbsp;&nbsp;PushButtonWakeDisplay
</UL>

<P><STRONG><a name="[46]"></a>lcd_clear</STRONG> (Thumb, 50 bytes, Stack size 0 bytes, lcd_approved_lcd_for_rajasthan.o(.text))
<BR><BR>[Called By]<UL><LI><a href="#[4f]">&gt;&gt;</a>&nbsp;&nbsp;&nbsp;lcd_init_1
<LI><a href="#[45]">&gt;&gt;</a>&nbsp;&nbsp;&nbsp;Sleep
</UL>

<P><STRONG><a name="[276]"></a>lcd_test</STRONG> (Thumb, 16 bytes, Stack size 0 bytes, lcd_approved_lcd_for_rajasthan.o(.text), UNUSED)

<P><STRONG><a name="[4f]"></a>lcd_init_1</STRONG> (Thumb, 26 bytes, Stack size 4 bytes, lcd_approved_lcd_for_rajasthan.o(.text))
<BR><BR>[Stack]<UL><LI>Max Depth = 4<LI>Call Chain = lcd_init_1
</UL>
<BR>[Calls]<UL><LI><a href="#[46]">&gt;&gt;</a>&nbsp;&nbsp;&nbsp;lcd_clear
</UL>
<BR>[Called By]<UL><LI><a href="#[1c]">&gt;&gt;</a>&nbsp;&nbsp;&nbsp;main
<LI><a href="#[4b]">&gt;&gt;</a>&nbsp;&nbsp;&nbsp;WakePushButtonFunction
</UL>

<P><STRONG><a name="[d0]"></a>TamperIcons</STRONG> (Thumb, 124 bytes, Stack size 8 bytes, lcd_approved_lcd_for_rajasthan.o(.text))
<BR><BR>[Stack]<UL><LI>Max Depth = 24<LI>Call Chain = TamperIcons &rArr; lcd_put_icon &rArr; lcd_set_seg
</UL>
<BR>[Calls]<UL><LI><a href="#[c8]">&gt;&gt;</a>&nbsp;&nbsp;&nbsp;lcd_put_icon
</UL>
<BR>[Called By]<UL><LI><a href="#[d1]">&gt;&gt;</a>&nbsp;&nbsp;&nbsp;PushButtonDisplay
<LI><a href="#[5a]">&gt;&gt;</a>&nbsp;&nbsp;&nbsp;TaskAutoScroll
</UL>

<P><STRONG><a name="[d1]"></a>PushButtonDisplay</STRONG> (Thumb, 828 bytes, Stack size 8 bytes, lcd_approved_lcd_for_rajasthan.o(.text))
<BR><BR>[Stack]<UL><LI>Max Depth = 80<LI>Call Chain = PushButtonDisplay &rArr; lcd_put_num &rArr; lcd_put_char &rArr; put_ch_LCD &rArr; lcd_set_seg
</UL>
<BR>[Calls]<UL><LI><a href="#[d0]">&gt;&gt;</a>&nbsp;&nbsp;&nbsp;TamperIcons
<LI><a href="#[cf]">&gt;&gt;</a>&nbsp;&nbsp;&nbsp;lcd_put_num
<LI><a href="#[ce]">&gt;&gt;</a>&nbsp;&nbsp;&nbsp;lcd_put_flash_str
<LI><a href="#[c8]">&gt;&gt;</a>&nbsp;&nbsp;&nbsp;lcd_put_icon
<LI><a href="#[d2]">&gt;&gt;</a>&nbsp;&nbsp;&nbsp;Put_Data_On_LCD
<LI><a href="#[7b]">&gt;&gt;</a>&nbsp;&nbsp;&nbsp;__ARM_common_switch8
<LI><a href="#[8c]">&gt;&gt;</a>&nbsp;&nbsp;&nbsp;__aeabi_idivmod
</UL>
<BR>[Called By]<UL><LI><a href="#[5a]">&gt;&gt;</a>&nbsp;&nbsp;&nbsp;TaskAutoScroll
</UL>

<P><STRONG><a name="[5a]"></a>TaskAutoScroll</STRONG> (Thumb, 846 bytes, Stack size 8 bytes, lcd_approved_lcd_for_rajasthan.o(.text))
<BR><BR>[Stack]<UL><LI>Max Depth = 88<LI>Call Chain = TaskAutoScroll &rArr; PushButtonDisplay &rArr; lcd_put_num &rArr; lcd_put_char &rArr; put_ch_LCD &rArr; lcd_set_seg
</UL>
<BR>[Calls]<UL><LI><a href="#[d1]">&gt;&gt;</a>&nbsp;&nbsp;&nbsp;PushButtonDisplay
<LI><a href="#[d0]">&gt;&gt;</a>&nbsp;&nbsp;&nbsp;TamperIcons
<LI><a href="#[cf]">&gt;&gt;</a>&nbsp;&nbsp;&nbsp;lcd_put_num
<LI><a href="#[ce]">&gt;&gt;</a>&nbsp;&nbsp;&nbsp;lcd_put_flash_str
<LI><a href="#[c8]">&gt;&gt;</a>&nbsp;&nbsp;&nbsp;lcd_put_icon
<LI><a href="#[d2]">&gt;&gt;</a>&nbsp;&nbsp;&nbsp;Put_Data_On_LCD
<LI><a href="#[7b]">&gt;&gt;</a>&nbsp;&nbsp;&nbsp;__ARM_common_switch8
<LI><a href="#[8c]">&gt;&gt;</a>&nbsp;&nbsp;&nbsp;__aeabi_idivmod
</UL>
<BR>[Called By]<UL><LI><a href="#[1c]">&gt;&gt;</a>&nbsp;&nbsp;&nbsp;main
<LI><a href="#[1f]">&gt;&gt;</a>&nbsp;&nbsp;&nbsp;Timer1_Interrupt
<LI><a href="#[59]">&gt;&gt;</a>&nbsp;&nbsp;&nbsp;_1_SecFunction
</UL>

<P><STRONG><a name="[50]"></a>PushButtonWakeDisplay</STRONG> (Thumb, 412 bytes, Stack size 8 bytes, lcd_approved_lcd_for_rajasthan.o(.text))
<BR><BR>[Stack]<UL><LI>Max Depth = 80<LI>Call Chain = PushButtonWakeDisplay &rArr; lcd_put_num &rArr; lcd_put_char &rArr; put_ch_LCD &rArr; lcd_set_seg
</UL>
<BR>[Calls]<UL><LI><a href="#[cf]">&gt;&gt;</a>&nbsp;&nbsp;&nbsp;lcd_put_num
<LI><a href="#[c8]">&gt;&gt;</a>&nbsp;&nbsp;&nbsp;lcd_put_icon
<LI><a href="#[d2]">&gt;&gt;</a>&nbsp;&nbsp;&nbsp;Put_Data_On_LCD
<LI><a href="#[7b]">&gt;&gt;</a>&nbsp;&nbsp;&nbsp;__ARM_common_switch8
<LI><a href="#[8c]">&gt;&gt;</a>&nbsp;&nbsp;&nbsp;__aeabi_idivmod
</UL>
<BR>[Called By]<UL><LI><a href="#[1c]">&gt;&gt;</a>&nbsp;&nbsp;&nbsp;main
<LI><a href="#[59]">&gt;&gt;</a>&nbsp;&nbsp;&nbsp;_1_SecFunction
<LI><a href="#[4b]">&gt;&gt;</a>&nbsp;&nbsp;&nbsp;WakePushButtonFunction
</UL>

<P><STRONG><a name="[99]"></a>Display_Version</STRONG> (Thumb, 34 bytes, Stack size 8 bytes, lcd_approved_lcd_for_rajasthan.o(.text))
<BR><BR>[Stack]<UL><LI>Max Depth = 64<LI>Call Chain = Display_Version &rArr; lcd_put_flash_str &rArr; lcd_put_char &rArr; put_ch_LCD &rArr; lcd_set_seg
</UL>
<BR>[Calls]<UL><LI><a href="#[ce]">&gt;&gt;</a>&nbsp;&nbsp;&nbsp;lcd_put_flash_str
<LI><a href="#[d2]">&gt;&gt;</a>&nbsp;&nbsp;&nbsp;Put_Data_On_LCD
</UL>
<BR>[Called By]<UL><LI><a href="#[1c]">&gt;&gt;</a>&nbsp;&nbsp;&nbsp;main
</UL>

<P><STRONG><a name="[82]"></a>CalDisplay</STRONG> (Thumb, 166 bytes, Stack size 8 bytes, lcd_approved_lcd_for_rajasthan.o(.text))
<BR><BR>[Stack]<UL><LI>Max Depth = 64<LI>Call Chain = CalDisplay &rArr; lcd_put_flash_str &rArr; lcd_put_char &rArr; put_ch_LCD &rArr; lcd_set_seg
</UL>
<BR>[Calls]<UL><LI><a href="#[ce]">&gt;&gt;</a>&nbsp;&nbsp;&nbsp;lcd_put_flash_str
<LI><a href="#[d2]">&gt;&gt;</a>&nbsp;&nbsp;&nbsp;Put_Data_On_LCD
</UL>
<BR>[Called By]<UL><LI><a href="#[7e]">&gt;&gt;</a>&nbsp;&nbsp;&nbsp;serial_comm
</UL>

<P><STRONG><a name="[d3]"></a>cyclic</STRONG> (Thumb, 22 bytes, Stack size 16 bytes, asdaq_app.o(.text))
<BR><BR>[Stack]<UL><LI>Max Depth = 28<LI>Call Chain = cyclic &rArr; __aeabi_uidivmod
</UL>
<BR>[Calls]<UL><LI><a href="#[5b]">&gt;&gt;</a>&nbsp;&nbsp;&nbsp;__aeabi_uidivmod
</UL>
<BR>[Called By]<UL><LI><a href="#[61]">&gt;&gt;</a>&nbsp;&nbsp;&nbsp;update_tod_data
<LI><a href="#[5e]">&gt;&gt;</a>&nbsp;&nbsp;&nbsp;load_func
<LI><a href="#[9b]">&gt;&gt;</a>&nbsp;&nbsp;&nbsp;init_eeprom
<LI><a href="#[60]">&gt;&gt;</a>&nbsp;&nbsp;&nbsp;history_func
</UL>

<P><STRONG><a name="[9a]"></a>init_io_param</STRONG> (Thumb, 58 bytes, Stack size 0 bytes, asdaq_app.o(.text))
<BR><BR>[Called By]<UL><LI><a href="#[1c]">&gt;&gt;</a>&nbsp;&nbsp;&nbsp;main
</UL>

<P><STRONG><a name="[d4]"></a>write_eeprom</STRONG> (Thumb, 24 bytes, Stack size 16 bytes, asdaq_app.o(.text))
<BR><BR>[Stack]<UL><LI>Max Depth = 108<LI>Call Chain = write_eeprom &rArr; eeprom_write &rArr; EPWritePage &rArr; i2c_master_tx_byte &rArr; i2c_busy_wait &rArr; delay &rArr; __aeabi_uidivmod
</UL>
<BR>[Calls]<UL><LI><a href="#[d6]">&gt;&gt;</a>&nbsp;&nbsp;&nbsp;eeprom_write
<LI><a href="#[d5]">&gt;&gt;</a>&nbsp;&nbsp;&nbsp;eeprom_init
<LI><a href="#[d7]">&gt;&gt;</a>&nbsp;&nbsp;&nbsp;eeprom_deinit
</UL>
<BR>[Called By]<UL><LI><a href="#[f7]">&gt;&gt;</a>&nbsp;&nbsp;&nbsp;reset_ls_data
<LI><a href="#[f6]">&gt;&gt;</a>&nbsp;&nbsp;&nbsp;tod_passive_to_active
<LI><a href="#[de]">&gt;&gt;</a>&nbsp;&nbsp;&nbsp;store_event_data
<LI><a href="#[b0]">&gt;&gt;</a>&nbsp;&nbsp;&nbsp;inst_param_func
<LI><a href="#[61]">&gt;&gt;</a>&nbsp;&nbsp;&nbsp;update_tod_data
<LI><a href="#[62]">&gt;&gt;</a>&nbsp;&nbsp;&nbsp;tamper_func
<LI><a href="#[5e]">&gt;&gt;</a>&nbsp;&nbsp;&nbsp;load_func
<LI><a href="#[60]">&gt;&gt;</a>&nbsp;&nbsp;&nbsp;history_func
<LI><a href="#[5d]">&gt;&gt;</a>&nbsp;&nbsp;&nbsp;dlms_actions_func
<LI><a href="#[86]">&gt;&gt;</a>&nbsp;&nbsp;&nbsp;default_eeprom
</UL>

<P><STRONG><a name="[5c]"></a>read_eeprom</STRONG> (Thumb, 28 bytes, Stack size 16 bytes, asdaq_app.o(.text))
<BR><BR>[Stack]<UL><LI>Max Depth = 84<LI>Call Chain = read_eeprom &rArr; eeprom_read &rArr; i2c_master_rx_byte &rArr; i2c_busy_wait &rArr; delay &rArr; __aeabi_uidivmod
</UL>
<BR>[Calls]<UL><LI><a href="#[d8]">&gt;&gt;</a>&nbsp;&nbsp;&nbsp;eeprom_read
<LI><a href="#[d5]">&gt;&gt;</a>&nbsp;&nbsp;&nbsp;eeprom_init
<LI><a href="#[d7]">&gt;&gt;</a>&nbsp;&nbsp;&nbsp;eeprom_deinit
</UL>
<BR>[Called By]<UL><LI><a href="#[f6]">&gt;&gt;</a>&nbsp;&nbsp;&nbsp;tod_passive_to_active
<LI><a href="#[9d]">&gt;&gt;</a>&nbsp;&nbsp;&nbsp;init_tod
<LI><a href="#[9b]">&gt;&gt;</a>&nbsp;&nbsp;&nbsp;init_eeprom
<LI><a href="#[60]">&gt;&gt;</a>&nbsp;&nbsp;&nbsp;history_func
<LI><a href="#[86]">&gt;&gt;</a>&nbsp;&nbsp;&nbsp;default_eeprom
<LI><a href="#[4e]">&gt;&gt;</a>&nbsp;&nbsp;&nbsp;PushButton_init_eeprom
<LI><a href="#[59]">&gt;&gt;</a>&nbsp;&nbsp;&nbsp;_1_SecFunction
</UL>

<P><STRONG><a name="[83]"></a>to_eeprom</STRONG> (Thumb, 26 bytes, Stack size 24 bytes, asdaq_app.o(.text))
<BR><BR>[Stack]<UL><LI>Max Depth = 116<LI>Call Chain = to_eeprom &rArr; eeprom_write &rArr; EPWritePage &rArr; i2c_master_tx_byte &rArr; i2c_busy_wait &rArr; delay &rArr; __aeabi_uidivmod
</UL>
<BR>[Calls]<UL><LI><a href="#[d6]">&gt;&gt;</a>&nbsp;&nbsp;&nbsp;eeprom_write
<LI><a href="#[d5]">&gt;&gt;</a>&nbsp;&nbsp;&nbsp;eeprom_init
<LI><a href="#[d7]">&gt;&gt;</a>&nbsp;&nbsp;&nbsp;eeprom_deinit
</UL>
<BR>[Called By]<UL><LI><a href="#[100]">&gt;&gt;</a>&nbsp;&nbsp;&nbsp;mem_check
<LI><a href="#[f8]">&gt;&gt;</a>&nbsp;&nbsp;&nbsp;power_fail_func
<LI><a href="#[f7]">&gt;&gt;</a>&nbsp;&nbsp;&nbsp;reset_ls_data
<LI><a href="#[f6]">&gt;&gt;</a>&nbsp;&nbsp;&nbsp;tod_passive_to_active
<LI><a href="#[f5]">&gt;&gt;</a>&nbsp;&nbsp;&nbsp;fill_load_survey_entries
<LI><a href="#[f3]">&gt;&gt;</a>&nbsp;&nbsp;&nbsp;store_energy_in_zone
<LI><a href="#[e7]">&gt;&gt;</a>&nbsp;&nbsp;&nbsp;store_md_data
<LI><a href="#[de]">&gt;&gt;</a>&nbsp;&nbsp;&nbsp;store_event_data
<LI><a href="#[b0]">&gt;&gt;</a>&nbsp;&nbsp;&nbsp;inst_param_func
<LI><a href="#[62]">&gt;&gt;</a>&nbsp;&nbsp;&nbsp;tamper_func
<LI><a href="#[5e]">&gt;&gt;</a>&nbsp;&nbsp;&nbsp;load_func
<LI><a href="#[60]">&gt;&gt;</a>&nbsp;&nbsp;&nbsp;history_func
<LI><a href="#[5d]">&gt;&gt;</a>&nbsp;&nbsp;&nbsp;dlms_actions_func
<LI><a href="#[86]">&gt;&gt;</a>&nbsp;&nbsp;&nbsp;default_eeprom
<LI><a href="#[7e]">&gt;&gt;</a>&nbsp;&nbsp;&nbsp;serial_comm
</UL>

<P><STRONG><a name="[86]"></a>default_eeprom</STRONG> (Thumb, 1488 bytes, Stack size 24 bytes, asdaq_app.o(.text))
<BR><BR>[Stack]<UL><LI>Max Depth = 140<LI>Call Chain = default_eeprom &rArr; to_eeprom &rArr; eeprom_write &rArr; EPWritePage &rArr; i2c_master_tx_byte &rArr; i2c_busy_wait &rArr; delay &rArr; __aeabi_uidivmod
</UL>
<BR>[Calls]<UL><LI><a href="#[d4]">&gt;&gt;</a>&nbsp;&nbsp;&nbsp;write_eeprom
<LI><a href="#[83]">&gt;&gt;</a>&nbsp;&nbsp;&nbsp;to_eeprom
<LI><a href="#[5c]">&gt;&gt;</a>&nbsp;&nbsp;&nbsp;read_eeprom
<LI><a href="#[5b]">&gt;&gt;</a>&nbsp;&nbsp;&nbsp;__aeabi_uidivmod
</UL>
<BR>[Called By]<UL><LI><a href="#[1c]">&gt;&gt;</a>&nbsp;&nbsp;&nbsp;main
<LI><a href="#[7e]">&gt;&gt;</a>&nbsp;&nbsp;&nbsp;serial_comm
</UL>

<P><STRONG><a name="[d9]"></a>get_time_data</STRONG> (Thumb, 146 bytes, Stack size 24 bytes, asdaq_app.o(.text))
<BR><BR>[Stack]<UL><LI>Max Depth = 36<LI>Call Chain = get_time_data &rArr; __aeabi_uidivmod
</UL>
<BR>[Calls]<UL><LI><a href="#[5b]">&gt;&gt;</a>&nbsp;&nbsp;&nbsp;__aeabi_uidivmod
</UL>
<BR>[Called By]<UL><LI><a href="#[f6]">&gt;&gt;</a>&nbsp;&nbsp;&nbsp;tod_passive_to_active
<LI><a href="#[ee]">&gt;&gt;</a>&nbsp;&nbsp;&nbsp;get_tamper_data
<LI><a href="#[ed]">&gt;&gt;</a>&nbsp;&nbsp;&nbsp;get_lp_data
<LI><a href="#[ec]">&gt;&gt;</a>&nbsp;&nbsp;&nbsp;get_dlp_data
<LI><a href="#[e8]">&gt;&gt;</a>&nbsp;&nbsp;&nbsp;get_bill_data
<LI><a href="#[e7]">&gt;&gt;</a>&nbsp;&nbsp;&nbsp;store_md_data
<LI><a href="#[de]">&gt;&gt;</a>&nbsp;&nbsp;&nbsp;store_event_data
<LI><a href="#[9d]">&gt;&gt;</a>&nbsp;&nbsp;&nbsp;init_tod
<LI><a href="#[9b]">&gt;&gt;</a>&nbsp;&nbsp;&nbsp;init_eeprom
<LI><a href="#[60]">&gt;&gt;</a>&nbsp;&nbsp;&nbsp;history_func
<LI><a href="#[5d]">&gt;&gt;</a>&nbsp;&nbsp;&nbsp;dlms_actions_func
<LI><a href="#[4e]">&gt;&gt;</a>&nbsp;&nbsp;&nbsp;PushButton_init_eeprom
</UL>

<P><STRONG><a name="[41]"></a>from_eeprom</STRONG> (Thumb, 60 bytes, Stack size 16 bytes, asdaq_app.o(.text))
<BR><BR>[Stack]<UL><LI>Max Depth = 84<LI>Call Chain = from_eeprom &rArr; eeprom_read &rArr; i2c_master_rx_byte &rArr; i2c_busy_wait &rArr; delay &rArr; __aeabi_uidivmod
</UL>
<BR>[Calls]<UL><LI><a href="#[d8]">&gt;&gt;</a>&nbsp;&nbsp;&nbsp;eeprom_read
<LI><a href="#[d5]">&gt;&gt;</a>&nbsp;&nbsp;&nbsp;eeprom_init
<LI><a href="#[d7]">&gt;&gt;</a>&nbsp;&nbsp;&nbsp;eeprom_deinit
</UL>
<BR>[Called By]<UL><LI><a href="#[100]">&gt;&gt;</a>&nbsp;&nbsp;&nbsp;mem_check
<LI><a href="#[f8]">&gt;&gt;</a>&nbsp;&nbsp;&nbsp;power_fail_func
<LI><a href="#[f6]">&gt;&gt;</a>&nbsp;&nbsp;&nbsp;tod_passive_to_active
<LI><a href="#[f3]">&gt;&gt;</a>&nbsp;&nbsp;&nbsp;store_energy_in_zone
<LI><a href="#[eb]">&gt;&gt;</a>&nbsp;&nbsp;&nbsp;find_num_between_dlp_entries
<LI><a href="#[ea]">&gt;&gt;</a>&nbsp;&nbsp;&nbsp;find_num_between_lp_entries
<LI><a href="#[e7]">&gt;&gt;</a>&nbsp;&nbsp;&nbsp;store_md_data
<LI><a href="#[de]">&gt;&gt;</a>&nbsp;&nbsp;&nbsp;store_event_data
<LI><a href="#[9d]">&gt;&gt;</a>&nbsp;&nbsp;&nbsp;init_tod
<LI><a href="#[9b]">&gt;&gt;</a>&nbsp;&nbsp;&nbsp;init_eeprom
<LI><a href="#[60]">&gt;&gt;</a>&nbsp;&nbsp;&nbsp;history_func
<LI><a href="#[4e]">&gt;&gt;</a>&nbsp;&nbsp;&nbsp;PushButton_init_eeprom
<LI><a href="#[59]">&gt;&gt;</a>&nbsp;&nbsp;&nbsp;_1_SecFunction
<LI><a href="#[40]">&gt;&gt;</a>&nbsp;&nbsp;&nbsp;ReadCalConstants
</UL>

<P><STRONG><a name="[4e]"></a>PushButton_init_eeprom</STRONG> (Thumb, 106 bytes, Stack size 16 bytes, asdaq_app.o(.text))
<BR><BR>[Stack]<UL><LI>Max Depth = 100<LI>Call Chain = PushButton_init_eeprom &rArr; read_eeprom &rArr; eeprom_read &rArr; i2c_master_rx_byte &rArr; i2c_busy_wait &rArr; delay &rArr; __aeabi_uidivmod
</UL>
<BR>[Calls]<UL><LI><a href="#[d9]">&gt;&gt;</a>&nbsp;&nbsp;&nbsp;get_time_data
<LI><a href="#[5c]">&gt;&gt;</a>&nbsp;&nbsp;&nbsp;read_eeprom
<LI><a href="#[41]">&gt;&gt;</a>&nbsp;&nbsp;&nbsp;from_eeprom
</UL>
<BR>[Called By]<UL><LI><a href="#[4b]">&gt;&gt;</a>&nbsp;&nbsp;&nbsp;WakePushButtonFunction
</UL>

<P><STRONG><a name="[dd]"></a>from_data_arr</STRONG> (Thumb, 40 bytes, Stack size 20 bytes, asdaq_app.o(.text))
<BR><BR>[Stack]<UL><LI>Max Depth = 20<LI>Call Chain = from_data_arr
</UL>
<BR>[Called By]<UL><LI><a href="#[ee]">&gt;&gt;</a>&nbsp;&nbsp;&nbsp;get_tamper_data
<LI><a href="#[ed]">&gt;&gt;</a>&nbsp;&nbsp;&nbsp;get_lp_data
<LI><a href="#[ec]">&gt;&gt;</a>&nbsp;&nbsp;&nbsp;get_dlp_data
<LI><a href="#[e9]">&gt;&gt;</a>&nbsp;&nbsp;&nbsp;get_present_tod_data
<LI><a href="#[e8]">&gt;&gt;</a>&nbsp;&nbsp;&nbsp;get_bill_data
<LI><a href="#[9b]">&gt;&gt;</a>&nbsp;&nbsp;&nbsp;init_eeprom
</UL>

<P><STRONG><a name="[da]"></a>read_page_eeprom</STRONG> (Thumb, 34 bytes, Stack size 16 bytes, asdaq_app.o(.text))
<BR><BR>[Stack]<UL><LI>Max Depth = 84<LI>Call Chain = read_page_eeprom &rArr; eeprom_read &rArr; i2c_master_rx_byte &rArr; i2c_busy_wait &rArr; delay &rArr; __aeabi_uidivmod
</UL>
<BR>[Calls]<UL><LI><a href="#[d8]">&gt;&gt;</a>&nbsp;&nbsp;&nbsp;eeprom_read
<LI><a href="#[d5]">&gt;&gt;</a>&nbsp;&nbsp;&nbsp;eeprom_init
<LI><a href="#[d7]">&gt;&gt;</a>&nbsp;&nbsp;&nbsp;eeprom_deinit
</UL>
<BR>[Called By]<UL><LI><a href="#[ee]">&gt;&gt;</a>&nbsp;&nbsp;&nbsp;get_tamper_data
<LI><a href="#[ed]">&gt;&gt;</a>&nbsp;&nbsp;&nbsp;get_lp_data
<LI><a href="#[ec]">&gt;&gt;</a>&nbsp;&nbsp;&nbsp;get_dlp_data
<LI><a href="#[e9]">&gt;&gt;</a>&nbsp;&nbsp;&nbsp;get_present_tod_data
<LI><a href="#[e8]">&gt;&gt;</a>&nbsp;&nbsp;&nbsp;get_bill_data
<LI><a href="#[9b]">&gt;&gt;</a>&nbsp;&nbsp;&nbsp;init_eeprom
</UL>

<P><STRONG><a name="[db]"></a>crc8</STRONG> (Thumb, 40 bytes, Stack size 12 bytes, asdaq_app.o(.text))
<BR><BR>[Stack]<UL><LI>Max Depth = 12<LI>Call Chain = crc8
</UL>
<BR>[Called By]<UL><LI><a href="#[5e]">&gt;&gt;</a>&nbsp;&nbsp;&nbsp;load_func
<LI><a href="#[9b]">&gt;&gt;</a>&nbsp;&nbsp;&nbsp;init_eeprom
</UL>

<P><STRONG><a name="[9b]"></a>init_eeprom</STRONG> (Thumb, 2296 bytes, Stack size 32 bytes, asdaq_app.o(.text))
<BR><BR>[Stack]<UL><LI>Max Depth = 116<LI>Call Chain = init_eeprom &rArr; read_page_eeprom &rArr; eeprom_read &rArr; i2c_master_rx_byte &rArr; i2c_busy_wait &rArr; delay &rArr; __aeabi_uidivmod
</UL>
<BR>[Calls]<UL><LI><a href="#[db]">&gt;&gt;</a>&nbsp;&nbsp;&nbsp;crc8
<LI><a href="#[da]">&gt;&gt;</a>&nbsp;&nbsp;&nbsp;read_page_eeprom
<LI><a href="#[dd]">&gt;&gt;</a>&nbsp;&nbsp;&nbsp;from_data_arr
<LI><a href="#[d9]">&gt;&gt;</a>&nbsp;&nbsp;&nbsp;get_time_data
<LI><a href="#[d3]">&gt;&gt;</a>&nbsp;&nbsp;&nbsp;cyclic
<LI><a href="#[5c]">&gt;&gt;</a>&nbsp;&nbsp;&nbsp;read_eeprom
<LI><a href="#[41]">&gt;&gt;</a>&nbsp;&nbsp;&nbsp;from_eeprom
<LI><a href="#[dc]">&gt;&gt;</a>&nbsp;&nbsp;&nbsp;__aeabi_memcpy
<LI><a href="#[5b]">&gt;&gt;</a>&nbsp;&nbsp;&nbsp;__aeabi_uidivmod
</UL>
<BR>[Called By]<UL><LI><a href="#[1c]">&gt;&gt;</a>&nbsp;&nbsp;&nbsp;main
</UL>

<P><STRONG><a name="[de]"></a>store_event_data</STRONG> (Thumb, 786 bytes, Stack size 32 bytes, asdaq_app.o(.text))
<BR><BR>[Stack]<UL><LI>Max Depth = 148<LI>Call Chain = store_event_data &rArr; to_eeprom &rArr; eeprom_write &rArr; EPWritePage &rArr; i2c_master_tx_byte &rArr; i2c_busy_wait &rArr; delay &rArr; __aeabi_uidivmod
</UL>
<BR>[Calls]<UL><LI><a href="#[d9]">&gt;&gt;</a>&nbsp;&nbsp;&nbsp;get_time_data
<LI><a href="#[d4]">&gt;&gt;</a>&nbsp;&nbsp;&nbsp;write_eeprom
<LI><a href="#[83]">&gt;&gt;</a>&nbsp;&nbsp;&nbsp;to_eeprom
<LI><a href="#[41]">&gt;&gt;</a>&nbsp;&nbsp;&nbsp;from_eeprom
</UL>
<BR>[Called By]<UL><LI><a href="#[f8]">&gt;&gt;</a>&nbsp;&nbsp;&nbsp;power_fail_func
<LI><a href="#[b0]">&gt;&gt;</a>&nbsp;&nbsp;&nbsp;inst_param_func
<LI><a href="#[62]">&gt;&gt;</a>&nbsp;&nbsp;&nbsp;tamper_func
<LI><a href="#[5d]">&gt;&gt;</a>&nbsp;&nbsp;&nbsp;dlms_actions_func
</UL>

<P><STRONG><a name="[b0]"></a>inst_param_func</STRONG> (Thumb, 2992 bytes, Stack size 64 bytes, asdaq_app.o(.text))
<BR><BR>[Stack]<UL><LI>Max Depth = 280<LI>Call Chain = inst_param_func &rArr; afe_w &rArr; afe_wsum2w &rArr; __aeabi_dmul &rArr; _double_epilogue &rArr; __aeabi_llsr
</UL>
<BR>[Calls]<UL><LI><a href="#[e1]">&gt;&gt;</a>&nbsp;&nbsp;&nbsp;afe_w
<LI><a href="#[df]">&gt;&gt;</a>&nbsp;&nbsp;&nbsp;afe_vrms
<LI><a href="#[e2]">&gt;&gt;</a>&nbsp;&nbsp;&nbsp;afe_var
<LI><a href="#[e3]">&gt;&gt;</a>&nbsp;&nbsp;&nbsp;afe_va
<LI><a href="#[e4]">&gt;&gt;</a>&nbsp;&nbsp;&nbsp;afe_power_factor
<LI><a href="#[e5]">&gt;&gt;</a>&nbsp;&nbsp;&nbsp;afe_frequency
<LI><a href="#[e0]">&gt;&gt;</a>&nbsp;&nbsp;&nbsp;afe_arms
<LI><a href="#[e6]">&gt;&gt;</a>&nbsp;&nbsp;&nbsp;__aeabi_d2uiz
<LI><a href="#[de]">&gt;&gt;</a>&nbsp;&nbsp;&nbsp;store_event_data
<LI><a href="#[d4]">&gt;&gt;</a>&nbsp;&nbsp;&nbsp;write_eeprom
<LI><a href="#[a8]">&gt;&gt;</a>&nbsp;&nbsp;&nbsp;__aeabi_f2uiz
<LI><a href="#[83]">&gt;&gt;</a>&nbsp;&nbsp;&nbsp;to_eeprom
<LI><a href="#[3f]">&gt;&gt;</a>&nbsp;&nbsp;&nbsp;gpio_get_state
<LI><a href="#[74]">&gt;&gt;</a>&nbsp;&nbsp;&nbsp;__aeabi_ui2f
<LI><a href="#[64]">&gt;&gt;</a>&nbsp;&nbsp;&nbsp;__aeabi_i2f
<LI><a href="#[42]">&gt;&gt;</a>&nbsp;&nbsp;&nbsp;__aeabi_i2d
<LI><a href="#[6d]">&gt;&gt;</a>&nbsp;&nbsp;&nbsp;__aeabi_fmul
<LI><a href="#[65]">&gt;&gt;</a>&nbsp;&nbsp;&nbsp;__aeabi_fdiv
<LI><a href="#[71]">&gt;&gt;</a>&nbsp;&nbsp;&nbsp;__aeabi_f2iz
<LI><a href="#[68]">&gt;&gt;</a>&nbsp;&nbsp;&nbsp;__aeabi_f2d
<LI><a href="#[43]">&gt;&gt;</a>&nbsp;&nbsp;&nbsp;__aeabi_dmul
<LI><a href="#[44]">&gt;&gt;</a>&nbsp;&nbsp;&nbsp;__aeabi_d2iz
<LI><a href="#[6b]">&gt;&gt;</a>&nbsp;&nbsp;&nbsp;__aeabi_d2f
<LI><a href="#[5b]">&gt;&gt;</a>&nbsp;&nbsp;&nbsp;__aeabi_uidivmod
<LI><a href="#[66]">&gt;&gt;</a>&nbsp;&nbsp;&nbsp;sqrt
</UL>
<BR>[Called By]<UL><LI><a href="#[85]">&gt;&gt;</a>&nbsp;&nbsp;&nbsp;meter_sum_data
</UL>

<P><STRONG><a name="[5e]"></a>load_func</STRONG> (Thumb, 236 bytes, Stack size 16 bytes, asdaq_app.o(.text))
<BR><BR>[Stack]<UL><LI>Max Depth = 132<LI>Call Chain = load_func &rArr; to_eeprom &rArr; eeprom_write &rArr; EPWritePage &rArr; i2c_master_tx_byte &rArr; i2c_busy_wait &rArr; delay &rArr; __aeabi_uidivmod
</UL>
<BR>[Calls]<UL><LI><a href="#[db]">&gt;&gt;</a>&nbsp;&nbsp;&nbsp;crc8
<LI><a href="#[d4]">&gt;&gt;</a>&nbsp;&nbsp;&nbsp;write_eeprom
<LI><a href="#[d3]">&gt;&gt;</a>&nbsp;&nbsp;&nbsp;cyclic
<LI><a href="#[83]">&gt;&gt;</a>&nbsp;&nbsp;&nbsp;to_eeprom
<LI><a href="#[8c]">&gt;&gt;</a>&nbsp;&nbsp;&nbsp;__aeabi_idivmod
<LI><a href="#[5b]">&gt;&gt;</a>&nbsp;&nbsp;&nbsp;__aeabi_uidivmod
</UL>
<BR>[Called By]<UL><LI><a href="#[59]">&gt;&gt;</a>&nbsp;&nbsp;&nbsp;_1_SecFunction
</UL>

<P><STRONG><a name="[e7]"></a>store_md_data</STRONG> (Thumb, 646 bytes, Stack size 24 bytes, asdaq_app.o(.text))
<BR><BR>[Stack]<UL><LI>Max Depth = 140<LI>Call Chain = store_md_data &rArr; to_eeprom &rArr; eeprom_write &rArr; EPWritePage &rArr; i2c_master_tx_byte &rArr; i2c_busy_wait &rArr; delay &rArr; __aeabi_uidivmod
</UL>
<BR>[Calls]<UL><LI><a href="#[d9]">&gt;&gt;</a>&nbsp;&nbsp;&nbsp;get_time_data
<LI><a href="#[83]">&gt;&gt;</a>&nbsp;&nbsp;&nbsp;to_eeprom
<LI><a href="#[41]">&gt;&gt;</a>&nbsp;&nbsp;&nbsp;from_eeprom
<LI><a href="#[5b]">&gt;&gt;</a>&nbsp;&nbsp;&nbsp;__aeabi_uidivmod
</UL>
<BR>[Called By]<UL><LI><a href="#[60]">&gt;&gt;</a>&nbsp;&nbsp;&nbsp;history_func
</UL>

<P><STRONG><a name="[e8]"></a>get_bill_data</STRONG> (Thumb, 1064 bytes, Stack size 24 bytes, asdaq_app.o(.text))
<BR><BR>[Stack]<UL><LI>Max Depth = 108<LI>Call Chain = get_bill_data &rArr; read_page_eeprom &rArr; eeprom_read &rArr; i2c_master_rx_byte &rArr; i2c_busy_wait &rArr; delay &rArr; __aeabi_uidivmod
</UL>
<BR>[Calls]<UL><LI><a href="#[da]">&gt;&gt;</a>&nbsp;&nbsp;&nbsp;read_page_eeprom
<LI><a href="#[dd]">&gt;&gt;</a>&nbsp;&nbsp;&nbsp;from_data_arr
<LI><a href="#[d9]">&gt;&gt;</a>&nbsp;&nbsp;&nbsp;get_time_data
<LI><a href="#[dc]">&gt;&gt;</a>&nbsp;&nbsp;&nbsp;__aeabi_memcpy
<LI><a href="#[5b]">&gt;&gt;</a>&nbsp;&nbsp;&nbsp;__aeabi_uidivmod
</UL>
<BR>[Called By]<UL><LI><a href="#[1ac]">&gt;&gt;</a>&nbsp;&nbsp;&nbsp;dlms_obj_getpg_value
</UL>

<P><STRONG><a name="[e9]"></a>get_present_tod_data</STRONG> (Thumb, 112 bytes, Stack size 16 bytes, asdaq_app.o(.text), UNUSED)
<BR><BR>[Calls]<UL><LI><a href="#[da]">&gt;&gt;</a>&nbsp;&nbsp;&nbsp;read_page_eeprom
<LI><a href="#[dd]">&gt;&gt;</a>&nbsp;&nbsp;&nbsp;from_data_arr
</UL>

<P><STRONG><a name="[ea]"></a>find_num_between_lp_entries</STRONG> (Thumb, 618 bytes, Stack size 24 bytes, asdaq_app.o(.text), UNUSED)
<BR><BR>[Calls]<UL><LI><a href="#[41]">&gt;&gt;</a>&nbsp;&nbsp;&nbsp;from_eeprom
<LI><a href="#[5b]">&gt;&gt;</a>&nbsp;&nbsp;&nbsp;__aeabi_uidivmod
</UL>

<P><STRONG><a name="[eb]"></a>find_num_between_dlp_entries</STRONG> (Thumb, 464 bytes, Stack size 24 bytes, asdaq_app.o(.text), UNUSED)
<BR><BR>[Calls]<UL><LI><a href="#[41]">&gt;&gt;</a>&nbsp;&nbsp;&nbsp;from_eeprom
<LI><a href="#[5b]">&gt;&gt;</a>&nbsp;&nbsp;&nbsp;__aeabi_uidivmod
</UL>

<P><STRONG><a name="[ec]"></a>get_dlp_data</STRONG> (Thumb, 210 bytes, Stack size 16 bytes, asdaq_app.o(.text))
<BR><BR>[Stack]<UL><LI>Max Depth = 100<LI>Call Chain = get_dlp_data &rArr; read_page_eeprom &rArr; eeprom_read &rArr; i2c_master_rx_byte &rArr; i2c_busy_wait &rArr; delay &rArr; __aeabi_uidivmod
</UL>
<BR>[Calls]<UL><LI><a href="#[da]">&gt;&gt;</a>&nbsp;&nbsp;&nbsp;read_page_eeprom
<LI><a href="#[dd]">&gt;&gt;</a>&nbsp;&nbsp;&nbsp;from_data_arr
<LI><a href="#[d9]">&gt;&gt;</a>&nbsp;&nbsp;&nbsp;get_time_data
<LI><a href="#[dc]">&gt;&gt;</a>&nbsp;&nbsp;&nbsp;__aeabi_memcpy
<LI><a href="#[5b]">&gt;&gt;</a>&nbsp;&nbsp;&nbsp;__aeabi_uidivmod
</UL>
<BR>[Called By]<UL><LI><a href="#[1ac]">&gt;&gt;</a>&nbsp;&nbsp;&nbsp;dlms_obj_getpg_value
</UL>

<P><STRONG><a name="[ed]"></a>get_lp_data</STRONG> (Thumb, 284 bytes, Stack size 24 bytes, asdaq_app.o(.text))
<BR><BR>[Stack]<UL><LI>Max Depth = 108<LI>Call Chain = get_lp_data &rArr; read_page_eeprom &rArr; eeprom_read &rArr; i2c_master_rx_byte &rArr; i2c_busy_wait &rArr; delay &rArr; __aeabi_uidivmod
</UL>
<BR>[Calls]<UL><LI><a href="#[da]">&gt;&gt;</a>&nbsp;&nbsp;&nbsp;read_page_eeprom
<LI><a href="#[dd]">&gt;&gt;</a>&nbsp;&nbsp;&nbsp;from_data_arr
<LI><a href="#[d9]">&gt;&gt;</a>&nbsp;&nbsp;&nbsp;get_time_data
<LI><a href="#[dc]">&gt;&gt;</a>&nbsp;&nbsp;&nbsp;__aeabi_memcpy
<LI><a href="#[5b]">&gt;&gt;</a>&nbsp;&nbsp;&nbsp;__aeabi_uidivmod
</UL>
<BR>[Called By]<UL><LI><a href="#[1ac]">&gt;&gt;</a>&nbsp;&nbsp;&nbsp;dlms_obj_getpg_value
</UL>

<P><STRONG><a name="[ee]"></a>get_tamper_data</STRONG> (Thumb, 408 bytes, Stack size 32 bytes, asdaq_app.o(.text))
<BR><BR>[Stack]<UL><LI>Max Depth = 116<LI>Call Chain = get_tamper_data &rArr; read_page_eeprom &rArr; eeprom_read &rArr; i2c_master_rx_byte &rArr; i2c_busy_wait &rArr; delay &rArr; __aeabi_uidivmod
</UL>
<BR>[Calls]<UL><LI><a href="#[da]">&gt;&gt;</a>&nbsp;&nbsp;&nbsp;read_page_eeprom
<LI><a href="#[dd]">&gt;&gt;</a>&nbsp;&nbsp;&nbsp;from_data_arr
<LI><a href="#[d9]">&gt;&gt;</a>&nbsp;&nbsp;&nbsp;get_time_data
<LI><a href="#[dc]">&gt;&gt;</a>&nbsp;&nbsp;&nbsp;__aeabi_memcpy
<LI><a href="#[5b]">&gt;&gt;</a>&nbsp;&nbsp;&nbsp;__aeabi_uidivmod
</UL>
<BR>[Called By]<UL><LI><a href="#[1ac]">&gt;&gt;</a>&nbsp;&nbsp;&nbsp;dlms_obj_getpg_value
</UL>

<P><STRONG><a name="[ef]"></a>get_active_season_data</STRONG> (Thumb, 186 bytes, Stack size 16 bytes, asdaq_app.o(.text))
<BR><BR>[Stack]<UL><LI>Max Depth = 16<LI>Call Chain = get_active_season_data
</UL>
<BR>[Calls]<UL><LI><a href="#[dc]">&gt;&gt;</a>&nbsp;&nbsp;&nbsp;__aeabi_memcpy
</UL>
<BR>[Called By]<UL><LI><a href="#[1ad]">&gt;&gt;</a>&nbsp;&nbsp;&nbsp;dlms_obj_get_acval
</UL>

<P><STRONG><a name="[f0]"></a>get_passive_season_data</STRONG> (Thumb, 266 bytes, Stack size 16 bytes, asdaq_app.o(.text), UNUSED)
<BR><BR>[Calls]<UL><LI><a href="#[dc]">&gt;&gt;</a>&nbsp;&nbsp;&nbsp;__aeabi_memcpy
</UL>

<P><STRONG><a name="[f1]"></a>get_active_week_data</STRONG> (Thumb, 56 bytes, Stack size 16 bytes, asdaq_app.o(.text))
<BR><BR>[Stack]<UL><LI>Max Depth = 16<LI>Call Chain = get_active_week_data
</UL>
<BR>[Calls]<UL><LI><a href="#[dc]">&gt;&gt;</a>&nbsp;&nbsp;&nbsp;__aeabi_memcpy
</UL>
<BR>[Called By]<UL><LI><a href="#[1ad]">&gt;&gt;</a>&nbsp;&nbsp;&nbsp;dlms_obj_get_acval
</UL>

<P><STRONG><a name="[f2]"></a>get_passive_week_data</STRONG> (Thumb, 56 bytes, Stack size 16 bytes, asdaq_app.o(.text))
<BR><BR>[Stack]<UL><LI>Max Depth = 16<LI>Call Chain = get_passive_week_data
</UL>
<BR>[Calls]<UL><LI><a href="#[dc]">&gt;&gt;</a>&nbsp;&nbsp;&nbsp;__aeabi_memcpy
</UL>
<BR>[Called By]<UL><LI><a href="#[1ad]">&gt;&gt;</a>&nbsp;&nbsp;&nbsp;dlms_obj_get_acval
</UL>

<P><STRONG><a name="[1ae]"></a>get_active_day_data</STRONG> (Thumb, 98 bytes, Stack size 16 bytes, asdaq_app.o(.text))
<BR><BR>[Stack]<UL><LI>Max Depth = 16<LI>Call Chain = get_active_day_data
</UL>
<BR>[Called By]<UL><LI><a href="#[1ad]">&gt;&gt;</a>&nbsp;&nbsp;&nbsp;dlms_obj_get_acval
</UL>

<P><STRONG><a name="[1af]"></a>get_passive_day_data</STRONG> (Thumb, 98 bytes, Stack size 16 bytes, asdaq_app.o(.text))
<BR><BR>[Stack]<UL><LI>Max Depth = 16<LI>Call Chain = get_passive_day_data
</UL>
<BR>[Called By]<UL><LI><a href="#[1ad]">&gt;&gt;</a>&nbsp;&nbsp;&nbsp;dlms_obj_get_acval
</UL>

<P><STRONG><a name="[f3]"></a>store_energy_in_zone</STRONG> (Thumb, 262 bytes, Stack size 8 bytes, asdaq_app.o(.text))
<BR><BR>[Stack]<UL><LI>Max Depth = 124<LI>Call Chain = store_energy_in_zone &rArr; to_eeprom &rArr; eeprom_write &rArr; EPWritePage &rArr; i2c_master_tx_byte &rArr; i2c_busy_wait &rArr; delay &rArr; __aeabi_uidivmod
</UL>
<BR>[Calls]<UL><LI><a href="#[83]">&gt;&gt;</a>&nbsp;&nbsp;&nbsp;to_eeprom
<LI><a href="#[41]">&gt;&gt;</a>&nbsp;&nbsp;&nbsp;from_eeprom
</UL>
<BR>[Called By]<UL><LI><a href="#[61]">&gt;&gt;</a>&nbsp;&nbsp;&nbsp;update_tod_data
<LI><a href="#[60]">&gt;&gt;</a>&nbsp;&nbsp;&nbsp;history_func
</UL>

<P><STRONG><a name="[f4]"></a>find_next_date</STRONG> (Thumb, 162 bytes, Stack size 40 bytes, asdaq_app.o(.text))
<BR><BR>[Stack]<UL><LI>Max Depth = 52<LI>Call Chain = find_next_date &rArr; __aeabi_uidivmod
</UL>
<BR>[Calls]<UL><LI><a href="#[5b]">&gt;&gt;</a>&nbsp;&nbsp;&nbsp;__aeabi_uidivmod
</UL>
<BR>[Called By]<UL><LI><a href="#[f5]">&gt;&gt;</a>&nbsp;&nbsp;&nbsp;fill_load_survey_entries
<LI><a href="#[60]">&gt;&gt;</a>&nbsp;&nbsp;&nbsp;history_func
</UL>

<P><STRONG><a name="[f5]"></a>fill_load_survey_entries</STRONG> (Thumb, 994 bytes, Stack size 40 bytes, asdaq_app.o(.text))
<BR><BR>[Stack]<UL><LI>Max Depth = 156<LI>Call Chain = fill_load_survey_entries &rArr; to_eeprom &rArr; eeprom_write &rArr; EPWritePage &rArr; i2c_master_tx_byte &rArr; i2c_busy_wait &rArr; delay &rArr; __aeabi_uidivmod
</UL>
<BR>[Calls]<UL><LI><a href="#[f4]">&gt;&gt;</a>&nbsp;&nbsp;&nbsp;find_next_date
<LI><a href="#[83]">&gt;&gt;</a>&nbsp;&nbsp;&nbsp;to_eeprom
<LI><a href="#[5b]">&gt;&gt;</a>&nbsp;&nbsp;&nbsp;__aeabi_uidivmod
</UL>
<BR>[Called By]<UL><LI><a href="#[60]">&gt;&gt;</a>&nbsp;&nbsp;&nbsp;history_func
</UL>

<P><STRONG><a name="[5f]"></a>select_season</STRONG> (Thumb, 342 bytes, Stack size 12 bytes, asdaq_app.o(.text))
<BR><BR>[Stack]<UL><LI>Max Depth = 12<LI>Call Chain = select_season
</UL>
<BR>[Called By]<UL><LI><a href="#[f6]">&gt;&gt;</a>&nbsp;&nbsp;&nbsp;tod_passive_to_active
<LI><a href="#[9d]">&gt;&gt;</a>&nbsp;&nbsp;&nbsp;init_tod
<LI><a href="#[59]">&gt;&gt;</a>&nbsp;&nbsp;&nbsp;_1_SecFunction
</UL>

<P><STRONG><a name="[f6]"></a>tod_passive_to_active</STRONG> (Thumb, 412 bytes, Stack size 16 bytes, asdaq_app.o(.text))
<BR><BR>[Stack]<UL><LI>Max Depth = 132<LI>Call Chain = tod_passive_to_active &rArr; to_eeprom &rArr; eeprom_write &rArr; EPWritePage &rArr; i2c_master_tx_byte &rArr; i2c_busy_wait &rArr; delay &rArr; __aeabi_uidivmod
</UL>
<BR>[Calls]<UL><LI><a href="#[d9]">&gt;&gt;</a>&nbsp;&nbsp;&nbsp;get_time_data
<LI><a href="#[d4]">&gt;&gt;</a>&nbsp;&nbsp;&nbsp;write_eeprom
<LI><a href="#[83]">&gt;&gt;</a>&nbsp;&nbsp;&nbsp;to_eeprom
<LI><a href="#[5f]">&gt;&gt;</a>&nbsp;&nbsp;&nbsp;select_season
<LI><a href="#[5c]">&gt;&gt;</a>&nbsp;&nbsp;&nbsp;read_eeprom
<LI><a href="#[41]">&gt;&gt;</a>&nbsp;&nbsp;&nbsp;from_eeprom
<LI><a href="#[5b]">&gt;&gt;</a>&nbsp;&nbsp;&nbsp;__aeabi_uidivmod
</UL>
<BR>[Called By]<UL><LI><a href="#[60]">&gt;&gt;</a>&nbsp;&nbsp;&nbsp;history_func
<LI><a href="#[5d]">&gt;&gt;</a>&nbsp;&nbsp;&nbsp;dlms_actions_func
</UL>

<P><STRONG><a name="[60]"></a>history_func</STRONG> (Thumb, 3636 bytes, Stack size 88 bytes, asdaq_app.o(.text))
<BR><BR>[Stack]<UL><LI>Max Depth = 244<LI>Call Chain = history_func &rArr; fill_load_survey_entries &rArr; to_eeprom &rArr; eeprom_write &rArr; EPWritePage &rArr; i2c_master_tx_byte &rArr; i2c_busy_wait &rArr; delay &rArr; __aeabi_uidivmod
</UL>
<BR>[Calls]<UL><LI><a href="#[f6]">&gt;&gt;</a>&nbsp;&nbsp;&nbsp;tod_passive_to_active
<LI><a href="#[f5]">&gt;&gt;</a>&nbsp;&nbsp;&nbsp;fill_load_survey_entries
<LI><a href="#[f4]">&gt;&gt;</a>&nbsp;&nbsp;&nbsp;find_next_date
<LI><a href="#[f3]">&gt;&gt;</a>&nbsp;&nbsp;&nbsp;store_energy_in_zone
<LI><a href="#[e7]">&gt;&gt;</a>&nbsp;&nbsp;&nbsp;store_md_data
<LI><a href="#[d9]">&gt;&gt;</a>&nbsp;&nbsp;&nbsp;get_time_data
<LI><a href="#[d4]">&gt;&gt;</a>&nbsp;&nbsp;&nbsp;write_eeprom
<LI><a href="#[d3]">&gt;&gt;</a>&nbsp;&nbsp;&nbsp;cyclic
<LI><a href="#[83]">&gt;&gt;</a>&nbsp;&nbsp;&nbsp;to_eeprom
<LI><a href="#[5c]">&gt;&gt;</a>&nbsp;&nbsp;&nbsp;read_eeprom
<LI><a href="#[41]">&gt;&gt;</a>&nbsp;&nbsp;&nbsp;from_eeprom
<LI><a href="#[dc]">&gt;&gt;</a>&nbsp;&nbsp;&nbsp;__aeabi_memcpy
<LI><a href="#[5b]">&gt;&gt;</a>&nbsp;&nbsp;&nbsp;__aeabi_uidivmod
</UL>
<BR>[Called By]<UL><LI><a href="#[59]">&gt;&gt;</a>&nbsp;&nbsp;&nbsp;_1_SecFunction
</UL>

<P><STRONG><a name="[f7]"></a>reset_ls_data</STRONG> (Thumb, 406 bytes, Stack size 32 bytes, asdaq_app.o(.text))
<BR><BR>[Stack]<UL><LI>Max Depth = 148<LI>Call Chain = reset_ls_data &rArr; to_eeprom &rArr; eeprom_write &rArr; EPWritePage &rArr; i2c_master_tx_byte &rArr; i2c_busy_wait &rArr; delay &rArr; __aeabi_uidivmod
</UL>
<BR>[Calls]<UL><LI><a href="#[d4]">&gt;&gt;</a>&nbsp;&nbsp;&nbsp;write_eeprom
<LI><a href="#[83]">&gt;&gt;</a>&nbsp;&nbsp;&nbsp;to_eeprom
<LI><a href="#[5b]">&gt;&gt;</a>&nbsp;&nbsp;&nbsp;__aeabi_uidivmod
</UL>
<BR>[Called By]<UL><LI><a href="#[5d]">&gt;&gt;</a>&nbsp;&nbsp;&nbsp;dlms_actions_func
</UL>

<P><STRONG><a name="[62]"></a>tamper_func</STRONG> (Thumb, 782 bytes, Stack size 32 bytes, asdaq_app.o(.text))
<BR><BR>[Stack]<UL><LI>Max Depth = 180<LI>Call Chain = tamper_func &rArr; store_event_data &rArr; to_eeprom &rArr; eeprom_write &rArr; EPWritePage &rArr; i2c_master_tx_byte &rArr; i2c_busy_wait &rArr; delay &rArr; __aeabi_uidivmod
</UL>
<BR>[Calls]<UL><LI><a href="#[de]">&gt;&gt;</a>&nbsp;&nbsp;&nbsp;store_event_data
<LI><a href="#[d4]">&gt;&gt;</a>&nbsp;&nbsp;&nbsp;write_eeprom
<LI><a href="#[83]">&gt;&gt;</a>&nbsp;&nbsp;&nbsp;to_eeprom
</UL>
<BR>[Called By]<UL><LI><a href="#[59]">&gt;&gt;</a>&nbsp;&nbsp;&nbsp;_1_SecFunction
</UL>

<P><STRONG><a name="[f9]"></a>days_in_month</STRONG> (Thumb, 58 bytes, Stack size 0 bytes, asdaq_app.o(.text), UNUSED)
<BR><BR>[Called By]<UL><LI><a href="#[f8]">&gt;&gt;</a>&nbsp;&nbsp;&nbsp;power_fail_func
</UL>

<P><STRONG><a name="[f8]"></a>power_fail_func</STRONG> (Thumb, 416 bytes, Stack size 24 bytes, asdaq_app.o(.text), UNUSED)
<BR><BR>[Calls]<UL><LI><a href="#[f9]">&gt;&gt;</a>&nbsp;&nbsp;&nbsp;days_in_month
<LI><a href="#[de]">&gt;&gt;</a>&nbsp;&nbsp;&nbsp;store_event_data
<LI><a href="#[83]">&gt;&gt;</a>&nbsp;&nbsp;&nbsp;to_eeprom
<LI><a href="#[41]">&gt;&gt;</a>&nbsp;&nbsp;&nbsp;from_eeprom
<LI><a href="#[5b]">&gt;&gt;</a>&nbsp;&nbsp;&nbsp;__aeabi_uidivmod
</UL>

<P><STRONG><a name="[9d]"></a>init_tod</STRONG> (Thumb, 826 bytes, Stack size 24 bytes, asdaq_app.o(.text))
<BR><BR>[Stack]<UL><LI>Max Depth = 108<LI>Call Chain = init_tod &rArr; read_eeprom &rArr; eeprom_read &rArr; i2c_master_rx_byte &rArr; i2c_busy_wait &rArr; delay &rArr; __aeabi_uidivmod
</UL>
<BR>[Calls]<UL><LI><a href="#[d9]">&gt;&gt;</a>&nbsp;&nbsp;&nbsp;get_time_data
<LI><a href="#[5f]">&gt;&gt;</a>&nbsp;&nbsp;&nbsp;select_season
<LI><a href="#[5c]">&gt;&gt;</a>&nbsp;&nbsp;&nbsp;read_eeprom
<LI><a href="#[41]">&gt;&gt;</a>&nbsp;&nbsp;&nbsp;from_eeprom
<LI><a href="#[5b]">&gt;&gt;</a>&nbsp;&nbsp;&nbsp;__aeabi_uidivmod
</UL>
<BR>[Called By]<UL><LI><a href="#[1c]">&gt;&gt;</a>&nbsp;&nbsp;&nbsp;main
</UL>

<P><STRONG><a name="[61]"></a>update_tod_data</STRONG> (Thumb, 172 bytes, Stack size 16 bytes, asdaq_app.o(.text))
<BR><BR>[Stack]<UL><LI>Max Depth = 140<LI>Call Chain = update_tod_data &rArr; store_energy_in_zone &rArr; to_eeprom &rArr; eeprom_write &rArr; EPWritePage &rArr; i2c_master_tx_byte &rArr; i2c_busy_wait &rArr; delay &rArr; __aeabi_uidivmod
</UL>
<BR>[Calls]<UL><LI><a href="#[f3]">&gt;&gt;</a>&nbsp;&nbsp;&nbsp;store_energy_in_zone
<LI><a href="#[d4]">&gt;&gt;</a>&nbsp;&nbsp;&nbsp;write_eeprom
<LI><a href="#[d3]">&gt;&gt;</a>&nbsp;&nbsp;&nbsp;cyclic
</UL>
<BR>[Called By]<UL><LI><a href="#[59]">&gt;&gt;</a>&nbsp;&nbsp;&nbsp;_1_SecFunction
</UL>

<P><STRONG><a name="[5d]"></a>dlms_actions_func</STRONG> (Thumb, 1176 bytes, Stack size 16 bytes, asdaq_app.o(.text))
<BR><BR>[Stack]<UL><LI>Max Depth = 164<LI>Call Chain = dlms_actions_func &rArr; reset_ls_data &rArr; to_eeprom &rArr; eeprom_write &rArr; EPWritePage &rArr; i2c_master_tx_byte &rArr; i2c_busy_wait &rArr; delay &rArr; __aeabi_uidivmod
</UL>
<BR>[Calls]<UL><LI><a href="#[fb]">&gt;&gt;</a>&nbsp;&nbsp;&nbsp;dlmsif_set_lls_password
<LI><a href="#[fd]">&gt;&gt;</a>&nbsp;&nbsp;&nbsp;dlmsif_set_hls_password
<LI><a href="#[fa]">&gt;&gt;</a>&nbsp;&nbsp;&nbsp;dlms_server_set_lls_password
<LI><a href="#[fc]">&gt;&gt;</a>&nbsp;&nbsp;&nbsp;dlms_server_set_hls_password
<LI><a href="#[f7]">&gt;&gt;</a>&nbsp;&nbsp;&nbsp;reset_ls_data
<LI><a href="#[f6]">&gt;&gt;</a>&nbsp;&nbsp;&nbsp;tod_passive_to_active
<LI><a href="#[de]">&gt;&gt;</a>&nbsp;&nbsp;&nbsp;store_event_data
<LI><a href="#[d9]">&gt;&gt;</a>&nbsp;&nbsp;&nbsp;get_time_data
<LI><a href="#[d4]">&gt;&gt;</a>&nbsp;&nbsp;&nbsp;write_eeprom
<LI><a href="#[83]">&gt;&gt;</a>&nbsp;&nbsp;&nbsp;to_eeprom
<LI><a href="#[81]">&gt;&gt;</a>&nbsp;&nbsp;&nbsp;rtc_write
<LI><a href="#[dc]">&gt;&gt;</a>&nbsp;&nbsp;&nbsp;__aeabi_memcpy
<LI><a href="#[5b]">&gt;&gt;</a>&nbsp;&nbsp;&nbsp;__aeabi_uidivmod
</UL>
<BR>[Called By]<UL><LI><a href="#[59]">&gt;&gt;</a>&nbsp;&nbsp;&nbsp;_1_SecFunction
</UL>

<P><STRONG><a name="[fe]"></a>convt_byte_to_bcd</STRONG> (Thumb, 32 bytes, Stack size 16 bytes, asdaq_app.o(.text), UNUSED)
<BR><BR>[Calls]<UL><LI><a href="#[8c]">&gt;&gt;</a>&nbsp;&nbsp;&nbsp;__aeabi_idivmod
</UL>

<P><STRONG><a name="[80]"></a>convt_bcd_to_byte</STRONG> (Thumb, 22 bytes, Stack size 0 bytes, asdaq_app.o(.text))
<BR><BR>[Called By]<UL><LI><a href="#[7e]">&gt;&gt;</a>&nbsp;&nbsp;&nbsp;serial_comm
</UL>

<P><STRONG><a name="[ff]"></a>delay10us</STRONG> (Thumb, 44 bytes, Stack size 16 bytes, asdaq_app.o(.text))
<BR><BR>[Stack]<UL><LI>Max Depth = 16<LI>Call Chain = delay10us
</UL>
<BR>[Calls]<UL><LI><a href="#[47]">&gt;&gt;</a>&nbsp;&nbsp;&nbsp;wd_reset
</UL>
<BR>[Called By]<UL><LI><a href="#[84]">&gt;&gt;</a>&nbsp;&nbsp;&nbsp;delay1ms
</UL>

<P><STRONG><a name="[84]"></a>delay1ms</STRONG> (Thumb, 34 bytes, Stack size 16 bytes, asdaq_app.o(.text))
<BR><BR>[Stack]<UL><LI>Max Depth = 32<LI>Call Chain = delay1ms &rArr; delay10us
</UL>
<BR>[Calls]<UL><LI><a href="#[ff]">&gt;&gt;</a>&nbsp;&nbsp;&nbsp;delay10us
</UL>
<BR>[Called By]<UL><LI><a href="#[100]">&gt;&gt;</a>&nbsp;&nbsp;&nbsp;mem_check
<LI><a href="#[7e]">&gt;&gt;</a>&nbsp;&nbsp;&nbsp;serial_comm
</UL>

<P><STRONG><a name="[100]"></a>mem_check</STRONG> (Thumb, 96 bytes, Stack size 16 bytes, asdaq_app.o(.text), UNUSED)
<BR><BR>[Calls]<UL><LI><a href="#[83]">&gt;&gt;</a>&nbsp;&nbsp;&nbsp;to_eeprom
<LI><a href="#[41]">&gt;&gt;</a>&nbsp;&nbsp;&nbsp;from_eeprom
<LI><a href="#[84]">&gt;&gt;</a>&nbsp;&nbsp;&nbsp;delay1ms
</UL>

<P><STRONG><a name="[277]"></a>cli_init</STRONG> (Thumb, 16 bytes, Stack size 0 bytes, cli_stub.o(.text), UNUSED)

<P><STRONG><a name="[278]"></a>cli_put_version</STRONG> (Thumb, 2 bytes, Stack size 0 bytes, cli_stub.o(.text), UNUSED)

<P><STRONG><a name="[97]"></a>cli_run</STRONG> (Thumb, 4 bytes, Stack size 0 bytes, cli_stub.o(.text))
<BR><BR>[Called By]<UL><LI><a href="#[93]">&gt;&gt;</a>&nbsp;&nbsp;&nbsp;main_mission_mode
</UL>

<P><STRONG><a name="[90]"></a>bat_volts_rtc</STRONG> (Thumb, 10 bytes, Stack size 8 bytes, bat.o(.text))
<BR><BR>[Stack]<UL><LI>Max Depth = 184<LI>Call Chain = bat_volts_rtc &rArr; get_volts &rArr; __aeabi_dmul &rArr; _double_epilogue &rArr; __aeabi_llsr
</UL>
<BR>[Calls]<UL><LI><a href="#[101]">&gt;&gt;</a>&nbsp;&nbsp;&nbsp;get_volts
</UL>
<BR>[Called By]<UL><LI><a href="#[88]">&gt;&gt;</a>&nbsp;&nbsp;&nbsp;main_timing_tasks
<LI><a href="#[104]">&gt;&gt;</a>&nbsp;&nbsp;&nbsp;bat_init
</UL>

<P><STRONG><a name="[8e]"></a>bat_volts</STRONG> (Thumb, 10 bytes, Stack size 8 bytes, bat.o(.text))
<BR><BR>[Stack]<UL><LI>Max Depth = 184<LI>Call Chain = bat_volts &rArr; get_volts &rArr; __aeabi_dmul &rArr; _double_epilogue &rArr; __aeabi_llsr
</UL>
<BR>[Calls]<UL><LI><a href="#[101]">&gt;&gt;</a>&nbsp;&nbsp;&nbsp;get_volts
</UL>
<BR>[Called By]<UL><LI><a href="#[88]">&gt;&gt;</a>&nbsp;&nbsp;&nbsp;main_timing_tasks
<LI><a href="#[104]">&gt;&gt;</a>&nbsp;&nbsp;&nbsp;bat_init
</UL>

<P><STRONG><a name="[104]"></a>bat_init</STRONG> (Thumb, 62 bytes, Stack size 8 bytes, bat.o(.text), UNUSED)
<BR><BR>[Calls]<UL><LI><a href="#[4a]">&gt;&gt;</a>&nbsp;&nbsp;&nbsp;sys_shadow_busy_wait
<LI><a href="#[90]">&gt;&gt;</a>&nbsp;&nbsp;&nbsp;bat_volts_rtc
<LI><a href="#[8e]">&gt;&gt;</a>&nbsp;&nbsp;&nbsp;bat_volts
</UL>

<P><STRONG><a name="[279]"></a>bat_deinit</STRONG> (Thumb, 20 bytes, Stack size 0 bytes, bat.o(.text), UNUSED)

<P><STRONG><a name="[105]"></a>ce_disable</STRONG> (Thumb, 78 bytes, Stack size 8 bytes, ce.o(.text))
<BR><BR>[Stack]<UL><LI>Max Depth = 28<LI>Call Chain = ce_disable &rArr; delay &rArr; __aeabi_uidivmod
</UL>
<BR>[Calls]<UL><LI><a href="#[39]">&gt;&gt;</a>&nbsp;&nbsp;&nbsp;gpio_alt_off
<LI><a href="#[48]">&gt;&gt;</a>&nbsp;&nbsp;&nbsp;delay
<LI><a href="#[106]">&gt;&gt;</a>&nbsp;&nbsp;&nbsp;gpio_alt_on
</UL>
<BR>[Called By]<UL><LI><a href="#[107]">&gt;&gt;</a>&nbsp;&nbsp;&nbsp;ce_deinit
</UL>

<P><STRONG><a name="[107]"></a>ce_deinit</STRONG> (Thumb, 46 bytes, Stack size 8 bytes, ce.o(.text))
<BR><BR>[Stack]<UL><LI>Max Depth = 36<LI>Call Chain = ce_deinit &rArr; ce_disable &rArr; delay &rArr; __aeabi_uidivmod
</UL>
<BR>[Calls]<UL><LI><a href="#[105]">&gt;&gt;</a>&nbsp;&nbsp;&nbsp;ce_disable
</UL>
<BR>[Called By]<UL><LI><a href="#[a1]">&gt;&gt;</a>&nbsp;&nbsp;&nbsp;afe_disable
</UL>

<P><STRONG><a name="[108]"></a>ce_load_code</STRONG> (Thumb, 100 bytes, Stack size 8 bytes, ce.o(.text))
<BR><BR>[Stack]<UL><LI>Max Depth = 16<LI>Call Chain = ce_load_code &rArr; gpio_set_state
</UL>
<BR>[Calls]<UL><LI><a href="#[3b]">&gt;&gt;</a>&nbsp;&nbsp;&nbsp;gpio_set_state
<LI><a href="#[52]">&gt;&gt;</a>&nbsp;&nbsp;&nbsp;gpio_dir_in
<LI><a href="#[39]">&gt;&gt;</a>&nbsp;&nbsp;&nbsp;gpio_alt_off
</UL>
<BR>[Called By]<UL><LI><a href="#[2a]">&gt;&gt;</a>&nbsp;&nbsp;&nbsp;cem11a02f_init
</UL>

<P><STRONG><a name="[be]"></a>ce_int_enable</STRONG> (Thumb, 172 bytes, Stack size 16 bytes, ce.o(.text))
<BR><BR>[Stack]<UL><LI>Max Depth = 16<LI>Call Chain = ce_int_enable
</UL>
<BR>[Called By]<UL><LI><a href="#[a3]">&gt;&gt;</a>&nbsp;&nbsp;&nbsp;afe_enable
<LI><a href="#[96]">&gt;&gt;</a>&nbsp;&nbsp;&nbsp;meter_run
<LI><a href="#[a1]">&gt;&gt;</a>&nbsp;&nbsp;&nbsp;afe_disable
</UL>

<P><STRONG><a name="[27a]"></a>ce_int_disable</STRONG> (Thumb, 198 bytes, Stack size 0 bytes, ce.o(.text), UNUSED)

<P><STRONG><a name="[12]"></a>CE_Handler</STRONG> (Thumb, 252 bytes, Stack size 16 bytes, ce.o(.text))
<BR><BR>[Stack]<UL><LI>Max Depth = 16<LI>Call Chain = CE_Handler
</UL>
<BR>[Address Reference Count : 1]<UL><LI> startup_sy7t108_keil.o(RESET)
</UL>
<P><STRONG><a name="[48]"></a>delay</STRONG> (Thumb, 40 bytes, Stack size 8 bytes, delay.o(.text))
<BR><BR>[Stack]<UL><LI>Max Depth = 20<LI>Call Chain = delay &rArr; __aeabi_uidivmod
</UL>
<BR>[Calls]<UL><LI><a href="#[47]">&gt;&gt;</a>&nbsp;&nbsp;&nbsp;wd_reset
<LI><a href="#[5b]">&gt;&gt;</a>&nbsp;&nbsp;&nbsp;__aeabi_uidivmod
</UL>
<BR>[Called By]<UL><LI><a href="#[7e]">&gt;&gt;</a>&nbsp;&nbsp;&nbsp;serial_comm
<LI><a href="#[4b]">&gt;&gt;</a>&nbsp;&nbsp;&nbsp;WakePushButtonFunction
<LI><a href="#[45]">&gt;&gt;</a>&nbsp;&nbsp;&nbsp;Sleep
<LI><a href="#[122]">&gt;&gt;</a>&nbsp;&nbsp;&nbsp;pwrmode_vlct
<LI><a href="#[121]">&gt;&gt;</a>&nbsp;&nbsp;&nbsp;pwrmode_lcd
<LI><a href="#[120]">&gt;&gt;</a>&nbsp;&nbsp;&nbsp;pwrmode_sleep
<LI><a href="#[119]">&gt;&gt;</a>&nbsp;&nbsp;&nbsp;i2c_busy_wait
<LI><a href="#[111]">&gt;&gt;</a>&nbsp;&nbsp;&nbsp;i2c_master_rx_byte
[...]
<LI><a href="#[149]">&gt;&gt;</a>&nbsp;&nbsp;&nbsp;afe_put_cal
</UL>

<P><STRONG><a name="[17f]"></a>__get_PRIMASK</STRONG> (Thumb, 6 bytes, Stack size 0 bytes, log_by_record.o(.text))
<BR><BR>[Called By]<UL><LI><a href="#[37]">&gt;&gt;</a>&nbsp;&nbsp;&nbsp;log_state
<LI><a href="#[8b]">&gt;&gt;</a>&nbsp;&nbsp;&nbsp;log_clear_one
<LI><a href="#[8a]">&gt;&gt;</a>&nbsp;&nbsp;&nbsp;log_active
<LI><a href="#[183]">&gt;&gt;</a>&nbsp;&nbsp;&nbsp;log_get_rec
<LI><a href="#[182]">&gt;&gt;</a>&nbsp;&nbsp;&nbsp;log_historic
<LI><a href="#[181]">&gt;&gt;</a>&nbsp;&nbsp;&nbsp;log_clear
</UL>

<P><STRONG><a name="[180]"></a>__set_PRIMASK</STRONG> (Thumb, 6 bytes, Stack size 0 bytes, log_by_record.o(.text))
<BR><BR>[Called By]<UL><LI><a href="#[37]">&gt;&gt;</a>&nbsp;&nbsp;&nbsp;log_state
<LI><a href="#[8b]">&gt;&gt;</a>&nbsp;&nbsp;&nbsp;log_clear_one
<LI><a href="#[8a]">&gt;&gt;</a>&nbsp;&nbsp;&nbsp;log_active
<LI><a href="#[183]">&gt;&gt;</a>&nbsp;&nbsp;&nbsp;log_get_rec
<LI><a href="#[182]">&gt;&gt;</a>&nbsp;&nbsp;&nbsp;log_historic
<LI><a href="#[181]">&gt;&gt;</a>&nbsp;&nbsp;&nbsp;log_clear
</UL>

<P><STRONG><a name="[18a]"></a>reg_set_adr</STRONG> (Thumb, 18 bytes, Stack size 0 bytes, reg_eeprom.o(.text))
<BR><BR>[Called By]<UL><LI><a href="#[bb]">&gt;&gt;</a>&nbsp;&nbsp;&nbsp;reg_reset
</UL>

<P><STRONG><a name="[18c]"></a>deallocate</STRONG> (Thumb, 90 bytes, Stack size 16 bytes, stmrtc.o(.text))
<BR><BR>[Stack]<UL><LI>Max Depth = 16<LI>Call Chain = deallocate
</UL>
<BR>[Calls]<UL><LI><a href="#[18d]">&gt;&gt;</a>&nbsp;&nbsp;&nbsp;__set_PRIMASK
</UL>
<BR>[Called By]<UL><LI><a href="#[95]">&gt;&gt;</a>&nbsp;&nbsp;&nbsp;stm_start
<LI><a href="#[94]">&gt;&gt;</a>&nbsp;&nbsp;&nbsp;stm_run
</UL>

<P><STRONG><a name="[18d]"></a>__set_PRIMASK</STRONG> (Thumb, 6 bytes, Stack size 0 bytes, stmrtc.o(.text))
<BR><BR>[Called By]<UL><LI><a href="#[95]">&gt;&gt;</a>&nbsp;&nbsp;&nbsp;stm_start
<LI><a href="#[94]">&gt;&gt;</a>&nbsp;&nbsp;&nbsp;stm_run
<LI><a href="#[18c]">&gt;&gt;</a>&nbsp;&nbsp;&nbsp;deallocate
</UL>

<P><STRONG><a name="[19b]"></a>NVIC_SetPriority</STRONG> (Thumb, 110 bytes, Stack size 8 bytes, system_sy7t108.o(.text))
<BR><BR>[Stack]<UL><LI>Max Depth = 8<LI>Call Chain = NVIC_SetPriority
</UL>
<BR>[Called By]<UL><LI><a href="#[89]">&gt;&gt;</a>&nbsp;&nbsp;&nbsp;sys_int_enable
<LI><a href="#[22]">&gt;&gt;</a>&nbsp;&nbsp;&nbsp;SystemInit
</UL>

<P><STRONG><a name="[19c]"></a>NVIC_DisableIRQ</STRONG> (Thumb, 14 bytes, Stack size 0 bytes, system_sy7t108.o(.text))
<BR><BR>[Called By]<UL><LI><a href="#[89]">&gt;&gt;</a>&nbsp;&nbsp;&nbsp;sys_int_enable
<LI><a href="#[22]">&gt;&gt;</a>&nbsp;&nbsp;&nbsp;SystemInit
</UL>

<P><STRONG><a name="[1b1]"></a>send_confirmed_service_error</STRONG> (Thumb, 80 bytes, Stack size 24 bytes, dlms_app.o(.text))
<BR><BR>[Stack]<UL><LI>Max Depth = 184<LI>Call Chain = send_confirmed_service_error &rArr; hdlc_transmit &rArr; hdlc_create_iframe &rArr; hdlc_write_packet &rArr; serial2_write &rArr; putuart2char
</UL>
<BR>[Calls]<UL><LI><a href="#[1b2]">&gt;&gt;</a>&nbsp;&nbsp;&nbsp;xdr_set_buf
<LI><a href="#[1b4]">&gt;&gt;</a>&nbsp;&nbsp;&nbsp;xdr_get_buf
<LI><a href="#[1b3]">&gt;&gt;</a>&nbsp;&nbsp;&nbsp;xdr_encode_fixed_unsigned_integer
<LI><a href="#[1b5]">&gt;&gt;</a>&nbsp;&nbsp;&nbsp;hdlc_transmit
</UL>
<BR>[Called By]<UL><LI><a href="#[1a5]">&gt;&gt;</a>&nbsp;&nbsp;&nbsp;dlms_server_process_request
</UL>

<P><STRONG><a name="[1be]"></a>send_aare_response</STRONG> (Thumb, 446 bytes, Stack size 64 bytes, dlms_app.o(.text))
<BR><BR>[Stack]<UL><LI>Max Depth = 224<LI>Call Chain = send_aare_response &rArr; hdlc_transmit &rArr; hdlc_create_iframe &rArr; hdlc_write_packet &rArr; serial2_write &rArr; putuart2char
</UL>
<BR>[Calls]<UL><LI><a href="#[1b5]">&gt;&gt;</a>&nbsp;&nbsp;&nbsp;hdlc_transmit
<LI><a href="#[1ba]">&gt;&gt;</a>&nbsp;&nbsp;&nbsp;ber_set_buf
<LI><a href="#[1bd]">&gt;&gt;</a>&nbsp;&nbsp;&nbsp;ber_get_buf
<LI><a href="#[1bb]">&gt;&gt;</a>&nbsp;&nbsp;&nbsp;ber_encode_tag
<LI><a href="#[1bf]">&gt;&gt;</a>&nbsp;&nbsp;&nbsp;ber_encode_oid
<LI><a href="#[1c2]">&gt;&gt;</a>&nbsp;&nbsp;&nbsp;ber_encode_octect_string
<LI><a href="#[1c1]">&gt;&gt;</a>&nbsp;&nbsp;&nbsp;ber_encode_long
<LI><a href="#[1c0]">&gt;&gt;</a>&nbsp;&nbsp;&nbsp;ber_encode_length
<LI><a href="#[1bc]">&gt;&gt;</a>&nbsp;&nbsp;&nbsp;ber_encode_bit_string
<LI><a href="#[1b8]">&gt;&gt;</a>&nbsp;&nbsp;&nbsp;generate_xdlms_initiate_response
<LI><a href="#[1b7]">&gt;&gt;</a>&nbsp;&nbsp;&nbsp;generate_xdlms_confirmed_service_error
</UL>
<BR>[Called By]<UL><LI><a href="#[1ca]">&gt;&gt;</a>&nbsp;&nbsp;&nbsp;process_aarq_request
<LI><a href="#[1c3]">&gt;&gt;</a>&nbsp;&nbsp;&nbsp;process_aarq_user_info
</UL>

<P><STRONG><a name="[1d8]"></a>hdlc_write_packet</STRONG> (Thumb, 72 bytes, Stack size 48 bytes, hdlc.o(.text))
<BR><BR>[Stack]<UL><LI>Max Depth = 88<LI>Call Chain = hdlc_write_packet &rArr; serial2_write &rArr; putuart2char
</UL>
<BR>[Calls]<UL><LI><a href="#[1d9]">&gt;&gt;</a>&nbsp;&nbsp;&nbsp;serial2_write
<LI><a href="#[1da]">&gt;&gt;</a>&nbsp;&nbsp;&nbsp;serial1_write
</UL>
<BR>[Called By]<UL><LI><a href="#[1f0]">&gt;&gt;</a>&nbsp;&nbsp;&nbsp;hdlc_process_frame
<LI><a href="#[1ed]">&gt;&gt;</a>&nbsp;&nbsp;&nbsp;hdlc_process_iframe
<LI><a href="#[1e8]">&gt;&gt;</a>&nbsp;&nbsp;&nbsp;hdlc_process_rr
<LI><a href="#[1e7]">&gt;&gt;</a>&nbsp;&nbsp;&nbsp;hdlc_send_frmr
<LI><a href="#[1e5]">&gt;&gt;</a>&nbsp;&nbsp;&nbsp;hdlc_process_snrm
<LI><a href="#[1e4]">&gt;&gt;</a>&nbsp;&nbsp;&nbsp;hdlc_process_disc
<LI><a href="#[1db]">&gt;&gt;</a>&nbsp;&nbsp;&nbsp;hdlc_create_iframe
<LI><a href="#[1a2]">&gt;&gt;</a>&nbsp;&nbsp;&nbsp;hdlc_receive
</UL>

<P><STRONG><a name="[1dc]"></a>hdlc_create_header</STRONG> (Thumb, 430 bytes, Stack size 36 bytes, hdlc.o(.text))
<BR><BR>[Stack]<UL><LI>Max Depth = 36<LI>Call Chain = hdlc_create_header
</UL>
<BR>[Called By]<UL><LI><a href="#[1e6]">&gt;&gt;</a>&nbsp;&nbsp;&nbsp;hdlc_create_rr
<LI><a href="#[1e3]">&gt;&gt;</a>&nbsp;&nbsp;&nbsp;hdlc_create_ua
<LI><a href="#[1e2]">&gt;&gt;</a>&nbsp;&nbsp;&nbsp;hdlc_create_dm
<LI><a href="#[1e1]">&gt;&gt;</a>&nbsp;&nbsp;&nbsp;hdlc_create_frmr
<LI><a href="#[1db]">&gt;&gt;</a>&nbsp;&nbsp;&nbsp;hdlc_create_iframe
</UL>

<P><STRONG><a name="[1db]"></a>hdlc_create_iframe</STRONG> (Thumb, 412 bytes, Stack size 48 bytes, hdlc.o(.text))
<BR><BR>[Stack]<UL><LI>Max Depth = 136<LI>Call Chain = hdlc_create_iframe &rArr; hdlc_write_packet &rArr; serial2_write &rArr; putuart2char
</UL>
<BR>[Calls]<UL><LI><a href="#[1dd]">&gt;&gt;</a>&nbsp;&nbsp;&nbsp;pppfcs16
<LI><a href="#[1dc]">&gt;&gt;</a>&nbsp;&nbsp;&nbsp;hdlc_create_header
<LI><a href="#[1d8]">&gt;&gt;</a>&nbsp;&nbsp;&nbsp;hdlc_write_packet
</UL>
<BR>[Called By]<UL><LI><a href="#[1b5]">&gt;&gt;</a>&nbsp;&nbsp;&nbsp;hdlc_transmit
</UL>

<P><STRONG><a name="[1de]"></a>hdlc_flush</STRONG> (Thumb, 30 bytes, Stack size 8 bytes, hdlc.o(.text))
<BR><BR>[Stack]<UL><LI>Max Depth = 24<LI>Call Chain = hdlc_flush &rArr; serial2_flush
</UL>
<BR>[Calls]<UL><LI><a href="#[1e0]">&gt;&gt;</a>&nbsp;&nbsp;&nbsp;serial2_flush
<LI><a href="#[1df]">&gt;&gt;</a>&nbsp;&nbsp;&nbsp;serial1_flush
</UL>
<BR>[Called By]<UL><LI><a href="#[1a2]">&gt;&gt;</a>&nbsp;&nbsp;&nbsp;hdlc_receive
</UL>

<P><STRONG><a name="[1e1]"></a>hdlc_create_frmr</STRONG> (Thumb, 88 bytes, Stack size 40 bytes, hdlc.o(.text))
<BR><BR>[Stack]<UL><LI>Max Depth = 76<LI>Call Chain = hdlc_create_frmr &rArr; hdlc_create_header
</UL>
<BR>[Calls]<UL><LI><a href="#[1dd]">&gt;&gt;</a>&nbsp;&nbsp;&nbsp;pppfcs16
<LI><a href="#[1dc]">&gt;&gt;</a>&nbsp;&nbsp;&nbsp;hdlc_create_header
</UL>
<BR>[Called By]<UL><LI><a href="#[1f0]">&gt;&gt;</a>&nbsp;&nbsp;&nbsp;hdlc_process_frame
<LI><a href="#[1e7]">&gt;&gt;</a>&nbsp;&nbsp;&nbsp;hdlc_send_frmr
</UL>

<P><STRONG><a name="[1e2]"></a>hdlc_create_dm</STRONG> (Thumb, 88 bytes, Stack size 40 bytes, hdlc.o(.text))
<BR><BR>[Stack]<UL><LI>Max Depth = 76<LI>Call Chain = hdlc_create_dm &rArr; hdlc_create_header
</UL>
<BR>[Calls]<UL><LI><a href="#[1dd]">&gt;&gt;</a>&nbsp;&nbsp;&nbsp;pppfcs16
<LI><a href="#[1dc]">&gt;&gt;</a>&nbsp;&nbsp;&nbsp;hdlc_create_header
</UL>
<BR>[Called By]<UL><LI><a href="#[1e4]">&gt;&gt;</a>&nbsp;&nbsp;&nbsp;hdlc_process_disc
<LI><a href="#[1a2]">&gt;&gt;</a>&nbsp;&nbsp;&nbsp;hdlc_receive
</UL>

<P><STRONG><a name="[1e3]"></a>hdlc_create_ua</STRONG> (Thumb, 414 bytes, Stack size 32 bytes, hdlc.o(.text))
<BR><BR>[Stack]<UL><LI>Max Depth = 68<LI>Call Chain = hdlc_create_ua &rArr; hdlc_create_header
</UL>
<BR>[Calls]<UL><LI><a href="#[1dd]">&gt;&gt;</a>&nbsp;&nbsp;&nbsp;pppfcs16
<LI><a href="#[1dc]">&gt;&gt;</a>&nbsp;&nbsp;&nbsp;hdlc_create_header
</UL>
<BR>[Called By]<UL><LI><a href="#[1e5]">&gt;&gt;</a>&nbsp;&nbsp;&nbsp;hdlc_process_snrm
<LI><a href="#[1e4]">&gt;&gt;</a>&nbsp;&nbsp;&nbsp;hdlc_process_disc
</UL>

<P><STRONG><a name="[1e4]"></a>hdlc_process_disc</STRONG> (Thumb, 96 bytes, Stack size 40 bytes, hdlc.o(.text))
<BR><BR>[Stack]<UL><LI>Max Depth = 128<LI>Call Chain = hdlc_process_disc &rArr; hdlc_write_packet &rArr; serial2_write &rArr; putuart2char
</UL>
<BR>[Calls]<UL><LI><a href="#[1e3]">&gt;&gt;</a>&nbsp;&nbsp;&nbsp;hdlc_create_ua
<LI><a href="#[1e2]">&gt;&gt;</a>&nbsp;&nbsp;&nbsp;hdlc_create_dm
<LI><a href="#[1d8]">&gt;&gt;</a>&nbsp;&nbsp;&nbsp;hdlc_write_packet
</UL>
<BR>[Called By]<UL><LI><a href="#[1f0]">&gt;&gt;</a>&nbsp;&nbsp;&nbsp;hdlc_process_frame
</UL>

<P><STRONG><a name="[1e5]"></a>hdlc_process_snrm</STRONG> (Thumb, 542 bytes, Stack size 64 bytes, hdlc.o(.text))
<BR><BR>[Stack]<UL><LI>Max Depth = 152<LI>Call Chain = hdlc_process_snrm &rArr; hdlc_write_packet &rArr; serial2_write &rArr; putuart2char
</UL>
<BR>[Calls]<UL><LI><a href="#[1e3]">&gt;&gt;</a>&nbsp;&nbsp;&nbsp;hdlc_create_ua
<LI><a href="#[1d8]">&gt;&gt;</a>&nbsp;&nbsp;&nbsp;hdlc_write_packet
</UL>
<BR>[Called By]<UL><LI><a href="#[1f0]">&gt;&gt;</a>&nbsp;&nbsp;&nbsp;hdlc_process_frame
</UL>

<P><STRONG><a name="[1e6]"></a>hdlc_create_rr</STRONG> (Thumb, 88 bytes, Stack size 40 bytes, hdlc.o(.text))
<BR><BR>[Stack]<UL><LI>Max Depth = 76<LI>Call Chain = hdlc_create_rr &rArr; hdlc_create_header
</UL>
<BR>[Calls]<UL><LI><a href="#[1dd]">&gt;&gt;</a>&nbsp;&nbsp;&nbsp;pppfcs16
<LI><a href="#[1dc]">&gt;&gt;</a>&nbsp;&nbsp;&nbsp;hdlc_create_header
</UL>
<BR>[Called By]<UL><LI><a href="#[1ed]">&gt;&gt;</a>&nbsp;&nbsp;&nbsp;hdlc_process_iframe
<LI><a href="#[1e8]">&gt;&gt;</a>&nbsp;&nbsp;&nbsp;hdlc_process_rr
</UL>

<P><STRONG><a name="[1e7]"></a>hdlc_send_frmr</STRONG> (Thumb, 58 bytes, Stack size 32 bytes, hdlc.o(.text))
<BR><BR>[Stack]<UL><LI>Max Depth = 120<LI>Call Chain = hdlc_send_frmr &rArr; hdlc_write_packet &rArr; serial2_write &rArr; putuart2char
</UL>
<BR>[Calls]<UL><LI><a href="#[1e1]">&gt;&gt;</a>&nbsp;&nbsp;&nbsp;hdlc_create_frmr
<LI><a href="#[1d8]">&gt;&gt;</a>&nbsp;&nbsp;&nbsp;hdlc_write_packet
</UL>
<BR>[Called By]<UL><LI><a href="#[1ed]">&gt;&gt;</a>&nbsp;&nbsp;&nbsp;hdlc_process_iframe
<LI><a href="#[1e8]">&gt;&gt;</a>&nbsp;&nbsp;&nbsp;hdlc_process_rr
</UL>

<P><STRONG><a name="[1e9]"></a>hdlc_get_command</STRONG> (Thumb, 22 bytes, Stack size 8 bytes, hdlc.o(.text))
<BR><BR>[Stack]<UL><LI>Max Depth = 8<LI>Call Chain = hdlc_get_command
</UL>
<BR>[Called By]<UL><LI><a href="#[1f0]">&gt;&gt;</a>&nbsp;&nbsp;&nbsp;hdlc_process_frame
<LI><a href="#[1ed]">&gt;&gt;</a>&nbsp;&nbsp;&nbsp;hdlc_process_iframe
<LI><a href="#[1e8]">&gt;&gt;</a>&nbsp;&nbsp;&nbsp;hdlc_process_rr
</UL>

<P><STRONG><a name="[1ea]"></a>hdlc_chk_sequence</STRONG> (Thumb, 62 bytes, Stack size 12 bytes, hdlc.o(.text))
<BR><BR>[Stack]<UL><LI>Max Depth = 12<LI>Call Chain = hdlc_chk_sequence
</UL>
<BR>[Called By]<UL><LI><a href="#[1ed]">&gt;&gt;</a>&nbsp;&nbsp;&nbsp;hdlc_process_iframe
<LI><a href="#[1e8]">&gt;&gt;</a>&nbsp;&nbsp;&nbsp;hdlc_process_rr
</UL>

<P><STRONG><a name="[1e8]"></a>hdlc_process_rr</STRONG> (Thumb, 94 bytes, Stack size 40 bytes, hdlc.o(.text))
<BR><BR>[Stack]<UL><LI>Max Depth = 160<LI>Call Chain = hdlc_process_rr &rArr; hdlc_send_frmr &rArr; hdlc_write_packet &rArr; serial2_write &rArr; putuart2char
</UL>
<BR>[Calls]<UL><LI><a href="#[1ea]">&gt;&gt;</a>&nbsp;&nbsp;&nbsp;hdlc_chk_sequence
<LI><a href="#[1e9]">&gt;&gt;</a>&nbsp;&nbsp;&nbsp;hdlc_get_command
<LI><a href="#[1e7]">&gt;&gt;</a>&nbsp;&nbsp;&nbsp;hdlc_send_frmr
<LI><a href="#[1e6]">&gt;&gt;</a>&nbsp;&nbsp;&nbsp;hdlc_create_rr
<LI><a href="#[1d8]">&gt;&gt;</a>&nbsp;&nbsp;&nbsp;hdlc_write_packet
</UL>
<BR>[Called By]<UL><LI><a href="#[1f0]">&gt;&gt;</a>&nbsp;&nbsp;&nbsp;hdlc_process_frame
</UL>

<P><STRONG><a name="[1ef]"></a>hdlc_chk_llc</STRONG> (Thumb, 56 bytes, Stack size 16 bytes, hdlc.o(.text))
<BR><BR>[Stack]<UL><LI>Max Depth = 16<LI>Call Chain = hdlc_chk_llc
</UL>
<BR>[Called By]<UL><LI><a href="#[1ed]">&gt;&gt;</a>&nbsp;&nbsp;&nbsp;hdlc_process_iframe
</UL>

<P><STRONG><a name="[1ec]"></a>hdlc_get_length</STRONG> (Thumb, 18 bytes, Stack size 0 bytes, hdlc.o(.text))
<BR><BR>[Called By]<UL><LI><a href="#[1eb]">&gt;&gt;</a>&nbsp;&nbsp;&nbsp;hdlc_chk_infolength
</UL>

<P><STRONG><a name="[1eb]"></a>hdlc_chk_infolength</STRONG> (Thumb, 60 bytes, Stack size 24 bytes, hdlc.o(.text))
<BR><BR>[Stack]<UL><LI>Max Depth = 24<LI>Call Chain = hdlc_chk_infolength
</UL>
<BR>[Calls]<UL><LI><a href="#[1ec]">&gt;&gt;</a>&nbsp;&nbsp;&nbsp;hdlc_get_length
</UL>
<BR>[Called By]<UL><LI><a href="#[1ed]">&gt;&gt;</a>&nbsp;&nbsp;&nbsp;hdlc_process_iframe
</UL>

<P><STRONG><a name="[1ee]"></a>hdlc_get_segment</STRONG> (Thumb, 16 bytes, Stack size 0 bytes, hdlc.o(.text))
<BR><BR>[Called By]<UL><LI><a href="#[1f0]">&gt;&gt;</a>&nbsp;&nbsp;&nbsp;hdlc_process_frame
<LI><a href="#[1ed]">&gt;&gt;</a>&nbsp;&nbsp;&nbsp;hdlc_process_iframe
</UL>

<P><STRONG><a name="[1ed]"></a>hdlc_process_iframe</STRONG> (Thumb, 518 bytes, Stack size 56 bytes, hdlc.o(.text))
<BR><BR>[Stack]<UL><LI>Max Depth = 176<LI>Call Chain = hdlc_process_iframe &rArr; hdlc_send_frmr &rArr; hdlc_write_packet &rArr; serial2_write &rArr; putuart2char
</UL>
<BR>[Calls]<UL><LI><a href="#[1ee]">&gt;&gt;</a>&nbsp;&nbsp;&nbsp;hdlc_get_segment
<LI><a href="#[1eb]">&gt;&gt;</a>&nbsp;&nbsp;&nbsp;hdlc_chk_infolength
<LI><a href="#[1ef]">&gt;&gt;</a>&nbsp;&nbsp;&nbsp;hdlc_chk_llc
<LI><a href="#[1ea]">&gt;&gt;</a>&nbsp;&nbsp;&nbsp;hdlc_chk_sequence
<LI><a href="#[1e9]">&gt;&gt;</a>&nbsp;&nbsp;&nbsp;hdlc_get_command
<LI><a href="#[1e7]">&gt;&gt;</a>&nbsp;&nbsp;&nbsp;hdlc_send_frmr
<LI><a href="#[1e6]">&gt;&gt;</a>&nbsp;&nbsp;&nbsp;hdlc_create_rr
<LI><a href="#[1d8]">&gt;&gt;</a>&nbsp;&nbsp;&nbsp;hdlc_write_packet
</UL>
<BR>[Called By]<UL><LI><a href="#[1f0]">&gt;&gt;</a>&nbsp;&nbsp;&nbsp;hdlc_process_frame
</UL>

<P><STRONG><a name="[1f0]"></a>hdlc_process_frame</STRONG> (Thumb, 222 bytes, Stack size 40 bytes, hdlc.o(.text))
<BR><BR>[Stack]<UL><LI>Max Depth = 216<LI>Call Chain = hdlc_process_frame &rArr; hdlc_process_iframe &rArr; hdlc_send_frmr &rArr; hdlc_write_packet &rArr; serial2_write &rArr; putuart2char
</UL>
<BR>[Calls]<UL><LI><a href="#[1ed]">&gt;&gt;</a>&nbsp;&nbsp;&nbsp;hdlc_process_iframe
<LI><a href="#[1ee]">&gt;&gt;</a>&nbsp;&nbsp;&nbsp;hdlc_get_segment
<LI><a href="#[1e8]">&gt;&gt;</a>&nbsp;&nbsp;&nbsp;hdlc_process_rr
<LI><a href="#[1e9]">&gt;&gt;</a>&nbsp;&nbsp;&nbsp;hdlc_get_command
<LI><a href="#[1e5]">&gt;&gt;</a>&nbsp;&nbsp;&nbsp;hdlc_process_snrm
<LI><a href="#[1e4]">&gt;&gt;</a>&nbsp;&nbsp;&nbsp;hdlc_process_disc
<LI><a href="#[1e1]">&gt;&gt;</a>&nbsp;&nbsp;&nbsp;hdlc_create_frmr
<LI><a href="#[1d8]">&gt;&gt;</a>&nbsp;&nbsp;&nbsp;hdlc_write_packet
</UL>
<BR>[Called By]<UL><LI><a href="#[1a2]">&gt;&gt;</a>&nbsp;&nbsp;&nbsp;hdlc_receive
</UL>

<P><STRONG><a name="[1fe]"></a>send_serial1_one_char</STRONG> (Thumb, 52 bytes, Stack size 0 bytes, hdlc_serial1.o(.text))
<BR><BR>[Called By]<UL><LI><a href="#[26]">&gt;&gt;</a>&nbsp;&nbsp;&nbsp;hdlc_serial1_txisr
<LI><a href="#[202]">&gt;&gt;</a>&nbsp;&nbsp;&nbsp;putuart1char
</UL>

<P><STRONG><a name="[202]"></a>putuart1char</STRONG> (Thumb, 96 bytes, Stack size 16 bytes, hdlc_serial1.o(.text))
<BR><BR>[Stack]<UL><LI>Max Depth = 16<LI>Call Chain = putuart1char
</UL>
<BR>[Calls]<UL><LI><a href="#[200]">&gt;&gt;</a>&nbsp;&nbsp;&nbsp;__set_PRIMASK
<LI><a href="#[1ff]">&gt;&gt;</a>&nbsp;&nbsp;&nbsp;__get_PRIMASK
<LI><a href="#[1fe]">&gt;&gt;</a>&nbsp;&nbsp;&nbsp;send_serial1_one_char
</UL>
<BR>[Called By]<UL><LI><a href="#[1da]">&gt;&gt;</a>&nbsp;&nbsp;&nbsp;serial1_write
</UL>

<P><STRONG><a name="[203]"></a>getuart1Char</STRONG> (Thumb, 104 bytes, Stack size 16 bytes, hdlc_serial1.o(.text))
<BR><BR>[Stack]<UL><LI>Max Depth = 44<LI>Call Chain = getuart1Char &rArr; __aeabi_idivmod &rArr; __aeabi_uidivmod
</UL>
<BR>[Calls]<UL><LI><a href="#[8c]">&gt;&gt;</a>&nbsp;&nbsp;&nbsp;__aeabi_idivmod
<LI><a href="#[200]">&gt;&gt;</a>&nbsp;&nbsp;&nbsp;__set_PRIMASK
<LI><a href="#[1ff]">&gt;&gt;</a>&nbsp;&nbsp;&nbsp;__get_PRIMASK
</UL>
<BR>[Called By]<UL><LI><a href="#[1f2]">&gt;&gt;</a>&nbsp;&nbsp;&nbsp;serial1_read
</UL>

<P><STRONG><a name="[1ff]"></a>__get_PRIMASK</STRONG> (Thumb, 6 bytes, Stack size 0 bytes, hdlc_serial1.o(.text))
<BR><BR>[Called By]<UL><LI><a href="#[203]">&gt;&gt;</a>&nbsp;&nbsp;&nbsp;getuart1Char
<LI><a href="#[202]">&gt;&gt;</a>&nbsp;&nbsp;&nbsp;putuart1char
<LI><a href="#[1fc]">&gt;&gt;</a>&nbsp;&nbsp;&nbsp;Serial1_init
<LI><a href="#[1df]">&gt;&gt;</a>&nbsp;&nbsp;&nbsp;serial1_flush
</UL>

<P><STRONG><a name="[200]"></a>__set_PRIMASK</STRONG> (Thumb, 6 bytes, Stack size 0 bytes, hdlc_serial1.o(.text))
<BR><BR>[Called By]<UL><LI><a href="#[203]">&gt;&gt;</a>&nbsp;&nbsp;&nbsp;getuart1Char
<LI><a href="#[202]">&gt;&gt;</a>&nbsp;&nbsp;&nbsp;putuart1char
<LI><a href="#[1fc]">&gt;&gt;</a>&nbsp;&nbsp;&nbsp;Serial1_init
<LI><a href="#[1df]">&gt;&gt;</a>&nbsp;&nbsp;&nbsp;serial1_flush
</UL>

<P><STRONG><a name="[204]"></a>send_serial2_one_char</STRONG> (Thumb, 52 bytes, Stack size 0 bytes, hdlc_serial2.o(.text))
<BR><BR>[Called By]<UL><LI><a href="#[207]">&gt;&gt;</a>&nbsp;&nbsp;&nbsp;putuart2char
<LI><a href="#[28]">&gt;&gt;</a>&nbsp;&nbsp;&nbsp;hdlc_serial2_txisr
</UL>

<P><STRONG><a name="[205]"></a>__get_PRIMASK</STRONG> (Thumb, 6 bytes, Stack size 0 bytes, hdlc_serial2.o(.text))
<BR><BR>[Called By]<UL><LI><a href="#[208]">&gt;&gt;</a>&nbsp;&nbsp;&nbsp;getuart2Char
<LI><a href="#[207]">&gt;&gt;</a>&nbsp;&nbsp;&nbsp;putuart2char
<LI><a href="#[1fd]">&gt;&gt;</a>&nbsp;&nbsp;&nbsp;Serial2_init
<LI><a href="#[1e0]">&gt;&gt;</a>&nbsp;&nbsp;&nbsp;serial2_flush
</UL>

<P><STRONG><a name="[206]"></a>__set_PRIMASK</STRONG> (Thumb, 6 bytes, Stack size 0 bytes, hdlc_serial2.o(.text))
<BR><BR>[Called By]<UL><LI><a href="#[208]">&gt;&gt;</a>&nbsp;&nbsp;&nbsp;getuart2Char
<LI><a href="#[207]">&gt;&gt;</a>&nbsp;&nbsp;&nbsp;putuart2char
<LI><a href="#[1fd]">&gt;&gt;</a>&nbsp;&nbsp;&nbsp;Serial2_init
<LI><a href="#[1e0]">&gt;&gt;</a>&nbsp;&nbsp;&nbsp;serial2_flush
</UL>

<P><STRONG><a name="[209]"></a>reset_LN_APDU_elements</STRONG> (Thumb, 120 bytes, Stack size 8 bytes, dlms_obj_mgr.o(.text))
<BR><BR>[Stack]<UL><LI>Max Depth = 308<LI>Call Chain = reset_LN_APDU_elements &rArr; get_assoc_ln_class_data &rArr; ber_encode_oid &rArr; ber_encode_tag &rArr; __aeabi_idivmod &rArr; __aeabi_uidivmod
</UL>
<BR>[Calls]<UL><LI><a href="#[20e]">&gt;&gt;</a>&nbsp;&nbsp;&nbsp;set_singleaction_sch_class_data
<LI><a href="#[20d]">&gt;&gt;</a>&nbsp;&nbsp;&nbsp;set_activity_calendar_class_data
<LI><a href="#[20b]">&gt;&gt;</a>&nbsp;&nbsp;&nbsp;get_profile_generic_class_data
<LI><a href="#[20a]">&gt;&gt;</a>&nbsp;&nbsp;&nbsp;get_assoc_ln_class_data
<LI><a href="#[20c]">&gt;&gt;</a>&nbsp;&nbsp;&nbsp;get_activity_calendar_class_data
</UL>
<BR>[Called By]<UL><LI><a href="#[1d2]">&gt;&gt;</a>&nbsp;&nbsp;&nbsp;reset_server_state
<LI><a href="#[1d4]">&gt;&gt;</a>&nbsp;&nbsp;&nbsp;process_get_request
<LI><a href="#[1d6]">&gt;&gt;</a>&nbsp;&nbsp;&nbsp;process_action_request
</UL>
<P>
<H3>
Undefined Global Symbols
</H3>
<P><STRONG><a name="[2f]"></a>__arm_fini_</STRONG> (Unknown, 0 bytes, Stack size 0 bytes, UNDEFINED)
<BR><BR>[Called By]<UL><LI><a href="#[2e]">&gt;&gt;</a>&nbsp;&nbsp;&nbsp;__rt_lib_shutdown_fini
</UL>
<HR></body></html>
